Archive member included to satisfy reference by file (symbol)

/opt/st/stm32cubeide_1.12.0/plugins/com.st.stm32cube.ide.mcu.externaltools.gnu-tools-for-stm32.10.3-2021.10.linux64_1.0.200.202301161003/tools/bin/../lib/gcc/arm-none-eabi/10.3.1/../../../../arm-none-eabi/lib/thumb/v7e-m+fp/hard/libc_nano.a(lib_a-errno.o)
                              ./Core/Src/syscalls.o (__errno)
/opt/st/stm32cubeide_1.12.0/plugins/com.st.stm32cube.ide.mcu.externaltools.gnu-tools-for-stm32.10.3-2021.10.linux64_1.0.200.202301161003/tools/bin/../lib/gcc/arm-none-eabi/10.3.1/../../../../arm-none-eabi/lib/thumb/v7e-m+fp/hard/libc_nano.a(lib_a-exit.o)
                              /opt/st/stm32cubeide_1.12.0/plugins/com.st.stm32cube.ide.mcu.externaltools.gnu-tools-for-stm32.10.3-2021.10.linux64_1.0.200.202301161003/tools/bin/../lib/gcc/arm-none-eabi/10.3.1/../../../../arm-none-eabi/lib/thumb/v7e-m+fp/hard/crt0.o (exit)
/opt/st/stm32cubeide_1.12.0/plugins/com.st.stm32cube.ide.mcu.externaltools.gnu-tools-for-stm32.10.3-2021.10.linux64_1.0.200.202301161003/tools/bin/../lib/gcc/arm-none-eabi/10.3.1/../../../../arm-none-eabi/lib/thumb/v7e-m+fp/hard/libc_nano.a(lib_a-impure.o)
                              /opt/st/stm32cubeide_1.12.0/plugins/com.st.stm32cube.ide.mcu.externaltools.gnu-tools-for-stm32.10.3-2021.10.linux64_1.0.200.202301161003/tools/bin/../lib/gcc/arm-none-eabi/10.3.1/../../../../arm-none-eabi/lib/thumb/v7e-m+fp/hard/libc_nano.a(lib_a-exit.o) (_global_impure_ptr)
/opt/st/stm32cubeide_1.12.0/plugins/com.st.stm32cube.ide.mcu.externaltools.gnu-tools-for-stm32.10.3-2021.10.linux64_1.0.200.202301161003/tools/bin/../lib/gcc/arm-none-eabi/10.3.1/../../../../arm-none-eabi/lib/thumb/v7e-m+fp/hard/libc_nano.a(lib_a-init.o)
                              /opt/st/stm32cubeide_1.12.0/plugins/com.st.stm32cube.ide.mcu.externaltools.gnu-tools-for-stm32.10.3-2021.10.linux64_1.0.200.202301161003/tools/bin/../lib/gcc/arm-none-eabi/10.3.1/../../../../arm-none-eabi/lib/thumb/v7e-m+fp/hard/crt0.o (__libc_init_array)
/opt/st/stm32cubeide_1.12.0/plugins/com.st.stm32cube.ide.mcu.externaltools.gnu-tools-for-stm32.10.3-2021.10.linux64_1.0.200.202301161003/tools/bin/../lib/gcc/arm-none-eabi/10.3.1/../../../../arm-none-eabi/lib/thumb/v7e-m+fp/hard/libc_nano.a(lib_a-memset.o)
                              /opt/st/stm32cubeide_1.12.0/plugins/com.st.stm32cube.ide.mcu.externaltools.gnu-tools-for-stm32.10.3-2021.10.linux64_1.0.200.202301161003/tools/bin/../lib/gcc/arm-none-eabi/10.3.1/../../../../arm-none-eabi/lib/thumb/v7e-m+fp/hard/crt0.o (memset)
/opt/st/stm32cubeide_1.12.0/plugins/com.st.stm32cube.ide.mcu.externaltools.gnu-tools-for-stm32.10.3-2021.10.linux64_1.0.200.202301161003/tools/bin/../lib/gcc/arm-none-eabi/10.3.1/../../../../arm-none-eabi/lib/thumb/v7e-m+fp/hard/libc_nano.a(lib_a-sscanf.o)
                              ./W25Q64/DataConversion.o (sscanf)
/opt/st/stm32cubeide_1.12.0/plugins/com.st.stm32cube.ide.mcu.externaltools.gnu-tools-for-stm32.10.3-2021.10.linux64_1.0.200.202301161003/tools/bin/../lib/gcc/arm-none-eabi/10.3.1/../../../../arm-none-eabi/lib/thumb/v7e-m+fp/hard/libc_nano.a(lib_a-stdio.o)
                              /opt/st/stm32cubeide_1.12.0/plugins/com.st.stm32cube.ide.mcu.externaltools.gnu-tools-for-stm32.10.3-2021.10.linux64_1.0.200.202301161003/tools/bin/../lib/gcc/arm-none-eabi/10.3.1/../../../../arm-none-eabi/lib/thumb/v7e-m+fp/hard/libc_nano.a(lib_a-sscanf.o) (__seofread)
/opt/st/stm32cubeide_1.12.0/plugins/com.st.stm32cube.ide.mcu.externaltools.gnu-tools-for-stm32.10.3-2021.10.linux64_1.0.200.202301161003/tools/bin/../lib/gcc/arm-none-eabi/10.3.1/../../../../arm-none-eabi/lib/thumb/v7e-m+fp/hard/libc_nano.a(lib_a-strlen.o)
                              /opt/st/stm32cubeide_1.12.0/plugins/com.st.stm32cube.ide.mcu.externaltools.gnu-tools-for-stm32.10.3-2021.10.linux64_1.0.200.202301161003/tools/bin/../lib/gcc/arm-none-eabi/10.3.1/../../../../arm-none-eabi/lib/thumb/v7e-m+fp/hard/libc_nano.a(lib_a-sscanf.o) (strlen)
/opt/st/stm32cubeide_1.12.0/plugins/com.st.stm32cube.ide.mcu.externaltools.gnu-tools-for-stm32.10.3-2021.10.linux64_1.0.200.202301161003/tools/bin/../lib/gcc/arm-none-eabi/10.3.1/../../../../arm-none-eabi/lib/thumb/v7e-m+fp/hard/libc_nano.a(lib_a-writer.o)
                              /opt/st/stm32cubeide_1.12.0/plugins/com.st.stm32cube.ide.mcu.externaltools.gnu-tools-for-stm32.10.3-2021.10.linux64_1.0.200.202301161003/tools/bin/../lib/gcc/arm-none-eabi/10.3.1/../../../../arm-none-eabi/lib/thumb/v7e-m+fp/hard/libc_nano.a(lib_a-stdio.o) (_write_r)
/opt/st/stm32cubeide_1.12.0/plugins/com.st.stm32cube.ide.mcu.externaltools.gnu-tools-for-stm32.10.3-2021.10.linux64_1.0.200.202301161003/tools/bin/../lib/gcc/arm-none-eabi/10.3.1/../../../../arm-none-eabi/lib/thumb/v7e-m+fp/hard/libc_nano.a(lib_a-closer.o)
[...]
Memory Configuration

Name             Origin             Length             Attributes
RAM              0x0000000020000000 0x0000000000020000 xrw
FLASH            0x0000000008000000 0x0000000000080000 xr
*default*        0x0000000000000000 0xffffffffffffffff

Linker script and memory map

LOAD /opt/st/stm32cubeide_1.12.0/plugins/com.st.stm32cube.ide.mcu.externaltools.gnu-tools-for-stm32.10.3-2021.10.linux64_1.0.200.202301161003/tools/bin/../lib/gcc/arm-none-eabi/10.3.1/thumb/v7e-m+fp/hard/crti.o
LOAD /opt/st/stm32cubeide_1.12.0/plugins/com.st.stm32cube.ide.mcu.externaltools.gnu-tools-for-stm32.10.3-2021.10.linux64_1.0.200.202301161003/tools/bin/../lib/gcc/arm-none-eabi/10.3.1/thumb/v7e-m+fp/hard/crtbegin.o
LOAD /opt/st/stm32cubeide_1.12.0/plugins/com.st.stm32cube.ide.mcu.externaltools.gnu-tools-for-stm32.10.3-2021.10.linux64_1.0.200.202301161003/tools/bin/../lib/gcc/arm-none-eabi/10.3.1/../../../../arm-none-eabi/lib/thumb/v7e-m+fp/hard/crt0.o
LOAD ./Core/Src/dma.o
LOAD ./Core/Src/gpio.o
LOAD ./Core/Src/main.o
LOAD ./Core/Src/sdio.o
LOAD ./Core/Src/spi.o
LOAD ./Core/Src/stm32f4xx_hal_msp.o
LOAD ./Core/Src/stm32f4xx_it.o
LOAD ./Core/Src/syscalls.o
LOAD ./Core/Src/sysmem.o
LOAD ./Core/Src/system_stm32f4xx.o
LOAD ./Core/Src/tim.o
LOAD ./Core/Startup/startup_stm32f411ceux.o
LOAD ./Drivers/STM32F4xx_HAL_Driver/Src/stm32f4xx_hal.o
LOAD ./Drivers/STM32F4xx_HAL_Driver/Src/stm32f4xx_hal_cortex.o
LOAD ./Drivers/STM32F4xx_HAL_Driver/Src/stm32f4xx_hal_dma.o
LOAD ./Drivers/STM32F4xx_HAL_Driver/Src/stm32f4xx_hal_dma_ex.o
LOAD ./Drivers/STM32F4xx_HAL_Driver/Src/stm32f4xx_hal_exti.o
LOAD ./Drivers/STM32F4xx_HAL_Driver/Src/stm32f4xx_hal_flash.o
LOAD ./Drivers/STM32F4xx_HAL_Driver/Src/stm32f4xx_hal_flash_ex.o
LOAD ./Drivers/STM32F4xx_HAL_Driver/Src/stm32f4xx_hal_flash_ramfunc.o
LOAD ./Drivers/STM32F4xx_HAL_Driver/Src/stm32f4xx_hal_gpio.o
LOAD ./Drivers/STM32F4xx_HAL_Driver/Src/stm32f4xx_hal_pwr.o
LOAD ./Drivers/STM32F4xx_HAL_Driver/Src/stm32f4xx_hal_pwr_ex.o
LOAD ./Drivers/STM32F4xx_HAL_Driver/Src/stm32f4xx_hal_rcc.o
LOAD ./Drivers/STM32F4xx_HAL_Driver/Src/stm32f4xx_hal_rcc_ex.o
LOAD ./Drivers/STM32F4xx_HAL_Driver/Src/stm32f4xx_hal_sd.o
LOAD ./Drivers/STM32F4xx_HAL_Driver/Src/stm32f4xx_hal_spi.o
LOAD ./Drivers/STM32F4xx_HAL_Driver/Src/stm32f4xx_hal_tim.o
LOAD ./Drivers/STM32F4xx_HAL_Driver/Src/stm32f4xx_hal_tim_ex.o
LOAD ./Drivers/STM32F4xx_HAL_Driver/Src/stm32f4xx_ll_sdmmc.o
LOAD ./FATFS/App/fatfs.o
LOAD ./FATFS/Target/bsp_driver_sd.o
LOAD ./FATFS/Target/sd_diskio.o
LOAD ./GUI/Src/matrix.o
LOAD ./GUI/Src/menu.o
LOAD ./LCD/Src/ST7789V.o
LOAD ./LCD/Src/ST7789V_GFX.o
LOAD ./LCD/Src/XPT2046.o
LOAD ./LCD/Src/fonts.o
LOAD ./Middlewares/Third_Party/FatFs/src/diskio.o
LOAD ./Middlewares/Third_Party/FatFs/src/ff.o
LOAD ./Middlewares/Third_Party/FatFs/src/ff_gen_drv.o
LOAD ./Middlewares/Third_Party/FatFs/src/option/syscall.o
LOAD ./SDCARD/SDDrv.o
LOAD ./SIALGORITHMS/ForwardPass.o
LOAD ./SIALGORITHMS/NeuralNetwork.o
LOAD ./W25Q64/DataConversion.o
LOAD ./W25Q64/W25Q64Drv.o
START GROUP
LOAD /opt/st/stm32cubeide_1.12.0/plugins/com.st.stm32cube.ide.mcu.externaltools.gnu-tools-for-stm32.10.3-2021.10.linux64_1.0.200.202301161003/tools/bin/../lib/gcc/arm-none-eabi/10.3.1/../../../../arm-none-eabi/lib/thumb/v7e-m+fp/hard/libc_nano.a
LOAD /opt/st/stm32cubeide_1.12.0/plugins/com.st.stm32cube.ide.mcu.externaltools.gnu-tools-for-stm32.10.3-2021.10.linux64_1.0.200.202301161003/tools/bin/../lib/gcc/arm-none-eabi/10.3.1/../../../../arm-none-eabi/lib/thumb/v7e-m+fp/hard/libm.a
END GROUP
START GROUP
LOAD /opt/st/stm32cubeide_1.12.0/plugins/com.st.stm32cube.ide.mcu.externaltools.gnu-tools-for-stm32.10.3-2021.10.linux64_1.0.200.202301161003/tools/bin/../lib/gcc/arm-none-eabi/10.3.1/thumb/v7e-m+fp/hard/libgcc.a
LOAD /opt/st/stm32cubeide_1.12.0/plugins/com.st.stm32cube.ide.mcu.externaltools.gnu-tools-for-stm32.10.3-2021.10.linux64_1.0.200.202301161003/tools/bin/../lib/gcc/arm-none-eabi/10.3.1/../../../../arm-none-eabi/lib/thumb/v7e-m+fp/hard/libc_nano.a
END GROUP
START GROUP
LOAD /opt/st/stm32cubeide_1.12.0/plugins/com.st.stm32cube.ide.mcu.externaltools.gnu-tools-for-stm32.10.3-2021.10.linux64_1.0.200.202301161003/tools/bin/../lib/gcc/arm-none-eabi/10.3.1/thumb/v7e-m+fp/hard/libgcc.a
LOAD /opt/st/stm32cubeide_1.12.0/plugins/com.st.stm32cube.ide.mcu.externaltools.gnu-tools-for-stm32.10.3-2021.10.linux64_1.0.200.202301161003/tools/bin/../lib/gcc/arm-none-eabi/10.3.1/../../../../arm-none-eabi/lib/thumb/v7e-m+fp/hard/libc_nano.a
LOAD /opt/st/stm32cubeide_1.12.0/plugins/com.st.stm32cube.ide.mcu.externaltools.gnu-tools-for-stm32.10.3-2021.10.linux64_1.0.200.202301161003/tools/bin/../lib/gcc/arm-none-eabi/10.3.1/../../../../arm-none-eabi/lib/thumb/v7e-m+fp/hard/libnosys.a
END GROUP
START GROUP
LOAD /opt/st/stm32cubeide_1.12.0/plugins/com.st.stm32cube.ide.mcu.externaltools.gnu-tools-for-stm32.10.3-2021.10.linux64_1.0.200.202301161003/tools/bin/../lib/gcc/arm-none-eabi/10.3.1/thumb/v7e-m+fp/hard/libgcc.a
LOAD /opt/st/stm32cubeide_1.12.0/plugins/com.st.stm32cube.ide.mcu.externaltools.gnu-tools-for-stm32.10.3-2021.10.linux64_1.0.200.202301161003/tools/bin/../lib/gcc/arm-none-eabi/10.3.1/../../../../arm-none-eabi/lib/thumb/v7e-m+fp/hard/libc_nano.a
LOAD /opt/st/stm32cubeide_1.12.0/plugins/com.st.stm32cube.ide.mcu.externaltools.gnu-tools-for-stm32.10.3-2021.10.linux64_1.0.200.202301161003/tools/bin/../lib/gcc/arm-none-eabi/10.3.1/../../../../arm-none-eabi/lib/thumb/v7e-m+fp/hard/libnosys.a
END GROUP
LOAD /opt/st/stm32cubeide_1.12.0/plugins/com.st.stm32cube.ide.mcu.externaltools.gnu-tools-for-stm32.10.3-2021.10.linux64_1.0.200.202301161003/tools/bin/../lib/gcc/arm-none-eabi/10.3.1/thumb/v7e-m+fp/hard/crtend.o
LOAD /opt/st/stm32cubeide_1.12.0/plugins/com.st.stm32cube.ide.mcu.externaltools.gnu-tools-for-stm32.10.3-2021.10.linux64_1.0.200.202301161003/tools/bin/../lib/gcc/arm-none-eabi/10.3.1/thumb/v7e-m+fp/hard/crtn.o
                0x0000000020020000                _estack = (ORIGIN (RAM) + LENGTH (RAM))
                0x0000000000000200                _Min_Heap_Size = 0x200
                0x0000000000000400                _Min_Stack_Size = 0x400

.isr_vector     0x0000000008000000      0x198
                0x0000000008000000                . = ALIGN (0x4)
 *(.isr_vector)
 .isr_vector    0x0000000008000000      0x198 ./Core/Startup/startup_stm32f411ceux.o
                0x0000000008000000                g_pfnVectors
                0x0000000008000198                . = ALIGN (0x4)

.text           0x0000000008000198     0x8f78
                0x0000000008000198                . = ALIGN (0x4)
 *(.text)
 .text          0x0000000008000198       0x40 /opt/st/stm32cubeide_1.12.0/plugins/com.st.stm32cube.ide.mcu.externaltools.gnu-tools-for-stm32.10.3-2021.10.linux64_1.0.200.202301161003/tools/bin/../lib/gcc/arm-none-eabi/10.3.1/thumb/v7e-m+fp/hard/crtbegin.o
 .text          0x00000000080001d8      0x378 /opt/st/stm32cubeide_1.12.0/plugins/com.st.stm32cube.ide.mcu.externaltools.gnu-tools-for-stm32.10.3-2021.10.linux64_1.0.200.202301161003/tools/bin/../lib/gcc/arm-none-eabi/10.3.1/thumb/v7e-m+fp/hard/libgcc.a(_arm_addsubdf3.o)
                0x00000000080001d8                __aeabi_drsub
                0x00000000080001e0                __aeabi_dsub
                0x00000000080001e0                __subdf3
                0x00000000080001e4                __adddf3
                0x00000000080001e4                __aeabi_dadd
                0x000000000800045c                __aeabi_ui2d
                0x000000000800045c                __floatunsidf
                0x000000000800047c                __floatsidf
                0x000000000800047c                __aeabi_i2d
                0x00000000080004a0                __extendsfdf2
                0x00000000080004a0                __aeabi_f2d
                0x00000000080004e4                __aeabi_ul2d
                0x00000000080004e4                __floatundidf
                0x00000000080004f4                __floatdidf
                0x00000000080004f4                __aeabi_l2d
 .text          0x0000000008000550      0x424 /opt/st/stm32cubeide_1.12.0/plugins/com.st.stm32cube.ide.mcu.externaltools.gnu-tools-for-stm32.10.3-2021.10.linux64_1.0.200.202301161003/tools/bin/../lib/gcc/arm-none-eabi/10.3.1/thumb/v7e-m+fp/hard/libgcc.a(_arm_muldivdf3.o)
                0x0000000008000550                __aeabi_dmul
                0x0000000008000550                __muldf3
                0x00000000080007a4                __aeabi_ddiv
                0x00000000080007a4                __divdf3
 .text          0x0000000008000974      0x110 /opt/st/stm32cubeide_1.12.0/plugins/com.st.stm32cube.ide.mcu.externaltools.gnu-tools-for-stm32.10.3-2021.10.linux64_1.0.200.202301161003/tools/bin/../lib/gcc/arm-none-eabi/10.3.1/thumb/v7e-m+fp/hard/libgcc.a(_arm_cmpdf2.o)
                0x0000000008000974                __gtdf2
                0x0000000008000974                __gedf2
                0x000000000800097c                __ltdf2
                0x000000000800097c                __ledf2
                0x0000000008000984                __cmpdf2
                0x0000000008000984                __eqdf2
                0x0000000008000984                __nedf2
                0x0000000008000a00                __aeabi_cdrcmple
                0x0000000008000a10                __aeabi_cdcmple
                0x0000000008000a10                __aeabi_cdcmpeq
                0x0000000008000a20                __aeabi_dcmpeq
                0x0000000008000a34                __aeabi_dcmplt
                0x0000000008000a48                __aeabi_dcmple
                0x0000000008000a5c                __aeabi_dcmpge
                0x0000000008000a70                __aeabi_dcmpgt
 .text          0x0000000008000a84       0x30 /opt/st/stm32cubeide_1.12.0/plugins/com.st.stm32cube.ide.mcu.externaltools.gnu-tools-for-stm32.10.3-2021.10.linux64_1.0.200.202301161003/tools/bin/../lib/gcc/arm-none-eabi/10.3.1/thumb/v7e-m+fp/hard/libgcc.a(_aeabi_uldivmod.o)
                0x0000000008000a84                __aeabi_uldivmod
 .text          0x0000000008000ab4      0x2d0 /opt/st/stm32cubeide_1.12.0/plugins/com.st.stm32cube.ide.mcu.externaltools.gnu-tools-for-stm32.10.3-2021.10.linux64_1.0.200.202301161003/tools/bin/../lib/gcc/arm-none-eabi/10.3.1/thumb/v7e-m+fp/hard/libgcc.a(_udivmoddi4.o)
                0x0000000008000ab4                __udivmoddi4
 .text          0x0000000008000d84        0x4 /opt/st/stm32cubeide_1.12.0/plugins/com.st.stm32cube.ide.mcu.externaltools.gnu-tools-for-stm32.10.3-2021.10.linux64_1.0.200.202301161003/tools/bin/../lib/gcc/arm-none-eabi/10.3.1/thumb/v7e-m+fp/hard/libgcc.a(_dvmd_tls.o)
                0x0000000008000d84                __aeabi_ldiv0
                0x0000000008000d84                __aeabi_idiv0
 *(.text*)
 .text.MX_DMA_Init
                0x0000000008000d88       0x60 ./Core/Src/dma.o
                0x0000000008000d88                MX_DMA_Init
 .text.MX_GPIO_Init
                0x0000000008000de8       0xf4 ./Core/Src/gpio.o
                0x0000000008000de8                MX_GPIO_Init
 *fill*         0x0000000008000edc        0x4 
 .text.main     0x0000000008000ee0      0x32c ./Core/Src/main.o
                0x0000000008000ee0                main
 .text.SystemClock_Config
                0x000000000800120c       0xd0 ./Core/Src/main.o
                0x000000000800120c                SystemClock_Config
 .text.Error_Handler
                0x00000000080012dc        0xa ./Core/Src/main.o
                0x00000000080012dc                Error_Handler
 *fill*         0x00000000080012e6        0x2 
 .text.MX_SDIO_SD_Init
                0x00000000080012e8       0x40 ./Core/Src/sdio.o
                0x00000000080012e8                MX_SDIO_SD_Init
 .text.HAL_SD_MspInit
                0x0000000008001328      0x1e0 ./Core/Src/sdio.o
                0x0000000008001328                HAL_SD_MspInit
 .text.MX_SPI1_Init
                0x0000000008001508       0x70 ./Core/Src/spi.o
                0x0000000008001508                MX_SPI1_Init
 .text.MX_SPI3_Init
                0x0000000008001578       0x6c ./Core/Src/spi.o
                0x0000000008001578                MX_SPI3_Init
 .text.MX_SPI4_Init
                0x00000000080015e4       0x6c ./Core/Src/spi.o
                0x00000000080015e4                MX_SPI4_Init
 .text.HAL_SPI_MspInit
                0x0000000008001650      0x248 ./Core/Src/spi.o
                0x0000000008001650                HAL_SPI_MspInit
 .text.HAL_MspInit
                0x0000000008001898       0x50 ./Core/Src/stm32f4xx_hal_msp.o
                0x0000000008001898                HAL_MspInit
 .text.NMI_Handler
                0x00000000080018e8        0x6 ./Core/Src/stm32f4xx_it.o
                0x00000000080018e8                NMI_Handler
 .text.HardFault_Handler
                0x00000000080018ee        0x6 ./Core/Src/stm32f4xx_it.o
                0x00000000080018ee                HardFault_Handler
 .text.MemManage_Handler
                0x00000000080018f4        0x6 ./Core/Src/stm32f4xx_it.o
                0x00000000080018f4                MemManage_Handler
 .text.BusFault_Handler
                0x00000000080018fa        0x6 ./Core/Src/stm32f4xx_it.o
                0x00000000080018fa                BusFault_Handler
 .text.UsageFault_Handler
                0x0000000008001900        0x6 ./Core/Src/stm32f4xx_it.o
                0x0000000008001900                UsageFault_Handler
 .text.SVC_Handler
                0x0000000008001906        0xe ./Core/Src/stm32f4xx_it.o
                0x0000000008001906                SVC_Handler
 .text.DebugMon_Handler
                0x0000000008001914        0xe ./Core/Src/stm32f4xx_it.o
                0x0000000008001914                DebugMon_Handler
 .text.PendSV_Handler
                0x0000000008001922        0xe ./Core/Src/stm32f4xx_it.o
                0x0000000008001922                PendSV_Handler
 .text.SysTick_Handler
                0x0000000008001930        0xc ./Core/Src/stm32f4xx_it.o
                0x0000000008001930                SysTick_Handler
 .text.SDIO_IRQHandler
                0x000000000800193c       0x14 ./Core/Src/stm32f4xx_it.o
                0x000000000800193c                SDIO_IRQHandler
 .text.DMA2_Stream2_IRQHandler
                0x0000000008001950       0x14 ./Core/Src/stm32f4xx_it.o
                0x0000000008001950                DMA2_Stream2_IRQHandler
 .text.DMA2_Stream3_IRQHandler
                0x0000000008001964       0x14 ./Core/Src/stm32f4xx_it.o
                0x0000000008001964                DMA2_Stream3_IRQHandler
 .text.DMA2_Stream6_IRQHandler
                0x0000000008001978       0x14 ./Core/Src/stm32f4xx_it.o
                0x0000000008001978                DMA2_Stream6_IRQHandler
 .text.SystemInit
                0x000000000800198c       0x24 ./Core/Src/system_stm32f4xx.o
                0x000000000800198c                SystemInit
 .text.MX_TIM2_Init
                0x00000000080019b0       0x9c ./Core/Src/tim.o
                0x00000000080019b0                MX_TIM2_Init
 .text.HAL_TIM_Base_MspInit
                0x0000000008001a4c       0x40 ./Core/Src/tim.o
                0x0000000008001a4c                HAL_TIM_Base_MspInit
 .text.Reset_Handler
                0x0000000008001a8c       0x50 ./Core/Startup/startup_stm32f411ceux.o
                0x0000000008001a8c                Reset_Handler
 .text.Default_Handler
                0x0000000008001adc        0x2 ./Core/Startup/startup_stm32f411ceux.o
                0x0000000008001adc                RTC_Alarm_IRQHandler
                0x0000000008001adc                EXTI2_IRQHandler
                0x0000000008001adc                SPI4_IRQHandler
                0x0000000008001adc                TIM1_CC_IRQHandler
                0x0000000008001adc                DMA2_Stream5_IRQHandler
                0x0000000008001adc                DMA1_Stream5_IRQHandler
                0x0000000008001adc                PVD_IRQHandler
                0x0000000008001adc                TAMP_STAMP_IRQHandler
                0x0000000008001adc                EXTI3_IRQHandler
                0x0000000008001adc                TIM1_UP_TIM10_IRQHandler
                0x0000000008001adc                I2C3_ER_IRQHandler
                0x0000000008001adc                EXTI0_IRQHandler
                0x0000000008001adc                I2C2_EV_IRQHandler
                0x0000000008001adc                DMA1_Stream2_IRQHandler
                0x0000000008001adc                FPU_IRQHandler
                0x0000000008001adc                SPI1_IRQHandler
                0x0000000008001adc                TIM1_BRK_TIM9_IRQHandler
                0x0000000008001adc                USART6_IRQHandler
                0x0000000008001adc                DMA2_Stream0_IRQHandler
                0x0000000008001adc                TIM4_IRQHandler
                0x0000000008001adc                I2C1_EV_IRQHandler
                0x0000000008001adc                DMA1_Stream6_IRQHandler
                0x0000000008001adc                DMA1_Stream1_IRQHandler
                0x0000000008001adc                TIM3_IRQHandler
                0x0000000008001adc                RCC_IRQHandler
                0x0000000008001adc                Default_Handler
                0x0000000008001adc                EXTI15_10_IRQHandler
                0x0000000008001adc                ADC_IRQHandler
                0x0000000008001adc                DMA1_Stream7_IRQHandler
                0x0000000008001adc                SPI5_IRQHandler
                0x0000000008001adc                TIM5_IRQHandler
                0x0000000008001adc                DMA2_Stream7_IRQHandler
                0x0000000008001adc                I2C3_EV_IRQHandler
                0x0000000008001adc                EXTI9_5_IRQHandler
                0x0000000008001adc                RTC_WKUP_IRQHandler
                0x0000000008001adc                SPI2_IRQHandler
                0x0000000008001adc                DMA1_Stream0_IRQHandler
                0x0000000008001adc                EXTI4_IRQHandler
                0x0000000008001adc                WWDG_IRQHandler
                0x0000000008001adc                TIM2_IRQHandler
                0x0000000008001adc                OTG_FS_WKUP_IRQHandler
                0x0000000008001adc                TIM1_TRG_COM_TIM11_IRQHandler
                0x0000000008001adc                EXTI1_IRQHandler
                0x0000000008001adc                USART2_IRQHandler
                0x0000000008001adc                I2C2_ER_IRQHandler
                0x0000000008001adc                DMA2_Stream1_IRQHandler
                0x0000000008001adc                FLASH_IRQHandler
                0x0000000008001adc                DMA2_Stream4_IRQHandler
                0x0000000008001adc                USART1_IRQHandler
                0x0000000008001adc                OTG_FS_IRQHandler
                0x0000000008001adc                SPI3_IRQHandler
                0x0000000008001adc                DMA1_Stream4_IRQHandler
                0x0000000008001adc                I2C1_ER_IRQHandler
                0x0000000008001adc                DMA1_Stream3_IRQHandler
 *fill*         0x0000000008001ade        0x2 
 .text.HAL_Init
                0x0000000008001ae0       0x44 ./Drivers/STM32F4xx_HAL_Driver/Src/stm32f4xx_hal.o
                0x0000000008001ae0                HAL_Init
 .text.HAL_InitTick
                0x0000000008001b24       0x60 ./Drivers/STM32F4xx_HAL_Driver/Src/stm32f4xx_hal.o
                0x0000000008001b24                HAL_InitTick
 .text.HAL_IncTick
                0x0000000008001b84       0x28 ./Drivers/STM32F4xx_HAL_Driver/Src/stm32f4xx_hal.o
                0x0000000008001b84                HAL_IncTick
 .text.HAL_GetTick
                0x0000000008001bac       0x18 ./Drivers/STM32F4xx_HAL_Driver/Src/stm32f4xx_hal.o
                0x0000000008001bac                HAL_GetTick
 .text.HAL_Delay
                0x0000000008001bc4       0x48 ./Drivers/STM32F4xx_HAL_Driver/Src/stm32f4xx_hal.o
                0x0000000008001bc4                HAL_Delay
 .text.__NVIC_SetPriorityGrouping
                0x0000000008001c0c       0x48 ./Drivers/STM32F4xx_HAL_Driver/Src/stm32f4xx_hal_cortex.o
 .text.__NVIC_GetPriorityGrouping
                0x0000000008001c54       0x1c ./Drivers/STM32F4xx_HAL_Driver/Src/stm32f4xx_hal_cortex.o
 .text.__NVIC_EnableIRQ
                0x0000000008001c70       0x3c ./Drivers/STM32F4xx_HAL_Driver/Src/stm32f4xx_hal_cortex.o
 .text.__NVIC_SetPriority
                0x0000000008001cac       0x54 ./Drivers/STM32F4xx_HAL_Driver/Src/stm32f4xx_hal_cortex.o
 .text.NVIC_EncodePriority
                0x0000000008001d00       0x66 ./Drivers/STM32F4xx_HAL_Driver/Src/stm32f4xx_hal_cortex.o
 *fill*         0x0000000008001d66        0x2 
 .text.SysTick_Config
                0x0000000008001d68       0x44 ./Drivers/STM32F4xx_HAL_Driver/Src/stm32f4xx_hal_cortex.o
 .text.HAL_NVIC_SetPriorityGrouping
                0x0000000008001dac       0x16 ./Drivers/STM32F4xx_HAL_Driver/Src/stm32f4xx_hal_cortex.o
                0x0000000008001dac                HAL_NVIC_SetPriorityGrouping
 .text.HAL_NVIC_SetPriority
                0x0000000008001dc2       0x38 ./Drivers/STM32F4xx_HAL_Driver/Src/stm32f4xx_hal_cortex.o
                0x0000000008001dc2                HAL_NVIC_SetPriority
 .text.HAL_NVIC_EnableIRQ
                0x0000000008001dfa       0x1c ./Drivers/STM32F4xx_HAL_Driver/Src/stm32f4xx_hal_cortex.o
                0x0000000008001dfa                HAL_NVIC_EnableIRQ
 .text.HAL_SYSTICK_Config
                0x0000000008001e16       0x18 ./Drivers/STM32F4xx_HAL_Driver/Src/stm32f4xx_hal_cortex.o
                0x0000000008001e16                HAL_SYSTICK_Config
 *fill*         0x0000000008001e2e        0x2 
 .text.HAL_DMA_Init
                0x0000000008001e30      0x15c ./Drivers/STM32F4xx_HAL_Driver/Src/stm32f4xx_hal_dma.o
                0x0000000008001e30                HAL_DMA_Init
 .text.HAL_DMA_Start_IT
                0x0000000008001f8c       0xb0 ./Drivers/STM32F4xx_HAL_Driver/Src/stm32f4xx_hal_dma.o
                0x0000000008001f8c                HAL_DMA_Start_IT
 .text.HAL_DMA_Abort_IT
                0x000000000800203c       0x44 ./Drivers/STM32F4xx_HAL_Driver/Src/stm32f4xx_hal_dma.o
                0x000000000800203c                HAL_DMA_Abort_IT
 .text.HAL_DMA_IRQHandler
                0x0000000008002080      0x314 ./Drivers/STM32F4xx_HAL_Driver/Src/stm32f4xx_hal_dma.o
                0x0000000008002080                HAL_DMA_IRQHandler
 .text.HAL_DMA_GetError
                0x0000000008002394       0x18 ./Drivers/STM32F4xx_HAL_Driver/Src/stm32f4xx_hal_dma.o
                0x0000000008002394                HAL_DMA_GetError
 .text.DMA_SetConfig
                0x00000000080023ac       0x5c ./Drivers/STM32F4xx_HAL_Driver/Src/stm32f4xx_hal_dma.o
 .text.DMA_CalcBaseAndBitshift
                0x0000000008002408       0x6c ./Drivers/STM32F4xx_HAL_Driver/Src/stm32f4xx_hal_dma.o
 .text.DMA_CheckFifoParam
                0x0000000008002474       0xf8 ./Drivers/STM32F4xx_HAL_Driver/Src/stm32f4xx_hal_dma.o
 .text.HAL_GPIO_Init
                0x000000000800256c      0x308 ./Drivers/STM32F4xx_HAL_Driver/Src/stm32f4xx_hal_gpio.o
                0x000000000800256c                HAL_GPIO_Init
 .text.HAL_GPIO_ReadPin
                0x0000000008002874       0x30 ./Drivers/STM32F4xx_HAL_Driver/Src/stm32f4xx_hal_gpio.o
                0x0000000008002874                HAL_GPIO_ReadPin
 .text.HAL_GPIO_WritePin
                0x00000000080028a4       0x32 ./Drivers/STM32F4xx_HAL_Driver/Src/stm32f4xx_hal_gpio.o
                0x00000000080028a4                HAL_GPIO_WritePin
 *fill*         0x00000000080028d6        0x2 
 .text.HAL_RCC_OscConfig
                0x00000000080028d8      0x4f0 ./Drivers/STM32F4xx_HAL_Driver/Src/stm32f4xx_hal_rcc.o
                0x00000000080028d8                HAL_RCC_OscConfig
 .text.HAL_RCC_ClockConfig
                0x0000000008002dc8      0x1cc ./Drivers/STM32F4xx_HAL_Driver/Src/stm32f4xx_hal_rcc.o
                0x0000000008002dc8                HAL_RCC_ClockConfig
 .text.HAL_RCC_GetSysClockFreq
                0x0000000008002f94      0x18c ./Drivers/STM32F4xx_HAL_Driver/Src/stm32f4xx_hal_rcc.o
                0x0000000008002f94                HAL_RCC_GetSysClockFreq
 .text.HAL_SD_Init
                0x0000000008003120       0x60 ./Drivers/STM32F4xx_HAL_Driver/Src/stm32f4xx_hal_sd.o
                0x0000000008003120                HAL_SD_Init
 .text.HAL_SD_InitCard
                0x0000000008003180      0x100 ./Drivers/STM32F4xx_HAL_Driver/Src/stm32f4xx_hal_sd.o
                0x0000000008003180                HAL_SD_InitCard
 .text.HAL_SD_ReadBlocks_DMA
                0x0000000008003280      0x1c4 ./Drivers/STM32F4xx_HAL_Driver/Src/stm32f4xx_hal_sd.o
                0x0000000008003280                HAL_SD_ReadBlocks_DMA
 .text.HAL_SD_WriteBlocks_DMA
                0x0000000008003444      0x1cc ./Drivers/STM32F4xx_HAL_Driver/Src/stm32f4xx_hal_sd.o
                0x0000000008003444                HAL_SD_WriteBlocks_DMA
 .text.HAL_SD_IRQHandler
                0x0000000008003610      0x30c ./Drivers/STM32F4xx_HAL_Driver/Src/stm32f4xx_hal_sd.o
                0x0000000008003610                HAL_SD_IRQHandler
 .text.HAL_SD_ErrorCallback
                0x000000000800391c       0x14 ./Drivers/STM32F4xx_HAL_Driver/Src/stm32f4xx_hal_sd.o
                0x000000000800391c                HAL_SD_ErrorCallback
 .text.HAL_SD_GetCardCSD
                0x0000000008003930      0x348 ./Drivers/STM32F4xx_HAL_Driver/Src/stm32f4xx_hal_sd.o
                0x0000000008003930                HAL_SD_GetCardCSD
 .text.HAL_SD_GetCardInfo
                0x0000000008003c78       0x58 ./Drivers/STM32F4xx_HAL_Driver/Src/stm32f4xx_hal_sd.o
                0x0000000008003c78                HAL_SD_GetCardInfo
 .text.HAL_SD_GetCardState
                0x0000000008003cd0       0x40 ./Drivers/STM32F4xx_HAL_Driver/Src/stm32f4xx_hal_sd.o
                0x0000000008003cd0                HAL_SD_GetCardState
 .text.SD_DMATransmitCplt
                0x0000000008003d10       0x2a ./Drivers/STM32F4xx_HAL_Driver/Src/stm32f4xx_hal_sd.o
 .text.SD_DMAReceiveCplt
                0x0000000008003d3a       0x70 ./Drivers/STM32F4xx_HAL_Driver/Src/stm32f4xx_hal_sd.o
 *fill*         0x0000000008003daa        0x2 
 .text.SD_DMAError
                0x0000000008003dac       0xa4 ./Drivers/STM32F4xx_HAL_Driver/Src/stm32f4xx_hal_sd.o
 .text.SD_DMATxAbort
                0x0000000008003e50       0x6e ./Drivers/STM32F4xx_HAL_Driver/Src/stm32f4xx_hal_sd.o
 .text.SD_DMARxAbort
                0x0000000008003ebe       0x6e ./Drivers/STM32F4xx_HAL_Driver/Src/stm32f4xx_hal_sd.o
 .text.SD_InitCard
                0x0000000008003f2c      0x19c ./Drivers/STM32F4xx_HAL_Driver/Src/stm32f4xx_hal_sd.o
 .text.SD_PowerON
                0x00000000080040c8      0x11c ./Drivers/STM32F4xx_HAL_Driver/Src/stm32f4xx_hal_sd.o
 .text.SD_SendStatus
                0x00000000080041e4       0x50 ./Drivers/STM32F4xx_HAL_Driver/Src/stm32f4xx_hal_sd.o
 .text.SD_Read_IT
                0x0000000008004234       0xa2 ./Drivers/STM32F4xx_HAL_Driver/Src/stm32f4xx_hal_sd.o
 .text.SD_Write_IT
                0x00000000080042d6       0xaa ./Drivers/STM32F4xx_HAL_Driver/Src/stm32f4xx_hal_sd.o
 .text.HAL_SPI_Init
                0x0000000008004380      0x112 ./Drivers/STM32F4xx_HAL_Driver/Src/stm32f4xx_hal_spi.o
                0x0000000008004380                HAL_SPI_Init
 .text.HAL_SPI_Transmit
                0x0000000008004492      0x278 ./Drivers/STM32F4xx_HAL_Driver/Src/stm32f4xx_hal_spi.o
                0x0000000008004492                HAL_SPI_Transmit
 .text.HAL_SPI_Receive
                0x000000000800470a      0x222 ./Drivers/STM32F4xx_HAL_Driver/Src/stm32f4xx_hal_spi.o
                0x000000000800470a                HAL_SPI_Receive
 .text.HAL_SPI_TransmitReceive
                0x000000000800492c      0x344 ./Drivers/STM32F4xx_HAL_Driver/Src/stm32f4xx_hal_spi.o
                0x000000000800492c                HAL_SPI_TransmitReceive
 .text.HAL_SPI_Transmit_DMA
                0x0000000008004c70      0x16c ./Drivers/STM32F4xx_HAL_Driver/Src/stm32f4xx_hal_spi.o
                0x0000000008004c70                HAL_SPI_Transmit_DMA
 .text.HAL_SPI_TxCpltCallback
                0x0000000008004ddc       0x14 ./Drivers/STM32F4xx_HAL_Driver/Src/stm32f4xx_hal_spi.o
                0x0000000008004ddc                HAL_SPI_TxCpltCallback
 .text.HAL_SPI_TxHalfCpltCallback
                0x0000000008004df0       0x14 ./Drivers/STM32F4xx_HAL_Driver/Src/stm32f4xx_hal_spi.o
                0x0000000008004df0                HAL_SPI_TxHalfCpltCallback
 .text.HAL_SPI_ErrorCallback
                0x0000000008004e04       0x14 ./Drivers/STM32F4xx_HAL_Driver/Src/stm32f4xx_hal_spi.o
                0x0000000008004e04                HAL_SPI_ErrorCallback
 .text.SPI_DMATransmitCplt
                0x0000000008004e18       0xa8 ./Drivers/STM32F4xx_HAL_Driver/Src/stm32f4xx_hal_spi.o
 .text.SPI_DMAHalfTransmitCplt
                0x0000000008004ec0       0x1c ./Drivers/STM32F4xx_HAL_Driver/Src/stm32f4xx_hal_spi.o
 .text.SPI_DMAError
                0x0000000008004edc       0x40 ./Drivers/STM32F4xx_HAL_Driver/Src/stm32f4xx_hal_spi.o
 .text.SPI_WaitFlagStateUntilTimeout
                0x0000000008004f1c      0x110 ./Drivers/STM32F4xx_HAL_Driver/Src/stm32f4xx_hal_spi.o
 .text.SPI_EndRxTransaction
                0x000000000800502c       0xca ./Drivers/STM32F4xx_HAL_Driver/Src/stm32f4xx_hal_spi.o
 *fill*         0x00000000080050f6        0x2 
 .text.SPI_EndRxTxTransaction
                0x00000000080050f8       0x84 ./Drivers/STM32F4xx_HAL_Driver/Src/stm32f4xx_hal_spi.o
 .text.HAL_TIM_Base_Init
                0x000000000800517c       0x9e ./Drivers/STM32F4xx_HAL_Driver/Src/stm32f4xx_hal_tim.o
                0x000000000800517c                HAL_TIM_Base_Init
 *fill*         0x000000000800521a        0x2 
 .text.HAL_TIM_Base_Start
                0x000000000800521c       0xb4 ./Drivers/STM32F4xx_HAL_Driver/Src/stm32f4xx_hal_tim.o
                0x000000000800521c                HAL_TIM_Base_Start
 .text.HAL_TIM_ConfigClockSource
                0x00000000080052d0      0x18e ./Drivers/STM32F4xx_HAL_Driver/Src/stm32f4xx_hal_tim.o
                0x00000000080052d0                HAL_TIM_ConfigClockSource
 *fill*         0x000000000800545e        0x2 
 .text.TIM_Base_SetConfig
                0x0000000008005460      0x100 ./Drivers/STM32F4xx_HAL_Driver/Src/stm32f4xx_hal_tim.o
                0x0000000008005460                TIM_Base_SetConfig
 .text.TIM_TI1_ConfigInputStage
                0x0000000008005560       0x5e ./Drivers/STM32F4xx_HAL_Driver/Src/stm32f4xx_hal_tim.o
 .text.TIM_TI2_ConfigInputStage
                0x00000000080055be       0x60 ./Drivers/STM32F4xx_HAL_Driver/Src/stm32f4xx_hal_tim.o
 .text.TIM_ITRx_SetConfig
                0x000000000800561e       0x36 ./Drivers/STM32F4xx_HAL_Driver/Src/stm32f4xx_hal_tim.o
 .text.TIM_ETR_SetConfig
                0x0000000008005654       0x40 ./Drivers/STM32F4xx_HAL_Driver/Src/stm32f4xx_hal_tim.o
                0x0000000008005654                TIM_ETR_SetConfig
 .text.HAL_TIMEx_MasterConfigSynchronization
                0x0000000008005694       0xdc ./Drivers/STM32F4xx_HAL_Driver/Src/stm32f4xx_hal_tim_ex.o
                0x0000000008005694                HAL_TIMEx_MasterConfigSynchronization
 .text.SDIO_Init
                0x0000000008005770       0x56 ./Drivers/STM32F4xx_HAL_Driver/Src/stm32f4xx_ll_sdmmc.o
                0x0000000008005770                SDIO_Init
 .text.SDIO_ReadFIFO
                0x00000000080057c6       0x1a ./Drivers/STM32F4xx_HAL_Driver/Src/stm32f4xx_ll_sdmmc.o
                0x00000000080057c6                SDIO_ReadFIFO
 .text.SDIO_WriteFIFO
                0x00000000080057e0       0x22 ./Drivers/STM32F4xx_HAL_Driver/Src/stm32f4xx_ll_sdmmc.o
                0x00000000080057e0                SDIO_WriteFIFO
 .text.SDIO_PowerState_ON
                0x0000000008005802       0x1c ./Drivers/STM32F4xx_HAL_Driver/Src/stm32f4xx_ll_sdmmc.o
                0x0000000008005802                SDIO_PowerState_ON
 .text.SDIO_GetPowerState
                0x000000000800581e       0x1c ./Drivers/STM32F4xx_HAL_Driver/Src/stm32f4xx_ll_sdmmc.o
                0x000000000800581e                SDIO_GetPowerState
 .text.SDIO_SendCommand
                0x000000000800583a       0x54 ./Drivers/STM32F4xx_HAL_Driver/Src/stm32f4xx_ll_sdmmc.o
                0x000000000800583a                SDIO_SendCommand
 .text.SDIO_GetCommandResponse
                0x000000000800588e       0x1a ./Drivers/STM32F4xx_HAL_Driver/Src/stm32f4xx_ll_sdmmc.o
                0x000000000800588e                SDIO_GetCommandResponse
 .text.SDIO_GetResponse
                0x00000000080058a8       0x26 ./Drivers/STM32F4xx_HAL_Driver/Src/stm32f4xx_ll_sdmmc.o
                0x00000000080058a8                SDIO_GetResponse
 .text.SDIO_ConfigData
                0x00000000080058ce       0x58 ./Drivers/STM32F4xx_HAL_Driver/Src/stm32f4xx_ll_sdmmc.o
                0x00000000080058ce                SDIO_ConfigData
 .text.SDMMC_CmdBlockLength
                0x0000000008005926       0x44 ./Drivers/STM32F4xx_HAL_Driver/Src/stm32f4xx_ll_sdmmc.o
                0x0000000008005926                SDMMC_CmdBlockLength
 .text.SDMMC_CmdReadSingleBlock
                0x000000000800596a       0x44 ./Drivers/STM32F4xx_HAL_Driver/Src/stm32f4xx_ll_sdmmc.o
                0x000000000800596a                SDMMC_CmdReadSingleBlock
 .text.SDMMC_CmdReadMultiBlock
                0x00000000080059ae       0x44 ./Drivers/STM32F4xx_HAL_Driver/Src/stm32f4xx_ll_sdmmc.o
                0x00000000080059ae                SDMMC_CmdReadMultiBlock
 .text.SDMMC_CmdWriteSingleBlock
                0x00000000080059f2       0x44 ./Drivers/STM32F4xx_HAL_Driver/Src/stm32f4xx_ll_sdmmc.o
                0x00000000080059f2                SDMMC_CmdWriteSingleBlock
 .text.SDMMC_CmdWriteMultiBlock
                0x0000000008005a36       0x44 ./Drivers/STM32F4xx_HAL_Driver/Src/stm32f4xx_ll_sdmmc.o
                0x0000000008005a36                SDMMC_CmdWriteMultiBlock
 *fill*         0x0000000008005a7a        0x2 
 .text.SDMMC_CmdStopTransfer
                0x0000000008005a7c       0x44 ./Drivers/STM32F4xx_HAL_Driver/Src/stm32f4xx_ll_sdmmc.o
                0x0000000008005a7c                SDMMC_CmdStopTransfer
 .text.SDMMC_CmdSelDesel
                0x0000000008005ac0       0x46 ./Drivers/STM32F4xx_HAL_Driver/Src/stm32f4xx_ll_sdmmc.o
                0x0000000008005ac0                SDMMC_CmdSelDesel
 .text.SDMMC_CmdGoIdleState
                0x0000000008005b06       0x3c ./Drivers/STM32F4xx_HAL_Driver/Src/stm32f4xx_ll_sdmmc.o
                0x0000000008005b06                SDMMC_CmdGoIdleState
 .text.SDMMC_CmdOperCond
                0x0000000008005b42       0x3e ./Drivers/STM32F4xx_HAL_Driver/Src/stm32f4xx_ll_sdmmc.o
                0x0000000008005b42                SDMMC_CmdOperCond
 .text.SDMMC_CmdAppCommand
                0x0000000008005b80       0x44 ./Drivers/STM32F4xx_HAL_Driver/Src/stm32f4xx_ll_sdmmc.o
                0x0000000008005b80                SDMMC_CmdAppCommand
 .text.SDMMC_CmdAppOperCommand
                0x0000000008005bc4       0x46 ./Drivers/STM32F4xx_HAL_Driver/Src/stm32f4xx_ll_sdmmc.o
                0x0000000008005bc4                SDMMC_CmdAppOperCommand
 .text.SDMMC_CmdSendCID
                0x0000000008005c0a       0x3c ./Drivers/STM32F4xx_HAL_Driver/Src/stm32f4xx_ll_sdmmc.o
                0x0000000008005c0a                SDMMC_CmdSendCID
 .text.SDMMC_CmdSendCSD
                0x0000000008005c46       0x3e ./Drivers/STM32F4xx_HAL_Driver/Src/stm32f4xx_ll_sdmmc.o
                0x0000000008005c46                SDMMC_CmdSendCSD
 .text.SDMMC_CmdSetRelAdd
                0x0000000008005c84       0x42 ./Drivers/STM32F4xx_HAL_Driver/Src/stm32f4xx_ll_sdmmc.o
                0x0000000008005c84                SDMMC_CmdSetRelAdd
 .text.SDMMC_CmdSendStatus
                0x0000000008005cc6       0x44 ./Drivers/STM32F4xx_HAL_Driver/Src/stm32f4xx_ll_sdmmc.o
                0x0000000008005cc6                SDMMC_CmdSendStatus
 *fill*         0x0000000008005d0a        0x2 
 .text.SDMMC_GetCmdResp1
                0x0000000008005d0c      0x1dc ./Drivers/STM32F4xx_HAL_Driver/Src/stm32f4xx_ll_sdmmc.o
                0x0000000008005d0c                SDMMC_GetCmdResp1
 .text.SDMMC_GetCmdResp2
                0x0000000008005ee8       0x90 ./Drivers/STM32F4xx_HAL_Driver/Src/stm32f4xx_ll_sdmmc.o
                0x0000000008005ee8                SDMMC_GetCmdResp2
 .text.SDMMC_GetCmdResp3
                0x0000000008005f78       0x7c ./Drivers/STM32F4xx_HAL_Driver/Src/stm32f4xx_ll_sdmmc.o
                0x0000000008005f78                SDMMC_GetCmdResp3
 .text.SDMMC_GetCmdResp6
                0x0000000008005ff4       0xec ./Drivers/STM32F4xx_HAL_Driver/Src/stm32f4xx_ll_sdmmc.o
                0x0000000008005ff4                SDMMC_GetCmdResp6
 .text.SDMMC_GetCmdResp7
                0x00000000080060e0       0x9c ./Drivers/STM32F4xx_HAL_Driver/Src/stm32f4xx_ll_sdmmc.o
                0x00000000080060e0                SDMMC_GetCmdResp7
 .text.SDMMC_GetCmdError
                0x000000000800617c       0x58 ./Drivers/STM32F4xx_HAL_Driver/Src/stm32f4xx_ll_sdmmc.o
 .text.MX_FATFS_Init
                0x00000000080061d4       0x24 ./FATFS/App/fatfs.o
                0x00000000080061d4                MX_FATFS_Init
 .text.BSP_SD_Init
                0x00000000080061f8       0x30 ./FATFS/Target/bsp_driver_sd.o
                0x00000000080061f8                BSP_SD_Init
 .text.BSP_SD_ReadBlocks_DMA
                0x0000000008006228       0x34 ./FATFS/Target/bsp_driver_sd.o
                0x0000000008006228                BSP_SD_ReadBlocks_DMA
 .text.BSP_SD_WriteBlocks_DMA
                0x000000000800625c       0x34 ./FATFS/Target/bsp_driver_sd.o
                0x000000000800625c                BSP_SD_WriteBlocks_DMA
 .text.BSP_SD_GetCardState
                0x0000000008006290       0x20 ./FATFS/Target/bsp_driver_sd.o
                0x0000000008006290                BSP_SD_GetCardState
 .text.BSP_SD_GetCardInfo
                0x00000000080062b0       0x1c ./FATFS/Target/bsp_driver_sd.o
                0x00000000080062b0                BSP_SD_GetCardInfo
 .text.HAL_SD_AbortCallback
                0x00000000080062cc       0x14 ./FATFS/Target/bsp_driver_sd.o
                0x00000000080062cc                HAL_SD_AbortCallback
 .text.HAL_SD_TxCpltCallback
                0x00000000080062e0       0x14 ./FATFS/Target/bsp_driver_sd.o
                0x00000000080062e0                HAL_SD_TxCpltCallback
 .text.HAL_SD_RxCpltCallback
                0x00000000080062f4       0x14 ./FATFS/Target/bsp_driver_sd.o
                0x00000000080062f4                HAL_SD_RxCpltCallback
 .text.BSP_SD_AbortCallback
                0x0000000008006308        0xe ./FATFS/Target/bsp_driver_sd.o
                0x0000000008006308                BSP_SD_AbortCallback
 .text.BSP_SD_IsDetected
                0x0000000008006316       0x1a ./FATFS/Target/bsp_driver_sd.o
                0x0000000008006316                BSP_SD_IsDetected
 .text.SD_CheckStatusWithTimeout
                0x0000000008006330       0x3a ./FATFS/Target/sd_diskio.o
 *fill*         0x000000000800636a        0x2 
 .text.SD_CheckStatus
                0x000000000800636c       0x3c ./FATFS/Target/sd_diskio.o
 .text.SD_initialize
                0x00000000080063a8       0x38 ./FATFS/Target/sd_diskio.o
                0x00000000080063a8                SD_initialize
 .text.SD_status
                0x00000000080063e0       0x1c ./FATFS/Target/sd_diskio.o
                0x00000000080063e0                SD_status
 .text.SD_read  0x00000000080063fc       0xac ./FATFS/Target/sd_diskio.o
                0x00000000080063fc                SD_read
 .text.SD_write
                0x00000000080064a8       0xac ./FATFS/Target/sd_diskio.o
                0x00000000080064a8                SD_write
 .text.SD_ioctl
                0x0000000008006554       0xb0 ./FATFS/Target/sd_diskio.o
                0x0000000008006554                SD_ioctl
 .text.BSP_SD_WriteCpltCallback
                0x0000000008006604       0x18 ./FATFS/Target/sd_diskio.o
                0x0000000008006604                BSP_SD_WriteCpltCallback
 .text.BSP_SD_ReadCpltCallback
                0x000000000800661c       0x18 ./FATFS/Target/sd_diskio.o
                0x000000000800661c                BSP_SD_ReadCpltCallback
 .text.CreateChunkMatrix
                0x0000000008006634       0x54 ./GUI/Src/matrix.o
                0x0000000008006634                CreateChunkMatrix
 .text.CalcChunk
                0x0000000008006688       0xd4 ./GUI/Src/matrix.o
                0x0000000008006688                CalcChunk
 .text.FillChunks
                0x000000000800675c      0x4a0 ./GUI/Src/matrix.o
                0x000000000800675c                FillChunks
 .text.PutDataToArray
                0x0000000008006bfc      0x104 ./GUI/Src/matrix.o
                0x0000000008006bfc                PutDataToArray
 .text.ColorChunks
                0x0000000008006d00      0x196 ./GUI/Src/matrix.o
                0x0000000008006d00                ColorChunks
 *fill*         0x0000000008006e96        0x2 
 .text.Write_button_text
                0x0000000008006e98       0x78 ./GUI/Src/menu.o
 .text.RefreshMenu
                0x0000000008006f10       0x9c ./GUI/Src/menu.o
                0x0000000008006f10                RefreshMenu
 .text.LoopScreen
                0x0000000008006fac       0xd8 ./GUI/Src/menu.o
                0x0000000008006fac                LoopScreen
 .text.Print_Result
                0x0000000008007084       0xbc ./GUI/Src/menu.o
                0x0000000008007084                Print_Result
 .text.Print_Info_Calc
                0x0000000008007140      0x10c ./GUI/Src/menu.o
                0x0000000008007140                Print_Info_Calc
 .text.Print_Info_MEM_CL
                0x000000000800724c      0x10c ./GUI/Src/menu.o
                0x000000000800724c                Print_Info_MEM_CL
 .text.Print_Info_MEM_WR
                0x0000000008007358      0x114 ./GUI/Src/menu.o
                0x0000000008007358                Print_Info_MEM_WR
 .text.Print_Proc_10
                0x000000000800746c       0x94 ./GUI/Src/menu.o
                0x000000000800746c                Print_Proc_10
 .text.ST7789V_Init
                0x0000000008007500       0xdc ./LCD/Src/ST7789V.o
                0x0000000008007500                ST7789V_Init
 .text.ST7789V_Reset
                0x00000000080075dc       0x5c ./LCD/Src/ST7789V.o
                0x00000000080075dc                ST7789V_Reset
 .text.ST7789V_WriteCommand
                0x0000000008007638       0x66 ./LCD/Src/ST7789V.o
                0x0000000008007638                ST7789V_WriteCommand
 .text.ST7789V_WriteDataByte
                0x000000000800769e       0x66 ./LCD/Src/ST7789V.o
                0x000000000800769e                ST7789V_WriteDataByte
 .text.ST7789V_WriteData
                0x0000000008007704       0x94 ./LCD/Src/ST7789V.o
                0x0000000008007704                ST7789V_WriteData
 .text.ST7789V_SetRotation
                0x0000000008007798       0x34 ./LCD/Src/ST7789V.o
                0x0000000008007798                ST7789V_SetRotation
 .text.ST7789V_SetAdress
                0x00000000080077cc       0xbe ./LCD/Src/ST7789V.o
                0x00000000080077cc                ST7789V_SetAdress
 .text.ST7789V_DrawRect
                0x000000000800788a      0x1f0 ./LCD/Src/ST7789V_GFX.o
                0x000000000800788a                ST7789V_DrawRect
 .text.ST7789V_WriteChar
                0x0000000008007a7a       0xec ./LCD/Src/ST7789V_GFX.o
                0x0000000008007a7a                ST7789V_WriteChar
 *fill*         0x0000000008007b66        0x2 
 .text.XPT2046_TouchSelect
                0x0000000008007b68       0x18 ./LCD/Src/XPT2046.o
 .text.XPT2046_TouchUnselect
                0x0000000008007b80       0x18 ./LCD/Src/XPT2046.o
 .text.XPT2046_TouchPressed
                0x0000000008007b98       0x24 ./LCD/Src/XPT2046.o
                0x0000000008007b98                XPT2046_TouchPressed
 .text.XPT2046_TouchGetCoordinates
                0x0000000008007bbc      0x16c ./LCD/Src/XPT2046.o
                0x0000000008007bbc                XPT2046_TouchGetCoordinates
 .text.FATFS_LinkDriverEx
                0x0000000008007d28       0x98 ./Middlewares/Third_Party/FatFs/src/ff_gen_drv.o
                0x0000000008007d28                FATFS_LinkDriverEx
 .text.FATFS_LinkDriver
                0x0000000008007dc0       0x1e ./Middlewares/Third_Party/FatFs/src/ff_gen_drv.o
                0x0000000008007dc0                FATFS_LinkDriver
 .text.INIT_NETINFO
                0x0000000008007dde       0x92 ./SDCARD/SDDrv.o
                0x0000000008007dde                INIT_NETINFO
 .text.Init_ForwardPass
                0x0000000008007e70       0x2c ./SIALGORITHMS/ForwardPass.o
                0x0000000008007e70                Init_ForwardPass
 *fill*         0x0000000008007e9c        0x4 
 .text.FP_Load_Input
                0x0000000008007ea0       0x60 ./SIALGORITHMS/ForwardPass.o
                0x0000000008007ea0                FP_Load_Input
 .text.FP_Load_W1_wector
                0x0000000008007f00      0x198 ./SIALGORITHMS/ForwardPass.o
                0x0000000008007f00                FP_Load_W1_wector
 .text.FP_Load_B1
                0x0000000008008098      0x170 ./SIALGORITHMS/ForwardPass.o
                0x0000000008008098                FP_Load_B1
 .text.FP_Forward_PassFirstLayer
                0x0000000008008208      0x11a ./SIALGORITHMS/ForwardPass.o
                0x0000000008008208                FP_Forward_PassFirstLayer
 .text.FP_Load_W2_wector
                0x0000000008008322      0x198 ./SIALGORITHMS/ForwardPass.o
                0x0000000008008322                FP_Load_W2_wector
 .text.FP_Load_B2
                0x00000000080084ba      0x170 ./SIALGORITHMS/ForwardPass.o
                0x00000000080084ba                FP_Load_B2
 .text.FP_Forward_PassSecondLayer
                0x000000000800862a      0x11e ./SIALGORITHMS/ForwardPass.o
                0x000000000800862a                FP_Forward_PassSecondLayer
 .text.FP_Load_W3_wector
                0x0000000008008748      0x198 ./SIALGORITHMS/ForwardPass.o
                0x0000000008008748                FP_Load_W3_wector
 .text.FP_Load_B3
                0x00000000080088e0      0x170 ./SIALGORITHMS/ForwardPass.o
                0x00000000080088e0                FP_Load_B3
 .text.FP_Forward_PassThirdLayer
                0x0000000008008a50       0xe8 ./SIALGORITHMS/ForwardPass.o
                0x0000000008008a50                FP_Forward_PassThirdLayer
 .text.FP_Retrun_Result
                0x0000000008008b38       0x5c ./SIALGORITHMS/ForwardPass.o
                0x0000000008008b38                FP_Retrun_Result
 .text.Init_Layer
                0x0000000008008b94       0x28 ./SIALGORITHMS/NeuralNetwork.o
                0x0000000008008b94                Init_Layer
 .text.Init_Net
                0x0000000008008bbc       0x50 ./SIALGORITHMS/NeuralNetwork.o
                0x0000000008008bbc                Init_Net
 .text.SplitDouble
                0x0000000008008c0c       0x42 ./W25Q64/DataConversion.o
                0x0000000008008c0c                SplitDouble
 .text.ReconstructDouble
                0x0000000008008c4e       0x4a ./W25Q64/DataConversion.o
                0x0000000008008c4e                ReconstructDouble
 .text.Invert_Array
                0x0000000008008c98       0x6e ./W25Q64/DataConversion.o
                0x0000000008008c98                Invert_Array
 .text.W25Q64_SPI_Transmit_Data
                0x0000000008008d06       0x2c ./W25Q64/W25Q64Drv.o
                0x0000000008008d06                W25Q64_SPI_Transmit_Data
 .text.W25Q64_SPI_Receive_Data
                0x0000000008008d32       0x2c ./W25Q64/W25Q64Drv.o
                0x0000000008008d32                W25Q64_SPI_Receive_Data
 .text.W25Q64_Set_ChipSelect_Low
                0x0000000008008d5e       0x20 ./W25Q64/W25Q64Drv.o
                0x0000000008008d5e                W25Q64_Set_ChipSelect_Low
 .text.W25Q64_Set_ChipSelect_High
                0x0000000008008d7e       0x20 ./W25Q64/W25Q64Drv.o
                0x0000000008008d7e                W25Q64_Set_ChipSelect_High
 *fill*         0x0000000008008d9e        0x2 
 .text.W25Q64_Init
                0x0000000008008da0       0x54 ./W25Q64/W25Q64Drv.o
                0x0000000008008da0                W25Q64_Init
 .text.W25Q64_ResetFlash
                0x0000000008008df4       0x4c ./W25Q64/W25Q64Drv.o
                0x0000000008008df4                W25Q64_ResetFlash
 .text.W25Q64_get_JEDEC_ID
                0x0000000008008e40       0x64 ./W25Q64/W25Q64Drv.o
                0x0000000008008e40                W25Q64_get_JEDEC_ID
 .text.W25Q64_WriteEnable
                0x0000000008008ea4       0x2e ./W25Q64/W25Q64Drv.o
                0x0000000008008ea4                W25Q64_WriteEnable
 .text.W25Q64_WriteEnable_and_WaitForWriteEnableLatch
                0x0000000008008ed2       0x2a ./W25Q64/W25Q64Drv.o
                0x0000000008008ed2                W25Q64_WriteEnable_and_WaitForWriteEnableLatch
 .text.W25Q64_WaitForWriteInProgressClear
                0x0000000008008efc       0x24 ./W25Q64/W25Q64Drv.o
                0x0000000008008efc                W25Q64_WaitForWriteInProgressClear
 .text.W25Q64_SectorErase
                0x0000000008008f20       0x6a ./W25Q64/W25Q64Drv.o
                0x0000000008008f20                W25Q64_SectorErase
 .text.W25Q64_PageProgram
                0x0000000008008f8a       0x6c ./W25Q64/W25Q64Drv.o
                0x0000000008008f8a                W25Q64_PageProgram
 .text.W25Q64_ReadDataBytes
                0x0000000008008ff6       0x66 ./W25Q64/W25Q64Drv.o
                0x0000000008008ff6                W25Q64_ReadDataBytes
 .text.W25Q64_ReadStatusRegister1
                0x000000000800905c       0x42 ./W25Q64/W25Q64Drv.o
                0x000000000800905c                W25Q64_ReadStatusRegister1
 *fill*         0x000000000800909e        0x2 
 .text.__libc_init_array
                0x00000000080090a0       0x48 /opt/st/stm32cubeide_1.12.0/plugins/com.st.stm32cube.ide.mcu.externaltools.gnu-tools-for-stm32.10.3-2021.10.linux64_1.0.200.202301161003/tools/bin/../lib/gcc/arm-none-eabi/10.3.1/../../../../arm-none-eabi/lib/thumb/v7e-m+fp/hard/libc_nano.a(lib_a-init.o)
                0x00000000080090a0                __libc_init_array
 .text.memset   0x00000000080090e8       0x10 /opt/st/stm32cubeide_1.12.0/plugins/com.st.stm32cube.ide.mcu.externaltools.gnu-tools-for-stm32.10.3-2021.10.linux64_1.0.200.202301161003/tools/bin/../lib/gcc/arm-none-eabi/10.3.1/../../../../arm-none-eabi/lib/thumb/v7e-m+fp/hard/libc_nano.a(lib_a-memset.o)
                0x00000000080090e8                memset
 *(.glue_7)
 .glue_7        0x00000000080090f8        0x0 linker stubs
 *(.glue_7t)
 .glue_7t       0x00000000080090f8        0x0 linker stubs
 *(.eh_frame)
 .eh_frame      0x00000000080090f8        0x0 /opt/st/stm32cubeide_1.12.0/plugins/com.st.stm32cube.ide.mcu.externaltools.gnu-tools-for-stm32.10.3-2021.10.linux64_1.0.200.202301161003/tools/bin/../lib/gcc/arm-none-eabi/10.3.1/thumb/v7e-m+fp/hard/crtbegin.o
 *(.init)
 .init          0x00000000080090f8        0x4 /opt/st/stm32cubeide_1.12.0/plugins/com.st.stm32cube.ide.mcu.externaltools.gnu-tools-for-stm32.10.3-2021.10.linux64_1.0.200.202301161003/tools/bin/../lib/gcc/arm-none-eabi/10.3.1/thumb/v7e-m+fp/hard/crti.o
                0x00000000080090f8                _init
 .init          0x00000000080090fc        0x8 /opt/st/stm32cubeide_1.12.0/plugins/com.st.stm32cube.ide.mcu.externaltools.gnu-tools-for-stm32.10.3-2021.10.linux64_1.0.200.202301161003/tools/bin/../lib/gcc/arm-none-eabi/10.3.1/thumb/v7e-m+fp/hard/crtn.o
 *(.fini)
 .fini          0x0000000008009104        0x4 /opt/st/stm32cubeide_1.12.0/plugins/com.st.stm32cube.ide.mcu.externaltools.gnu-tools-for-stm32.10.3-2021.10.linux64_1.0.200.202301161003/tools/bin/../lib/gcc/arm-none-eabi/10.3.1/thumb/v7e-m+fp/hard/crti.o
                0x0000000008009104                _fini
 .fini          0x0000000008009108        0x8 /opt/st/stm32cubeide_1.12.0/plugins/com.st.stm32cube.ide.mcu.externaltools.gnu-tools-for-stm32.10.3-2021.10.linux64_1.0.200.202301161003/tools/bin/../lib/gcc/arm-none-eabi/10.3.1/thumb/v7e-m+fp/hard/crtn.o
                0x0000000008009110                . = ALIGN (0x4)
                0x0000000008009110                _etext = .

.vfp11_veneer   0x0000000008009110        0x0
 .vfp11_veneer  0x0000000008009110        0x0 linker stubs

.v4_bx          0x0000000008009110        0x0
 .v4_bx         0x0000000008009110        0x0 linker stubs

.iplt           0x0000000008009110        0x0
 .iplt          0x0000000008009110        0x0 /opt/st/stm32cubeide_1.12.0/plugins/com.st.stm32cube.ide.mcu.externaltools.gnu-tools-for-stm32.10.3-2021.10.linux64_1.0.200.202301161003/tools/bin/../lib/gcc/arm-none-eabi/10.3.1/thumb/v7e-m+fp/hard/crtbegin.o

.rodata         0x0000000008009110     0x13e4
                0x0000000008009110                . = ALIGN (0x4)
 *(.rodata)
 .rodata        0x0000000008009110       0x5b ./GUI/Src/menu.o
 *fill*         0x000000000800916b        0x1 
 .rodata        0x000000000800916c        0x3 ./W25Q64/W25Q64Drv.o
 *(.rodata*)
 *fill*         0x000000000800916f        0x1 
 .rodata.AHBPrescTable
                0x0000000008009170       0x10 ./Core/Src/system_stm32f4xx.o
                0x0000000008009170                AHBPrescTable
 .rodata.flagBitshiftOffset.0
                0x0000000008009180        0x8 ./Drivers/STM32F4xx_HAL_Driver/Src/stm32f4xx_hal_dma.o
 .rodata.SD_Driver
                0x0000000008009188       0x14 ./FATFS/Target/sd_diskio.o
                0x0000000008009188                SD_Driver
 .rodata.cmd_read_y.2
                0x000000000800919c        0x1 ./LCD/Src/XPT2046.o
 *fill*         0x000000000800919d        0x3 
 .rodata.zeroes_tx.1
                0x00000000080091a0        0x2 ./LCD/Src/XPT2046.o
 *fill*         0x00000000080091a2        0x2 
 .rodata.cmd_read_x.0
                0x00000000080091a4        0x1 ./LCD/Src/XPT2046.o
 *fill*         0x00000000080091a5        0x3 
 .rodata.Font16x26
                0x00000000080091a8     0x134c ./LCD/Src/fonts.o
                0x000000000800a4f4                . = ALIGN (0x4)

.ARM.extab      0x000000000800a4f4        0x0
                0x000000000800a4f4                . = ALIGN (0x4)
 *(.ARM.extab* .gnu.linkonce.armextab.*)
                0x000000000800a4f4                . = ALIGN (0x4)

.ARM            0x000000000800a4f4        0x8
                0x000000000800a4f4                . = ALIGN (0x4)
                0x000000000800a4f4                __exidx_start = .
 *(.ARM.exidx*)
 .ARM.exidx     0x000000000800a4f4        0x8 /opt/st/stm32cubeide_1.12.0/plugins/com.st.stm32cube.ide.mcu.externaltools.gnu-tools-for-stm32.10.3-2021.10.linux64_1.0.200.202301161003/tools/bin/../lib/gcc/arm-none-eabi/10.3.1/thumb/v7e-m+fp/hard/libgcc.a(_udivmoddi4.o)
                0x000000000800a4fc                __exidx_end = .
                0x000000000800a4fc                . = ALIGN (0x4)

.rel.dyn        0x000000000800a4fc        0x0
 .rel.iplt      0x000000000800a4fc        0x0 /opt/st/stm32cubeide_1.12.0/plugins/com.st.stm32cube.ide.mcu.externaltools.gnu-tools-for-stm32.10.3-2021.10.linux64_1.0.200.202301161003/tools/bin/../lib/gcc/arm-none-eabi/10.3.1/thumb/v7e-m+fp/hard/crtbegin.o

.preinit_array  0x000000000800a4fc        0x0
                0x000000000800a4fc                . = ALIGN (0x4)
                0x000000000800a4fc                PROVIDE (__preinit_array_start = .)
 *(.preinit_array*)
                0x000000000800a4fc                PROVIDE (__preinit_array_end = .)
                0x000000000800a4fc                . = ALIGN (0x4)

.init_array     0x000000000800a4fc        0x4
                0x000000000800a4fc                . = ALIGN (0x4)
                0x000000000800a4fc                PROVIDE (__init_array_start = .)
 *(SORT_BY_NAME(.init_array.*))
 *(.init_array*)
 .init_array    0x000000000800a4fc        0x4 /opt/st/stm32cubeide_1.12.0/plugins/com.st.stm32cube.ide.mcu.externaltools.gnu-tools-for-stm32.10.3-2021.10.linux64_1.0.200.202301161003/tools/bin/../lib/gcc/arm-none-eabi/10.3.1/thumb/v7e-m+fp/hard/crtbegin.o
                0x000000000800a500                PROVIDE (__init_array_end = .)
                0x000000000800a500                . = ALIGN (0x4)

.fini_array     0x000000000800a500        0x4
                0x000000000800a500                . = ALIGN (0x4)
                [!provide]                        PROVIDE (__fini_array_start = .)
 *(SORT_BY_NAME(.fini_array.*))
 *(.fini_array*)
 .fini_array    0x000000000800a500        0x4 /opt/st/stm32cubeide_1.12.0/plugins/com.st.stm32cube.ide.mcu.externaltools.gnu-tools-for-stm32.10.3-2021.10.linux64_1.0.200.202301161003/tools/bin/../lib/gcc/arm-none-eabi/10.3.1/thumb/v7e-m+fp/hard/crtbegin.o
                [!provide]                        PROVIDE (__fini_array_end = .)
                0x000000000800a504                . = ALIGN (0x4)
                0x000000000800a504                _sidata = LOADADDR (.data)

.data           0x0000000020000000       0x14 load address 0x000000000800a504
                0x0000000020000000                . = ALIGN (0x4)
                0x0000000020000000                _sdata = .
 *(.data)
 *(.data*)
 .data.SystemCoreClock
                0x0000000020000000        0x4 ./Core/Src/system_stm32f4xx.o
                0x0000000020000000                SystemCoreClock
 .data.uwTickPrio
                0x0000000020000004        0x4 ./Drivers/STM32F4xx_HAL_Driver/Src/stm32f4xx_hal.o
                0x0000000020000004                uwTickPrio
 .data.uwTickFreq
                0x0000000020000008        0x1 ./Drivers/STM32F4xx_HAL_Driver/Src/stm32f4xx_hal.o
                0x0000000020000008                uwTickFreq
 .data.Stat     0x0000000020000009        0x1 ./FATFS/Target/sd_diskio.o
 .data.menuState.1
                0x000000002000000a        0x1 ./GUI/Src/menu.o
 *fill*         0x000000002000000b        0x1 
 .data.Font_16x26
                0x000000002000000c        0x8 ./LCD/Src/fonts.o
                0x000000002000000c                Font_16x26
 *(.RamFunc)
 *(.RamFunc*)
                0x0000000020000014                . = ALIGN (0x4)
                0x0000000020000014                _edata = .

.igot.plt       0x0000000020000014        0x0 load address 0x000000000800a518
 .igot.plt      0x0000000020000014        0x0 /opt/st/stm32cubeide_1.12.0/plugins/com.st.stm32cube.ide.mcu.externaltools.gnu-tools-for-stm32.10.3-2021.10.linux64_1.0.200.202301161003/tools/bin/../lib/gcc/arm-none-eabi/10.3.1/thumb/v7e-m+fp/hard/crtbegin.o
                0x0000000020000014                . = ALIGN (0x4)

.bss            0x0000000020000018     0x875c load address 0x000000000800a518
                0x0000000020000018                _sbss = .
                0x0000000020000018                __bss_start__ = _sbss
 *(.bss)
 .bss           0x0000000020000018       0x1c /opt/st/stm32cubeide_1.12.0/plugins/com.st.stm32cube.ide.mcu.externaltools.gnu-tools-for-stm32.10.3-2021.10.linux64_1.0.200.202301161003/tools/bin/../lib/gcc/arm-none-eabi/10.3.1/thumb/v7e-m+fp/hard/crtbegin.o
 *(.bss*)
 .bss.DataStruct
                0x0000000020000034       0x10 ./Core/Src/main.o
                0x0000000020000034                DataStruct
 .bss.ST7789VDrv
                0x0000000020000044       0x20 ./Core/Src/main.o
                0x0000000020000044                ST7789VDrv
 .bss.w25q64    0x0000000020000064       0x14 ./Core/Src/main.o
                0x0000000020000064                w25q64
 .bss.layer1    0x0000000020000078        0x4 ./Core/Src/main.o
                0x0000000020000078                layer1
 .bss.layer2    0x000000002000007c        0x4 ./Core/Src/main.o
                0x000000002000007c                layer2
 .bss.layer3    0x0000000020000080        0x4 ./Core/Src/main.o
                0x0000000020000080                layer3
 *fill*         0x0000000020000084        0x4 
 .bss.DNN       0x0000000020000088       0x60 ./Core/Src/main.o
                0x0000000020000088                DNN
 .bss.net_info  0x00000000200000e8       0x48 ./Core/Src/main.o
                0x00000000200000e8                net_info
 .bss.SI_algorithm
                0x0000000020000130     0x8010 ./Core/Src/main.o
                0x0000000020000130                SI_algorithm
 .bss.buff      0x0000000020008140      0x310 ./Core/Src/main.o
                0x0000000020008140                buff
 .bss.PosX      0x0000000020008450        0x2 ./Core/Src/main.o
                0x0000000020008450                PosX
 .bss.PosY      0x0000000020008452        0x2 ./Core/Src/main.o
                0x0000000020008452                PosY
 .bss.forwardpropagation
                0x0000000020008454        0x1 ./Core/Src/main.o
                0x0000000020008454                forwardpropagation
 *fill*         0x0000000020008455        0x3 
 .bss.hsd       0x0000000020008458       0x84 ./Core/Src/sdio.o
                0x0000000020008458                hsd
 .bss.hdma_sdio_rx
                0x00000000200084dc       0x60 ./Core/Src/sdio.o
                0x00000000200084dc                hdma_sdio_rx
 .bss.hdma_sdio_tx
                0x000000002000853c       0x60 ./Core/Src/sdio.o
                0x000000002000853c                hdma_sdio_tx
 .bss.hspi1     0x000000002000859c       0x58 ./Core/Src/spi.o
                0x000000002000859c                hspi1
 .bss.hspi3     0x00000000200085f4       0x58 ./Core/Src/spi.o
                0x00000000200085f4                hspi3
 .bss.hspi4     0x000000002000864c       0x58 ./Core/Src/spi.o
                0x000000002000864c                hspi4
 .bss.hdma_spi1_tx
                0x00000000200086a4       0x60 ./Core/Src/spi.o
                0x00000000200086a4                hdma_spi1_tx
 .bss.htim2     0x0000000020008704       0x48 ./Core/Src/tim.o
                0x0000000020008704                htim2
 .bss.uwTick    0x000000002000874c        0x4 ./Drivers/STM32F4xx_HAL_Driver/Src/stm32f4xx_hal.o
                0x000000002000874c                uwTick
 .bss.retSD     0x0000000020008750        0x1 ./FATFS/App/fatfs.o
                0x0000000020008750                retSD
 *fill*         0x0000000020008751        0x3 
 .bss.SDPath    0x0000000020008754        0x4 ./FATFS/App/fatfs.o
                0x0000000020008754                SDPath
 .bss.WriteStatus
                0x0000000020008758        0x4 ./FATFS/Target/sd_diskio.o
 .bss.ReadStatus
                0x000000002000875c        0x4 ./FATFS/Target/sd_diskio.o
 .bss.prevRow.1
                0x0000000020008760        0x1 ./GUI/Src/matrix.o
 .bss.prevCol.0
                0x0000000020008761        0x1 ./GUI/Src/matrix.o
 *fill*         0x0000000020008762        0x2 
 .bss.time1.0   0x0000000020008764        0x4 ./GUI/Src/menu.o
 .bss.disk      0x0000000020008768        0xc ./Middlewares/Third_Party/FatFs/src/ff_gen_drv.o
                0x0000000020008768                disk
 *(COMMON)
                0x0000000020008774                . = ALIGN (0x4)
                0x0000000020008774                _ebss = .
                0x0000000020008774                __bss_end__ = _ebss

._user_heap_stack
                0x0000000020008774      0x604 load address 0x000000000800a518
                0x0000000020008778                . = ALIGN (0x8)
 *fill*         0x0000000020008774        0x4 
                [!provide]                        PROVIDE (end = .)
                0x0000000020008778                PROVIDE (_end = .)
                0x0000000020008978                . = (. + _Min_Heap_Size)
 *fill*         0x0000000020008778      0x200 
                0x0000000020008d78                . = (. + _Min_Stack_Size)
 *fill*         0x0000000020008978      0x400 
                0x0000000020008d78                . = ALIGN (0x8)

/DISCARD/
 libc.a(*)
 libm.a(*)
 libgcc.a(*)

.ARM.attributes
                0x0000000000000000       0x30
 *(.ARM.attributes)
 .ARM.attributes
                0x0000000000000000       0x1e /opt/st/stm32cubeide_1.12.0/plugins/com.st.stm32cube.ide.mcu.externaltools.gnu-tools-for-stm32.10.3-2021.10.linux64_1.0.200.202301161003/tools/bin/../lib/gcc/arm-none-eabi/10.3.1/thumb/v7e-m+fp/hard/crti.o
 .ARM.attributes
                0x000000000000001e       0x34 /opt/st/stm32cubeide_1.12.0/plugins/com.st.stm32cube.ide.mcu.externaltools.gnu-tools-for-stm32.10.3-2021.10.linux64_1.0.200.202301161003/tools/bin/../lib/gcc/arm-none-eabi/10.3.1/thumb/v7e-m+fp/hard/crtbegin.o
 .ARM.attributes
                0x0000000000000052       0x34 ./Core/Src/dma.o
 .ARM.attributes
                0x0000000000000086       0x34 ./Core/Src/gpio.o
 .ARM.attributes
                0x00000000000000ba       0x34 ./Core/Src/main.o
 .ARM.attributes
                0x00000000000000ee       0x34 ./Core/Src/sdio.o
 .ARM.attributes
                0x0000000000000122       0x34 ./Core/Src/spi.o
 .ARM.attributes
                0x0000000000000156       0x34 ./Core/Src/stm32f4xx_hal_msp.o
 .ARM.attributes
                0x000000000000018a       0x34 ./Core/Src/stm32f4xx_it.o
 .ARM.attributes
                0x00000000000001be       0x34 ./Core/Src/system_stm32f4xx.o
 .ARM.attributes
                0x00000000000001f2       0x34 ./Core/Src/tim.o
 .ARM.attributes
                0x0000000000000226       0x21 ./Core/Startup/startup_stm32f411ceux.o
 .ARM.attributes
                0x0000000000000247       0x34 ./Drivers/STM32F4xx_HAL_Driver/Src/stm32f4xx_hal.o
 .ARM.attributes
                0x000000000000027b       0x34 ./Drivers/STM32F4xx_HAL_Driver/Src/stm32f4xx_hal_cortex.o
 .ARM.attributes
                0x00000000000002af       0x34 ./Drivers/STM32F4xx_HAL_Driver/Src/stm32f4xx_hal_dma.o
 .ARM.attributes
                0x00000000000002e3       0x34 ./Drivers/STM32F4xx_HAL_Driver/Src/stm32f4xx_hal_gpio.o
 .ARM.attributes
                0x0000000000000317       0x34 ./Drivers/STM32F4xx_HAL_Driver/Src/stm32f4xx_hal_rcc.o
 .ARM.attributes
                0x000000000000034b       0x34 ./Drivers/STM32F4xx_HAL_Driver/Src/stm32f4xx_hal_sd.o
 .ARM.attributes
                0x000000000000037f       0x34 ./Drivers/STM32F4xx_HAL_Driver/Src/stm32f4xx_hal_spi.o
 .ARM.attributes
                0x00000000000003b3       0x34 ./Drivers/STM32F4xx_HAL_Driver/Src/stm32f4xx_hal_tim.o
 .ARM.attributes
                0x00000000000003e7       0x34 ./Drivers/STM32F4xx_HAL_Driver/Src/stm32f4xx_hal_tim_ex.o
 .ARM.attributes
                0x000000000000041b       0x34 ./Drivers/STM32F4xx_HAL_Driver/Src/stm32f4xx_ll_sdmmc.o
 .ARM.attributes
                0x000000000000044f       0x34 ./FATFS/App/fatfs.o
 .ARM.attributes
                0x0000000000000483       0x34 ./FATFS/Target/bsp_driver_sd.o
 .ARM.attributes
                0x00000000000004b7       0x34 ./FATFS/Target/sd_diskio.o
 .ARM.attributes
                0x00000000000004eb       0x34 ./GUI/Src/matrix.o
 .ARM.attributes
                0x000000000000051f       0x34 ./GUI/Src/menu.o
 .ARM.attributes
                0x0000000000000553       0x34 ./LCD/Src/ST7789V.o
 .ARM.attributes
                0x0000000000000587       0x34 ./LCD/Src/ST7789V_GFX.o
 .ARM.attributes
                0x00000000000005bb       0x34 ./LCD/Src/XPT2046.o
 .ARM.attributes
                0x00000000000005ef       0x34 ./LCD/Src/fonts.o
 .ARM.attributes
                0x0000000000000623       0x34 ./Middlewares/Third_Party/FatFs/src/ff_gen_drv.o
 .ARM.attributes
                0x0000000000000657       0x34 ./SDCARD/SDDrv.o
 .ARM.attributes
                0x000000000000068b       0x34 ./SIALGORITHMS/ForwardPass.o
 .ARM.attributes
                0x00000000000006bf       0x34 ./SIALGORITHMS/NeuralNetwork.o
 .ARM.attributes
                0x00000000000006f3       0x34 ./W25Q64/DataConversion.o
 .ARM.attributes
                0x0000000000000727       0x34 ./W25Q64/W25Q64Drv.o
 .ARM.attributes
                0x000000000000075b       0x34 /opt/st/stm32cubeide_1.12.0/plugins/com.st.stm32cube.ide.mcu.externaltools.gnu-tools-for-stm32.10.3-2021.10.linux64_1.0.200.202301161003/tools/bin/../lib/gcc/arm-none-eabi/10.3.1/../../../../arm-none-eabi/lib/thumb/v7e-m+fp/hard/libc_nano.a(lib_a-init.o)
 .ARM.attributes
                0x000000000000078f       0x34 /opt/st/stm32cubeide_1.12.0/plugins/com.st.stm32cube.ide.mcu.externaltools.gnu-tools-for-stm32.10.3-2021.10.linux64_1.0.200.202301161003/tools/bin/../lib/gcc/arm-none-eabi/10.3.1/../../../../arm-none-eabi/lib/thumb/v7e-m+fp/hard/libc_nano.a(lib_a-memset.o)
 .ARM.attributes
                0x00000000000007c3       0x1e /opt/st/stm32cubeide_1.12.0/plugins/com.st.stm32cube.ide.mcu.externaltools.gnu-tools-for-stm32.10.3-2021.10.linux64_1.0.200.202301161003/tools/bin/../lib/gcc/arm-none-eabi/10.3.1/thumb/v7e-m+fp/hard/libgcc.a(_arm_addsubdf3.o)
 .ARM.attributes
                0x00000000000007e1       0x1e /opt/st/stm32cubeide_1.12.0/plugins/com.st.stm32cube.ide.mcu.externaltools.gnu-tools-for-stm32.10.3-2021.10.linux64_1.0.200.202301161003/tools/bin/../lib/gcc/arm-none-eabi/10.3.1/thumb/v7e-m+fp/hard/libgcc.a(_arm_muldivdf3.o)
 .ARM.attributes
                0x00000000000007ff       0x1e /opt/st/stm32cubeide_1.12.0/plugins/com.st.stm32cube.ide.mcu.externaltools.gnu-tools-for-stm32.10.3-2021.10.linux64_1.0.200.202301161003/tools/bin/../lib/gcc/arm-none-eabi/10.3.1/thumb/v7e-m+fp/hard/libgcc.a(_arm_cmpdf2.o)
 .ARM.attributes
                0x000000000000081d       0x1e /opt/st/stm32cubeide_1.12.0/plugins/com.st.stm32cube.ide.mcu.externaltools.gnu-tools-for-stm32.10.3-2021.10.linux64_1.0.200.202301161003/tools/bin/../lib/gcc/arm-none-eabi/10.3.1/thumb/v7e-m+fp/hard/libgcc.a(_aeabi_uldivmod.o)
 .ARM.attributes
                0x000000000000083b       0x34 /opt/st/stm32cubeide_1.12.0/plugins/com.st.stm32cube.ide.mcu.externaltools.gnu-tools-for-stm32.10.3-2021.10.linux64_1.0.200.202301161003/tools/bin/../lib/gcc/arm-none-eabi/10.3.1/thumb/v7e-m+fp/hard/libgcc.a(_udivmoddi4.o)
 .ARM.attributes
                0x000000000000086f       0x1e /opt/st/stm32cubeide_1.12.0/plugins/com.st.stm32cube.ide.mcu.externaltools.gnu-tools-for-stm32.10.3-2021.10.linux64_1.0.200.202301161003/tools/bin/../lib/gcc/arm-none-eabi/10.3.1/thumb/v7e-m+fp/hard/libgcc.a(_dvmd_tls.o)
 .ARM.attributes
                0x000000000000088d       0x1e /opt/st/stm32cubeide_1.12.0/plugins/com.st.stm32cube.ide.mcu.externaltools.gnu-tools-for-stm32.10.3-2021.10.linux64_1.0.200.202301161003/tools/bin/../lib/gcc/arm-none-eabi/10.3.1/thumb/v7e-m+fp/hard/crtn.o
OUTPUT(DIGIT_REC.elf elf32-littlearm)
LOAD linker stubs
LOAD /opt/st/stm32cubeide_1.12.0/plugins/com.st.stm32cube.ide.mcu.externaltools.gnu-tools-for-stm32.10.3-2021.10.linux64_1.0.200.202301161003/tools/bin/../lib/gcc/arm-none-eabi/10.3.1/../../../../arm-none-eabi/lib/thumb/v7e-m+fp/hard/libc.a
LOAD /opt/st/stm32cubeide_1.12.0/plugins/com.st.stm32cube.ide.mcu.externaltools.gnu-tools-for-stm32.10.3-2021.10.linux64_1.0.200.202301161003/tools/bin/../lib/gcc/arm-none-eabi/10.3.1/../../../../arm-none-eabi/lib/thumb/v7e-m+fp/hard/libm.a
LOAD /opt/st/stm32cubeide_1.12.0/plugins/com.st.stm32cube.ide.mcu.externaltools.gnu-tools-for-stm32.10.3-2021.10.linux64_1.0.200.202301161003/tools/bin/../lib/gcc/arm-none-eabi/10.3.1/thumb/v7e-m+fp/hard/libgcc.a

.debug_info     0x0000000000000000    0x1887c
 .debug_info    0x0000000000000000      0x488 ./Core/Src/dma.o
 .debug_info    0x0000000000000488      0x480 ./Core/Src/gpio.o
 .debug_info    0x0000000000000908     0x19da ./Core/Src/main.o
 .debug_info    0x00000000000022e2      0xd29 ./Core/Src/sdio.o
 .debug_info    0x000000000000300b      0xb38 ./Core/Src/spi.o
 .debug_info    0x0000000000003b43      0x2d4 ./Core/Src/stm32f4xx_hal_msp.o
 .debug_info    0x0000000000003e17      0x7eb ./Core/Src/stm32f4xx_it.o
 .debug_info    0x0000000000004602      0x54f ./Core/Src/system_stm32f4xx.o
 .debug_info    0x0000000000004b51      0xa0a ./Core/Src/tim.o
 .debug_info    0x000000000000555b       0x22 ./Core/Startup/startup_stm32f411ceux.o
 .debug_info    0x000000000000557d      0x90d ./Drivers/STM32F4xx_HAL_Driver/Src/stm32f4xx_hal.o
 .debug_info    0x0000000000005e8a      0xd8b ./Drivers/STM32F4xx_HAL_Driver/Src/stm32f4xx_hal_cortex.o
 .debug_info    0x0000000000006c15      0x947 ./Drivers/STM32F4xx_HAL_Driver/Src/stm32f4xx_hal_dma.o
 .debug_info    0x000000000000755c      0x78e ./Drivers/STM32F4xx_HAL_Driver/Src/stm32f4xx_hal_gpio.o
 .debug_info    0x0000000000007cea      0x98d ./Drivers/STM32F4xx_HAL_Driver/Src/stm32f4xx_hal_rcc.o
 .debug_info    0x0000000000008677     0x1d2c ./Drivers/STM32F4xx_HAL_Driver/Src/stm32f4xx_hal_sd.o
 .debug_info    0x000000000000a3a3     0x1750 ./Drivers/STM32F4xx_HAL_Driver/Src/stm32f4xx_hal_spi.o
 .debug_info    0x000000000000baf3     0x2bb6 ./Drivers/STM32F4xx_HAL_Driver/Src/stm32f4xx_hal_tim.o
 .debug_info    0x000000000000e6a9     0x15d8 ./Drivers/STM32F4xx_HAL_Driver/Src/stm32f4xx_hal_tim_ex.o
 .debug_info    0x000000000000fc81     0x11dd ./Drivers/STM32F4xx_HAL_Driver/Src/stm32f4xx_ll_sdmmc.o
 .debug_info    0x0000000000010e5e      0x507 ./FATFS/App/fatfs.o
 .debug_info    0x0000000000011365      0xb2f ./FATFS/Target/bsp_driver_sd.o
 .debug_info    0x0000000000011e94      0x59e ./FATFS/Target/sd_diskio.o
 .debug_info    0x0000000000012432      0x9f1 ./GUI/Src/matrix.o
 .debug_info    0x0000000000012e23      0xdf3 ./GUI/Src/menu.o
 .debug_info    0x0000000000013c16      0xa1c ./LCD/Src/ST7789V.o
 .debug_info    0x0000000000014632      0xb83 ./LCD/Src/ST7789V_GFX.o
 .debug_info    0x00000000000151b5      0x8ea ./LCD/Src/XPT2046.o
 .debug_info    0x0000000000015a9f      0x1ae ./LCD/Src/fonts.o
 .debug_info    0x0000000000015c4d      0x3a9 ./Middlewares/Third_Party/FatFs/src/ff_gen_drv.o
 .debug_info    0x0000000000015ff6      0x77a ./SDCARD/SDDrv.o
 .debug_info    0x0000000000016770      0xf44 ./SIALGORITHMS/ForwardPass.o
 .debug_info    0x00000000000176b4      0x1c0 ./SIALGORITHMS/NeuralNetwork.o
 .debug_info    0x0000000000017874      0x349 ./W25Q64/DataConversion.o
 .debug_info    0x0000000000017bbd      0xcbf ./W25Q64/W25Q64Drv.o

.debug_abbrev   0x0000000000000000     0x4018
 .debug_abbrev  0x0000000000000000      0x10a ./Core/Src/dma.o
 .debug_abbrev  0x000000000000010a      0x146 ./Core/Src/gpio.o
 .debug_abbrev  0x0000000000000250      0x2d2 ./Core/Src/main.o
 .debug_abbrev  0x0000000000000522      0x218 ./Core/Src/sdio.o
 .debug_abbrev  0x000000000000073a      0x1f3 ./Core/Src/spi.o
 .debug_abbrev  0x000000000000092d       0xd4 ./Core/Src/stm32f4xx_hal_msp.o
 .debug_abbrev  0x0000000000000a01      0x19c ./Core/Src/stm32f4xx_it.o
 .debug_abbrev  0x0000000000000b9d      0x116 ./Core/Src/system_stm32f4xx.o
 .debug_abbrev  0x0000000000000cb3      0x1d3 ./Core/Src/tim.o
 .debug_abbrev  0x0000000000000e86       0x12 ./Core/Startup/startup_stm32f411ceux.o
 .debug_abbrev  0x0000000000000e98      0x23e ./Drivers/STM32F4xx_HAL_Driver/Src/stm32f4xx_hal.o
 .debug_abbrev  0x00000000000010d6      0x316 ./Drivers/STM32F4xx_HAL_Driver/Src/stm32f4xx_hal_cortex.o
 .debug_abbrev  0x00000000000013ec      0x21b ./Drivers/STM32F4xx_HAL_Driver/Src/stm32f4xx_hal_dma.o
 .debug_abbrev  0x0000000000001607      0x1c4 ./Drivers/STM32F4xx_HAL_Driver/Src/stm32f4xx_hal_gpio.o
 .debug_abbrev  0x00000000000017cb      0x2aa ./Drivers/STM32F4xx_HAL_Driver/Src/stm32f4xx_hal_rcc.o
 .debug_abbrev  0x0000000000001a75      0x288 ./Drivers/STM32F4xx_HAL_Driver/Src/stm32f4xx_hal_sd.o
 .debug_abbrev  0x0000000000001cfd      0x26e ./Drivers/STM32F4xx_HAL_Driver/Src/stm32f4xx_hal_spi.o
 .debug_abbrev  0x0000000000001f6b      0x26e ./Drivers/STM32F4xx_HAL_Driver/Src/stm32f4xx_hal_tim.o
 .debug_abbrev  0x00000000000021d9      0x276 ./Drivers/STM32F4xx_HAL_Driver/Src/stm32f4xx_hal_tim_ex.o
 .debug_abbrev  0x000000000000244f      0x1ce ./Drivers/STM32F4xx_HAL_Driver/Src/stm32f4xx_ll_sdmmc.o
 .debug_abbrev  0x000000000000261d      0x15a ./FATFS/App/fatfs.o
 .debug_abbrev  0x0000000000002777      0x268 ./FATFS/Target/bsp_driver_sd.o
 .debug_abbrev  0x00000000000029df      0x21f ./FATFS/Target/sd_diskio.o
 .debug_abbrev  0x0000000000002bfe      0x1a4 ./GUI/Src/matrix.o
 .debug_abbrev  0x0000000000002da2      0x20c ./GUI/Src/menu.o
 .debug_abbrev  0x0000000000002fae      0x1cf ./LCD/Src/ST7789V.o
 .debug_abbrev  0x000000000000317d      0x1c6 ./LCD/Src/ST7789V_GFX.o
 .debug_abbrev  0x0000000000003343      0x203 ./LCD/Src/XPT2046.o
 .debug_abbrev  0x0000000000003546       0xad ./LCD/Src/fonts.o
 .debug_abbrev  0x00000000000035f3      0x196 ./Middlewares/Third_Party/FatFs/src/ff_gen_drv.o
 .debug_abbrev  0x0000000000003789      0x1c8 ./SDCARD/SDDrv.o
 .debug_abbrev  0x0000000000003951      0x25f ./SIALGORITHMS/ForwardPass.o
 .debug_abbrev  0x0000000000003bb0       0xcf ./SIALGORITHMS/NeuralNetwork.o
 .debug_abbrev  0x0000000000003c7f      0x173 ./W25Q64/DataConversion.o
 .debug_abbrev  0x0000000000003df2      0x226 ./W25Q64/W25Q64Drv.o

.debug_aranges  0x0000000000000000     0x1420
 .debug_aranges
                0x0000000000000000       0x20 ./Core/Src/dma.o
 .debug_aranges
                0x0000000000000020       0x20 ./Core/Src/gpio.o
 .debug_aranges
                0x0000000000000040       0x30 ./Core/Src/main.o
 .debug_aranges
                0x0000000000000070       0x30 ./Core/Src/sdio.o
 .debug_aranges
                0x00000000000000a0       0x40 ./Core/Src/spi.o
 .debug_aranges
                0x00000000000000e0       0x20 ./Core/Src/stm32f4xx_hal_msp.o
 .debug_aranges
                0x0000000000000100       0x80 ./Core/Src/stm32f4xx_it.o
 .debug_aranges
                0x0000000000000180       0x28 ./Core/Src/system_stm32f4xx.o
 .debug_aranges
                0x00000000000001a8       0x30 ./Core/Src/tim.o
 .debug_aranges
                0x00000000000001d8       0x28 ./Core/Startup/startup_stm32f411ceux.o
 .debug_aranges
                0x0000000000000200       0xf0 ./Drivers/STM32F4xx_HAL_Driver/Src/stm32f4xx_hal.o
 .debug_aranges
                0x00000000000002f0      0x118 ./Drivers/STM32F4xx_HAL_Driver/Src/stm32f4xx_hal_cortex.o
 .debug_aranges
                0x0000000000000408       0x90 ./Drivers/STM32F4xx_HAL_Driver/Src/stm32f4xx_hal_dma.o
 .debug_aranges
                0x0000000000000498       0x58 ./Drivers/STM32F4xx_HAL_Driver/Src/stm32f4xx_hal_gpio.o
 .debug_aranges
                0x00000000000004f0       0x88 ./Drivers/STM32F4xx_HAL_Driver/Src/stm32f4xx_hal_rcc.o
 .debug_aranges
                0x0000000000000578      0x168 ./Drivers/STM32F4xx_HAL_Driver/Src/stm32f4xx_hal_sd.o
 .debug_aranges
                0x00000000000006e0      0x1d0 ./Drivers/STM32F4xx_HAL_Driver/Src/stm32f4xx_hal_spi.o
 .debug_aranges
                0x00000000000008b0      0x3d0 ./Drivers/STM32F4xx_HAL_Driver/Src/stm32f4xx_hal_tim.o
 .debug_aranges
                0x0000000000000c80      0x168 ./Drivers/STM32F4xx_HAL_Driver/Src/stm32f4xx_hal_tim_ex.o
 .debug_aranges
                0x0000000000000de8      0x188 ./Drivers/STM32F4xx_HAL_Driver/Src/stm32f4xx_ll_sdmmc.o
 .debug_aranges
                0x0000000000000f70       0x28 ./FATFS/App/fatfs.o
 .debug_aranges
                0x0000000000000f98       0xa0 ./FATFS/Target/bsp_driver_sd.o
 .debug_aranges
                0x0000000000001038       0x60 ./FATFS/Target/sd_diskio.o
 .debug_aranges
                0x0000000000001098       0x40 ./GUI/Src/matrix.o
 .debug_aranges
                0x00000000000010d8       0x58 ./GUI/Src/menu.o
 .debug_aranges
                0x0000000000001130       0x50 ./LCD/Src/ST7789V.o
 .debug_aranges
                0x0000000000001180       0x38 ./LCD/Src/ST7789V_GFX.o
 .debug_aranges
                0x00000000000011b8       0x38 ./LCD/Src/XPT2046.o
 .debug_aranges
                0x00000000000011f0       0x18 ./LCD/Src/fonts.o
 .debug_aranges
                0x0000000000001208       0x40 ./Middlewares/Third_Party/FatFs/src/ff_gen_drv.o
 .debug_aranges
                0x0000000000001248       0x48 ./SDCARD/SDDrv.o
 .debug_aranges
                0x0000000000001290       0x78 ./SIALGORITHMS/ForwardPass.o
 .debug_aranges
                0x0000000000001308       0x28 ./SIALGORITHMS/NeuralNetwork.o
 .debug_aranges
                0x0000000000001330       0x48 ./W25Q64/DataConversion.o
 .debug_aranges
                0x0000000000001378       0xa8 ./W25Q64/W25Q64Drv.o

.debug_ranges   0x0000000000000000     0x1208
 .debug_ranges  0x0000000000000000       0x10 ./Core/Src/dma.o
 .debug_ranges  0x0000000000000010       0x10 ./Core/Src/gpio.o
 .debug_ranges  0x0000000000000020       0x20 ./Core/Src/main.o
 .debug_ranges  0x0000000000000040       0x20 ./Core/Src/sdio.o
 .debug_ranges  0x0000000000000060       0x30 ./Core/Src/spi.o
 .debug_ranges  0x0000000000000090       0x10 ./Core/Src/stm32f4xx_hal_msp.o
 .debug_ranges  0x00000000000000a0       0x70 ./Core/Src/stm32f4xx_it.o
 .debug_ranges  0x0000000000000110       0x18 ./Core/Src/system_stm32f4xx.o
 .debug_ranges  0x0000000000000128       0x20 ./Core/Src/tim.o
 .debug_ranges  0x0000000000000148       0x20 ./Core/Startup/startup_stm32f411ceux.o
 .debug_ranges  0x0000000000000168       0xe0 ./Drivers/STM32F4xx_HAL_Driver/Src/stm32f4xx_hal.o
 .debug_ranges  0x0000000000000248      0x108 ./Drivers/STM32F4xx_HAL_Driver/Src/stm32f4xx_hal_cortex.o
 .debug_ranges  0x0000000000000350       0x80 ./Drivers/STM32F4xx_HAL_Driver/Src/stm32f4xx_hal_dma.o
 .debug_ranges  0x00000000000003d0       0x48 ./Drivers/STM32F4xx_HAL_Driver/Src/stm32f4xx_hal_gpio.o
 .debug_ranges  0x0000000000000418       0x78 ./Drivers/STM32F4xx_HAL_Driver/Src/stm32f4xx_hal_rcc.o
 .debug_ranges  0x0000000000000490      0x158 ./Drivers/STM32F4xx_HAL_Driver/Src/stm32f4xx_hal_sd.o
 .debug_ranges  0x00000000000005e8      0x1c0 ./Drivers/STM32F4xx_HAL_Driver/Src/stm32f4xx_hal_spi.o
 .debug_ranges  0x00000000000007a8      0x3c0 ./Drivers/STM32F4xx_HAL_Driver/Src/stm32f4xx_hal_tim.o
 .debug_ranges  0x0000000000000b68      0x158 ./Drivers/STM32F4xx_HAL_Driver/Src/stm32f4xx_hal_tim_ex.o
 .debug_ranges  0x0000000000000cc0      0x178 ./Drivers/STM32F4xx_HAL_Driver/Src/stm32f4xx_ll_sdmmc.o
 .debug_ranges  0x0000000000000e38       0x18 ./FATFS/App/fatfs.o
 .debug_ranges  0x0000000000000e50       0x90 ./FATFS/Target/bsp_driver_sd.o
 .debug_ranges  0x0000000000000ee0       0x50 ./FATFS/Target/sd_diskio.o
 .debug_ranges  0x0000000000000f30       0x30 ./GUI/Src/matrix.o
 .debug_ranges  0x0000000000000f60       0x48 ./GUI/Src/menu.o
 .debug_ranges  0x0000000000000fa8       0x40 ./LCD/Src/ST7789V.o
 .debug_ranges  0x0000000000000fe8       0x28 ./LCD/Src/ST7789V_GFX.o
 .debug_ranges  0x0000000000001010       0x40 ./LCD/Src/XPT2046.o
 .debug_ranges  0x0000000000001050       0x30 ./Middlewares/Third_Party/FatFs/src/ff_gen_drv.o
 .debug_ranges  0x0000000000001080       0x38 ./SDCARD/SDDrv.o
 .debug_ranges  0x00000000000010b8       0x68 ./SIALGORITHMS/ForwardPass.o
 .debug_ranges  0x0000000000001120       0x18 ./SIALGORITHMS/NeuralNetwork.o
 .debug_ranges  0x0000000000001138       0x38 ./W25Q64/DataConversion.o
 .debug_ranges  0x0000000000001170       0x98 ./W25Q64/W25Q64Drv.o

.debug_macro    0x0000000000000000    0x1b3e0
 .debug_macro   0x0000000000000000      0x200 ./Core/Src/dma.o
 .debug_macro   0x0000000000000200      0xa78 ./Core/Src/dma.o
 .debug_macro   0x0000000000000c78      0x2a1 ./Core/Src/dma.o
 .debug_macro   0x0000000000000f19       0x2e ./Core/Src/dma.o
 .debug_macro   0x0000000000000f47       0x28 ./Core/Src/dma.o
 .debug_macro   0x0000000000000f6f       0x22 ./Core/Src/dma.o
 .debug_macro   0x0000000000000f91       0x8e ./Core/Src/dma.o
 .debug_macro   0x000000000000101f       0x51 ./Core/Src/dma.o
 .debug_macro   0x0000000000001070      0x103 ./Core/Src/dma.o
 .debug_macro   0x0000000000001173       0x6a ./Core/Src/dma.o
 .debug_macro   0x00000000000011dd      0x1df ./Core/Src/dma.o
 .debug_macro   0x00000000000013bc       0x1c ./Core/Src/dma.o
 .debug_macro   0x00000000000013d8       0x22 ./Core/Src/dma.o
 .debug_macro   0x00000000000013fa       0xd9 ./Core/Src/dma.o
 .debug_macro   0x00000000000014d3     0x102d ./Core/Src/dma.o
 .debug_macro   0x0000000000002500      0x11f ./Core/Src/dma.o
 .debug_macro   0x000000000000261f     0xb953 ./Core/Src/dma.o
 .debug_macro   0x000000000000df72       0x6d ./Core/Src/dma.o
 .debug_macro   0x000000000000dfdf     0x367e ./Core/Src/dma.o
 .debug_macro   0x000000000001165d      0x174 ./Core/Src/dma.o
 .debug_macro   0x00000000000117d1       0x5c ./Core/Src/dma.o
 .debug_macro   0x000000000001182d      0x447 ./Core/Src/dma.o
 .debug_macro   0x0000000000011c74      0x9fe ./Core/Src/dma.o
 .debug_macro   0x0000000000012672      0x115 ./Core/Src/dma.o
 .debug_macro   0x0000000000012787      0x11b ./Core/Src/dma.o
 .debug_macro   0x00000000000128a2       0xa5 ./Core/Src/dma.o
 .debug_macro   0x0000000000012947      0x15f ./Core/Src/dma.o
 .debug_macro   0x0000000000012aa6      0x287 ./Core/Src/dma.o
 .debug_macro   0x0000000000012d2d       0x5f ./Core/Src/dma.o
 .debug_macro   0x0000000000012d8c      0x236 ./Core/Src/dma.o
 .debug_macro   0x0000000000012fc2      0x132 ./Core/Src/dma.o
 .debug_macro   0x00000000000130f4      0x264 ./Core/Src/dma.o
 .debug_macro   0x0000000000013358       0x2e ./Core/Src/dma.o
 .debug_macro   0x0000000000013386      0x11a ./Core/Src/dma.o
 .debug_macro   0x00000000000134a0       0x85 ./Core/Src/dma.o
 .debug_macro   0x0000000000013525       0x89 ./Core/Src/dma.o
 .debug_macro   0x00000000000135ae      0x861 ./Core/Src/dma.o
 .debug_macro   0x0000000000013e0f      0x1d5 ./Core/Src/dma.o
 .debug_macro   0x0000000000013fe4      0x225 ./Core/Src/dma.o
 .debug_macro   0x0000000000014209      0x8e6 ./Core/Src/dma.o
 .debug_macro   0x0000000000014aef       0x47 ./Core/Src/dma.o
 .debug_macro   0x0000000000014b36      0x126 ./Core/Src/dma.o
 .debug_macro   0x0000000000014c5c       0x58 ./Core/Src/dma.o
 .debug_macro   0x0000000000014cb4      0x200 ./Core/Src/gpio.o
 .debug_macro   0x0000000000014eb4      0x4e4 ./Core/Src/main.o
 .debug_macro   0x0000000000015398       0x3a ./Core/Src/main.o
 .debug_macro   0x00000000000153d2       0xe5 ./Core/Src/main.o
 .debug_macro   0x00000000000154b7       0x1e ./Core/Src/main.o
 .debug_macro   0x00000000000154d5       0x52 ./Core/Src/main.o
 .debug_macro   0x0000000000015527       0x3c ./Core/Src/main.o
 .debug_macro   0x0000000000015563       0x34 ./Core/Src/main.o
 .debug_macro   0x0000000000015597       0x16 ./Core/Src/main.o
 .debug_macro   0x00000000000155ad       0x35 ./Core/Src/main.o
 .debug_macro   0x00000000000155e2       0x16 ./Core/Src/main.o
 .debug_macro   0x00000000000155f8       0x43 ./Core/Src/main.o
 .debug_macro   0x000000000001563b       0x34 ./Core/Src/main.o
 .debug_macro   0x000000000001566f       0x10 ./Core/Src/main.o
 .debug_macro   0x000000000001567f       0x58 ./Core/Src/main.o
 .debug_macro   0x00000000000156d7       0x71 ./Core/Src/main.o
 .debug_macro   0x0000000000015748       0x1c ./Core/Src/main.o
 .debug_macro   0x0000000000015764      0x12a ./Core/Src/main.o
 .debug_macro   0x000000000001588e      0x341 ./Core/Src/main.o
 .debug_macro   0x0000000000015bcf       0x16 ./Core/Src/main.o
 .debug_macro   0x0000000000015be5       0x29 ./Core/Src/main.o
 .debug_macro   0x0000000000015c0e       0x12 ./Core/Src/main.o
 .debug_macro   0x0000000000015c20       0xe2 ./Core/Src/main.o
 .debug_macro   0x0000000000015d02       0x8e ./Core/Src/main.o
 .debug_macro   0x0000000000015d90       0x16 ./Core/Src/main.o
 .debug_macro   0x0000000000015da6       0x20 ./Core/Src/main.o
 .debug_macro   0x0000000000015dc6      0x209 ./Core/Src/main.o
 .debug_macro   0x0000000000015fcf       0x76 ./Core/Src/main.o
 .debug_macro   0x0000000000016045       0x22 ./Core/Src/main.o
 .debug_macro   0x0000000000016067       0x4c ./Core/Src/main.o
 .debug_macro   0x00000000000160b3       0x28 ./Core/Src/main.o
 .debug_macro   0x00000000000160db       0x22 ./Core/Src/main.o
 .debug_macro   0x00000000000160fd       0x76 ./Core/Src/main.o
 .debug_macro   0x0000000000016173       0x1c ./Core/Src/main.o
 .debug_macro   0x000000000001618f       0x1c ./Core/Src/main.o
 .debug_macro   0x00000000000161ab       0x10 ./Core/Src/main.o
 .debug_macro   0x00000000000161bb       0x10 ./Core/Src/main.o
 .debug_macro   0x00000000000161cb       0x1c ./Core/Src/main.o
 .debug_macro   0x00000000000161e7       0x52 ./Core/Src/main.o
 .debug_macro   0x0000000000016239       0x22 ./Core/Src/main.o
 .debug_macro   0x000000000001625b       0x10 ./Core/Src/main.o
 .debug_macro   0x000000000001626b       0x52 ./Core/Src/main.o
 .debug_macro   0x00000000000162bd       0xd5 ./Core/Src/main.o
 .debug_macro   0x0000000000016392       0x1c ./Core/Src/main.o
 .debug_macro   0x00000000000163ae       0x3d ./Core/Src/main.o
 .debug_macro   0x00000000000163eb       0x16 ./Core/Src/main.o
 .debug_macro   0x0000000000016401      0x145 ./Core/Src/main.o
 .debug_macro   0x0000000000016546       0x16 ./Core/Src/main.o
 .debug_macro   0x000000000001655c      0x200 ./Core/Src/sdio.o
 .debug_macro   0x000000000001675c      0x200 ./Core/Src/spi.o
 .debug_macro   0x000000000001695c      0x1f6 ./Core/Src/stm32f4xx_hal_msp.o
 .debug_macro   0x0000000000016b52      0x200 ./Core/Src/stm32f4xx_it.o
 .debug_macro   0x0000000000016d52      0x1e7 ./Core/Src/system_stm32f4xx.o
 .debug_macro   0x0000000000016f39      0x200 ./Core/Src/tim.o
 .debug_macro   0x0000000000017139      0x247 ./Drivers/STM32F4xx_HAL_Driver/Src/stm32f4xx_hal.o
 .debug_macro   0x0000000000017380      0x1e7 ./Drivers/STM32F4xx_HAL_Driver/Src/stm32f4xx_hal_cortex.o
 .debug_macro   0x0000000000017567      0x1ed ./Drivers/STM32F4xx_HAL_Driver/Src/stm32f4xx_hal_dma.o
 .debug_macro   0x0000000000017754      0x1ed ./Drivers/STM32F4xx_HAL_Driver/Src/stm32f4xx_hal_gpio.o
 .debug_macro   0x0000000000017941      0x20b ./Drivers/STM32F4xx_HAL_Driver/Src/stm32f4xx_hal_rcc.o
 .debug_macro   0x0000000000017b4c      0x1e8 ./Drivers/STM32F4xx_HAL_Driver/Src/stm32f4xx_hal_sd.o
 .debug_macro   0x0000000000017d34      0x1f6 ./Drivers/STM32F4xx_HAL_Driver/Src/stm32f4xx_hal_spi.o
 .debug_macro   0x0000000000017f2a      0x1e8 ./Drivers/STM32F4xx_HAL_Driver/Src/stm32f4xx_hal_tim.o
 .debug_macro   0x0000000000018112      0x1e7 ./Drivers/STM32F4xx_HAL_Driver/Src/stm32f4xx_hal_tim_ex.o
 .debug_macro   0x00000000000182f9      0x1e8 ./Drivers/STM32F4xx_HAL_Driver/Src/stm32f4xx_ll_sdmmc.o
 .debug_macro   0x00000000000184e1      0x324 ./FATFS/App/fatfs.o
 .debug_macro   0x0000000000018805      0x1f6 ./FATFS/Target/bsp_driver_sd.o
 .debug_macro   0x00000000000189fb       0x34 ./FATFS/Target/bsp_driver_sd.o
 .debug_macro   0x0000000000018a2f      0x357 ./FATFS/Target/sd_diskio.o
 .debug_macro   0x0000000000018d86       0x16 ./FATFS/Target/sd_diskio.o
 .debug_macro   0x0000000000018d9c       0x7c ./FATFS/Target/sd_diskio.o
 .debug_macro   0x0000000000018e18      0x30f ./GUI/Src/matrix.o
 .debug_macro   0x0000000000019127       0x10 ./GUI/Src/matrix.o
 .debug_macro   0x0000000000019137      0x203 ./GUI/Src/matrix.o
 .debug_macro   0x000000000001933a       0x22 ./GUI/Src/matrix.o
 .debug_macro   0x000000000001935c      0x322 ./GUI/Src/menu.o
 .debug_macro   0x000000000001967e      0x304 ./LCD/Src/ST7789V.o
 .debug_macro   0x0000000000019982      0x304 ./LCD/Src/ST7789V_GFX.o
 .debug_macro   0x0000000000019c86      0x3a7 ./LCD/Src/XPT2046.o
 .debug_macro   0x000000000001a02d       0x16 ./LCD/Src/XPT2046.o
 .debug_macro   0x000000000001a043       0x97 ./LCD/Src/XPT2046.o
 .debug_macro   0x000000000001a0da       0xfd ./LCD/Src/XPT2046.o
 .debug_macro   0x000000000001a1d7       0x56 ./LCD/Src/XPT2046.o
 .debug_macro   0x000000000001a22d       0x6d ./LCD/Src/fonts.o
 .debug_macro   0x000000000001a29a      0x311 ./Middlewares/Third_Party/FatFs/src/ff_gen_drv.o
 .debug_macro   0x000000000001a5ab      0x424 ./SDCARD/SDDrv.o
 .debug_macro   0x000000000001a9cf       0xdb ./SDCARD/SDDrv.o
 .debug_macro   0x000000000001aaaa       0x16 ./SDCARD/SDDrv.o
 .debug_macro   0x000000000001aac0      0x444 ./SIALGORITHMS/ForwardPass.o
 .debug_macro   0x000000000001af04       0x10 ./SIALGORITHMS/ForwardPass.o
 .debug_macro   0x000000000001af14       0x70 ./SIALGORITHMS/ForwardPass.o
 .debug_macro   0x000000000001af84       0x72 ./SIALGORITHMS/NeuralNetwork.o
 .debug_macro   0x000000000001aff6      0x1d1 ./W25Q64/DataConversion.o
 .debug_macro   0x000000000001b1c7      0x219 ./W25Q64/W25Q64Drv.o

.debug_line     0x0000000000000000    0x1ae30
 .debug_line    0x0000000000000000      0x6cc ./Core/Src/dma.o
 .debug_line    0x00000000000006cc      0x6f4 ./Core/Src/gpio.o
 .debug_line    0x0000000000000dc0      0xda8 ./Core/Src/main.o
 .debug_line    0x0000000000001b68      0x79d ./Core/Src/sdio.o
 .debug_line    0x0000000000002305      0x885 ./Core/Src/spi.o
 .debug_line    0x0000000000002b8a      0x6cc ./Core/Src/stm32f4xx_hal_msp.o
 .debug_line    0x0000000000003256      0x7ef ./Core/Src/stm32f4xx_it.o
 .debug_line    0x0000000000003a45      0x74e ./Core/Src/system_stm32f4xx.o
 .debug_line    0x0000000000004193      0x737 ./Core/Src/tim.o
 .debug_line    0x00000000000048ca       0x88 ./Core/Startup/startup_stm32f411ceux.o
 .debug_line    0x0000000000004952      0x9b4 ./Drivers/STM32F4xx_HAL_Driver/Src/stm32f4xx_hal.o
 .debug_line    0x0000000000005306      0xc63 ./Drivers/STM32F4xx_HAL_Driver/Src/stm32f4xx_hal_cortex.o
 .debug_line    0x0000000000005f69      0xf18 ./Drivers/STM32F4xx_HAL_Driver/Src/stm32f4xx_hal_dma.o
 .debug_line    0x0000000000006e81      0xaec ./Drivers/STM32F4xx_HAL_Driver/Src/stm32f4xx_hal_gpio.o
 .debug_line    0x000000000000796d      0xd2e ./Drivers/STM32F4xx_HAL_Driver/Src/stm32f4xx_hal_rcc.o
 .debug_line    0x000000000000869b     0x1de1 ./Drivers/STM32F4xx_HAL_Driver/Src/stm32f4xx_hal_sd.o
 .debug_line    0x000000000000a47c     0x1c3e ./Drivers/STM32F4xx_HAL_Driver/Src/stm32f4xx_hal_spi.o
 .debug_line    0x000000000000c0ba     0x3482 ./Drivers/STM32F4xx_HAL_Driver/Src/stm32f4xx_hal_tim.o
 .debug_line    0x000000000000f53c     0x194c ./Drivers/STM32F4xx_HAL_Driver/Src/stm32f4xx_hal_tim_ex.o
 .debug_line    0x0000000000010e88      0xf47 ./Drivers/STM32F4xx_HAL_Driver/Src/stm32f4xx_ll_sdmmc.o
 .debug_line    0x0000000000011dcf      0x8c1 ./FATFS/App/fatfs.o
 .debug_line    0x0000000000012690      0x891 ./FATFS/Target/bsp_driver_sd.o