Archive member included to satisfy reference by file (symbol)

/opt/st/stm32cubeide_1.10.1/plugins/com.st.stm32cube.ide.mcu.externaltools.gnu-tools-for-stm32.10.3-2021.10.linux64_1.0.0.202111181127/tools/bin/../lib/gcc/arm-none-eabi/10.3.1/../../../../arm-none-eabi/lib/thumb/v7e-m+fp/hard/libc_nano.a(lib_a-errno.o)
                              ./Core/Src/syscalls.o (__errno)
/opt/st/stm32cubeide_1.10.1/plugins/com.st.stm32cube.ide.mcu.externaltools.gnu-tools-for-stm32.10.3-2021.10.linux64_1.0.0.202111181127/tools/bin/../lib/gcc/arm-none-eabi/10.3.1/../../../../arm-none-eabi/lib/thumb/v7e-m+fp/hard/libc_nano.a(lib_a-exit.o)
                              /opt/st/stm32cubeide_1.10.1/plugins/com.st.stm32cube.ide.mcu.externaltools.gnu-tools-for-stm32.10.3-2021.10.linux64_1.0.0.202111181127/tools/bin/../lib/gcc/arm-none-eabi/10.3.1/../../../../arm-none-eabi/lib/thumb/v7e-m+fp/hard/crt0.o (exit)
/opt/st/stm32cubeide_1.10.1/plugins/com.st.stm32cube.ide.mcu.externaltools.gnu-tools-for-stm32.10.3-2021.10.linux64_1.0.0.202111181127/tools/bin/../lib/gcc/arm-none-eabi/10.3.1/../../../../arm-none-eabi/lib/thumb/v7e-m+fp/hard/libc_nano.a(lib_a-impure.o)
                              /opt/st/stm32cubeide_1.10.1/plugins/com.st.stm32cube.ide.mcu.externaltools.gnu-tools-for-stm32.10.3-2021.10.linux64_1.0.0.202111181127/tools/bin/../lib/gcc/arm-none-eabi/10.3.1/../../../../arm-none-eabi/lib/thumb/v7e-m+fp/hard/libc_nano.a(lib_a-exit.o) (_global_impure_ptr)
/opt/st/stm32cubeide_1.10.1/plugins/com.st.stm32cube.ide.mcu.externaltools.gnu-tools-for-stm32.10.3-2021.10.linux64_1.0.0.202111181127/tools/bin/../lib/gcc/arm-none-eabi/10.3.1/../../../../arm-none-eabi/lib/thumb/v7e-m+fp/hard/libc_nano.a(lib_a-init.o)
                              /opt/st/stm32cubeide_1.10.1/plugins/com.st.stm32cube.ide.mcu.externaltools.gnu-tools-for-stm32.10.3-2021.10.linux64_1.0.0.202111181127/tools/bin/../lib/gcc/arm-none-eabi/10.3.1/../../../../arm-none-eabi/lib/thumb/v7e-m+fp/hard/crt0.o (__libc_init_array)
/opt/st/stm32cubeide_1.10.1/plugins/com.st.stm32cube.ide.mcu.externaltools.gnu-tools-for-stm32.10.3-2021.10.linux64_1.0.0.202111181127/tools/bin/../lib/gcc/arm-none-eabi/10.3.1/../../../../arm-none-eabi/lib/thumb/v7e-m+fp/hard/libc_nano.a(lib_a-memset.o)
                              /opt/st/stm32cubeide_1.10.1/plugins/com.st.stm32cube.ide.mcu.externaltools.gnu-tools-for-stm32.10.3-2021.10.linux64_1.0.0.202111181127/tools/bin/../lib/gcc/arm-none-eabi/10.3.1/../../../../arm-none-eabi/lib/thumb/v7e-m+fp/hard/crt0.o (memset)
/opt/st/stm32cubeide_1.10.1/plugins/com.st.stm32cube.ide.mcu.externaltools.gnu-tools-for-stm32.10.3-2021.10.linux64_1.0.0.202111181127/tools/bin/../lib/gcc/arm-none-eabi/10.3.1/thumb/v7e-m+fp/hard/libgcc.a(_aeabi_uldivmod.o)
                              ./Drivers/STM32F4xx_HAL_Driver/Src/stm32f4xx_hal_rcc.o (__aeabi_uldivmod)
/opt/st/stm32cubeide_1.10.1/plugins/com.st.stm32cube.ide.mcu.externaltools.gnu-tools-for-stm32.10.3-2021.10.linux64_1.0.0.202111181127/tools/bin/../lib/gcc/arm-none-eabi/10.3.1/thumb/v7e-m+fp/hard/libgcc.a(_udivmoddi4.o)
                              /opt/st/stm32cubeide_1.10.1/plugins/com.st.stm32cube.ide.mcu.externaltools.gnu-tools-for-stm32.10.3-2021.10.linux64_1.0.0.202111181127/tools/bin/../lib/gcc/arm-none-eabi/10.3.1/thumb/v7e-m+fp/hard/libgcc.a(_aeabi_uldivmod.o) (__udivmoddi4)
/opt/st/stm32cubeide_1.10.1/plugins/com.st.stm32cube.ide.mcu.externaltools.gnu-tools-for-stm32.10.3-2021.10.linux64_1.0.0.202111181127/tools/bin/../lib/gcc/arm-none-eabi/10.3.1/thumb/v7e-m+fp/hard/libgcc.a(_dvmd_tls.o)
                              /opt/st/stm32cubeide_1.10.1/plugins/com.st.stm32cube.ide.mcu.externaltools.gnu-tools-for-stm32.10.3-2021.10.linux64_1.0.0.202111181127/tools/bin/../lib/gcc/arm-none-eabi/10.3.1/thumb/v7e-m+fp/hard/libgcc.a(_aeabi_uldivmod.o) (__aeabi_ldiv0)

Discarded input sections

 .text          0x0000000000000000        0x0 /opt/st/stm32cubeide_1.10.1/plugins/com.st.stm32cube.ide.mcu.externaltools.gnu-tools-for-stm32.10.3-2021.10.linux64_1.0.0.202111181127/tools/bin/../lib/gcc/arm-none-eabi/10.3.1/thumb/v7e-m+fp/hard/crti.o
 .data          0x0000000000000000        0x0 /opt/st/stm32cubeide_1.10.1/plugins/com.st.stm32cube.ide.mcu.externaltools.gnu-tools-for-stm32.10.3-2021.10.linux64_1.0.0.202111181127/tools/bin/../lib/gcc/arm-none-eabi/10.3.1/thumb/v7e-m+fp/hard/crti.o
 .bss           0x0000000000000000        0x0 /opt/st/stm32cubeide_1.10.1/plugins/com.st.stm32cube.ide.mcu.externaltools.gnu-tools-for-stm32.10.3-2021.10.linux64_1.0.0.202111181127/tools/bin/../lib/gcc/arm-none-eabi/10.3.1/thumb/v7e-m+fp/hard/crti.o
 .data          0x0000000000000000        0x4 /opt/st/stm32cubeide_1.10.1/plugins/com.st.stm32cube.ide.mcu.externaltools.gnu-tools-for-stm32.10.3-2021.10.linux64_1.0.0.202111181127/tools/bin/../lib/gcc/arm-none-eabi/10.3.1/thumb/v7e-m+fp/hard/crtbegin.o
[...]
Memory Configuration

Name             Origin             Length             Attributes
RAM              0x0000000020000000 0x0000000000020000 xrw
FLASH            0x0000000008000000 0x0000000000080000 xr
*default*        0x0000000000000000 0xffffffffffffffff

Linker script and memory map

LOAD /opt/st/stm32cubeide_1.10.1/plugins/com.st.stm32cube.ide.mcu.externaltools.gnu-tools-for-stm32.10.3-2021.10.linux64_1.0.0.202111181127/tools/bin/../lib/gcc/arm-none-eabi/10.3.1/thumb/v7e-m+fp/hard/crti.o
LOAD /opt/st/stm32cubeide_1.10.1/plugins/com.st.stm32cube.ide.mcu.externaltools.gnu-tools-for-stm32.10.3-2021.10.linux64_1.0.0.202111181127/tools/bin/../lib/gcc/arm-none-eabi/10.3.1/thumb/v7e-m+fp/hard/crtbegin.o
LOAD /opt/st/stm32cubeide_1.10.1/plugins/com.st.stm32cube.ide.mcu.externaltools.gnu-tools-for-stm32.10.3-2021.10.linux64_1.0.0.202111181127/tools/bin/../lib/gcc/arm-none-eabi/10.3.1/../../../../arm-none-eabi/lib/thumb/v7e-m+fp/hard/crt0.o
LOAD ./Core/Src/dma.o
LOAD ./Core/Src/gpio.o
LOAD ./Core/Src/main.o
LOAD ./Core/Src/spi.o
LOAD ./Core/Src/stm32f4xx_hal_msp.o
LOAD ./Core/Src/stm32f4xx_it.o
LOAD ./Core/Src/syscalls.o
LOAD ./Core/Src/sysmem.o
LOAD ./Core/Src/system_stm32f4xx.o
LOAD ./Core/Src/tim.o
LOAD ./Core/Startup/startup_stm32f411ceux.o
LOAD ./Drivers/STM32F4xx_HAL_Driver/Src/stm32f4xx_hal.o
LOAD ./Drivers/STM32F4xx_HAL_Driver/Src/stm32f4xx_hal_cortex.o
LOAD ./Drivers/STM32F4xx_HAL_Driver/Src/stm32f4xx_hal_dma.o
LOAD ./Drivers/STM32F4xx_HAL_Driver/Src/stm32f4xx_hal_dma_ex.o
LOAD ./Drivers/STM32F4xx_HAL_Driver/Src/stm32f4xx_hal_exti.o
LOAD ./Drivers/STM32F4xx_HAL_Driver/Src/stm32f4xx_hal_flash.o
LOAD ./Drivers/STM32F4xx_HAL_Driver/Src/stm32f4xx_hal_flash_ex.o
LOAD ./Drivers/STM32F4xx_HAL_Driver/Src/stm32f4xx_hal_flash_ramfunc.o
LOAD ./Drivers/STM32F4xx_HAL_Driver/Src/stm32f4xx_hal_gpio.o
LOAD ./Drivers/STM32F4xx_HAL_Driver/Src/stm32f4xx_hal_pwr.o
LOAD ./Drivers/STM32F4xx_HAL_Driver/Src/stm32f4xx_hal_pwr_ex.o
LOAD ./Drivers/STM32F4xx_HAL_Driver/Src/stm32f4xx_hal_rcc.o
LOAD ./Drivers/STM32F4xx_HAL_Driver/Src/stm32f4xx_hal_rcc_ex.o
LOAD ./Drivers/STM32F4xx_HAL_Driver/Src/stm32f4xx_hal_spi.o
LOAD ./Drivers/STM32F4xx_HAL_Driver/Src/stm32f4xx_hal_tim.o
LOAD ./Drivers/STM32F4xx_HAL_Driver/Src/stm32f4xx_hal_tim_ex.o
LOAD ./GUI/Src/matrix.o
LOAD ./GUI/Src/menu.o
LOAD ./LCD/Src/ST7789V.o
LOAD ./LCD/Src/ST7789V_GFX.o
LOAD ./LCD/Src/XPT2046.o
START GROUP
LOAD /opt/st/stm32cubeide_1.10.1/plugins/com.st.stm32cube.ide.mcu.externaltools.gnu-tools-for-stm32.10.3-2021.10.linux64_1.0.0.202111181127/tools/bin/../lib/gcc/arm-none-eabi/10.3.1/../../../../arm-none-eabi/lib/thumb/v7e-m+fp/hard/libc_nano.a
LOAD /opt/st/stm32cubeide_1.10.1/plugins/com.st.stm32cube.ide.mcu.externaltools.gnu-tools-for-stm32.10.3-2021.10.linux64_1.0.0.202111181127/tools/bin/../lib/gcc/arm-none-eabi/10.3.1/../../../../arm-none-eabi/lib/thumb/v7e-m+fp/hard/libm.a
END GROUP
START GROUP
LOAD /opt/st/stm32cubeide_1.10.1/plugins/com.st.stm32cube.ide.mcu.externaltools.gnu-tools-for-stm32.10.3-2021.10.linux64_1.0.0.202111181127/tools/bin/../lib/gcc/arm-none-eabi/10.3.1/thumb/v7e-m+fp/hard/libgcc.a
LOAD /opt/st/stm32cubeide_1.10.1/plugins/com.st.stm32cube.ide.mcu.externaltools.gnu-tools-for-stm32.10.3-2021.10.linux64_1.0.0.202111181127/tools/bin/../lib/gcc/arm-none-eabi/10.3.1/../../../../arm-none-eabi/lib/thumb/v7e-m+fp/hard/libc_nano.a
END GROUP
START GROUP
LOAD /opt/st/stm32cubeide_1.10.1/plugins/com.st.stm32cube.ide.mcu.externaltools.gnu-tools-for-stm32.10.3-2021.10.linux64_1.0.0.202111181127/tools/bin/../lib/gcc/arm-none-eabi/10.3.1/thumb/v7e-m+fp/hard/libgcc.a
LOAD /opt/st/stm32cubeide_1.10.1/plugins/com.st.stm32cube.ide.mcu.externaltools.gnu-tools-for-stm32.10.3-2021.10.linux64_1.0.0.202111181127/tools/bin/../lib/gcc/arm-none-eabi/10.3.1/../../../../arm-none-eabi/lib/thumb/v7e-m+fp/hard/libc_nano.a
LOAD /opt/st/stm32cubeide_1.10.1/plugins/com.st.stm32cube.ide.mcu.externaltools.gnu-tools-for-stm32.10.3-2021.10.linux64_1.0.0.202111181127/tools/bin/../lib/gcc/arm-none-eabi/10.3.1/../../../../arm-none-eabi/lib/thumb/v7e-m+fp/hard/libnosys.a
END GROUP
START GROUP
LOAD /opt/st/stm32cubeide_1.10.1/plugins/com.st.stm32cube.ide.mcu.externaltools.gnu-tools-for-stm32.10.3-2021.10.linux64_1.0.0.202111181127/tools/bin/../lib/gcc/arm-none-eabi/10.3.1/thumb/v7e-m+fp/hard/libgcc.a
LOAD /opt/st/stm32cubeide_1.10.1/plugins/com.st.stm32cube.ide.mcu.externaltools.gnu-tools-for-stm32.10.3-2021.10.linux64_1.0.0.202111181127/tools/bin/../lib/gcc/arm-none-eabi/10.3.1/../../../../arm-none-eabi/lib/thumb/v7e-m+fp/hard/libc_nano.a
LOAD /opt/st/stm32cubeide_1.10.1/plugins/com.st.stm32cube.ide.mcu.externaltools.gnu-tools-for-stm32.10.3-2021.10.linux64_1.0.0.202111181127/tools/bin/../lib/gcc/arm-none-eabi/10.3.1/../../../../arm-none-eabi/lib/thumb/v7e-m+fp/hard/libnosys.a
END GROUP
LOAD /opt/st/stm32cubeide_1.10.1/plugins/com.st.stm32cube.ide.mcu.externaltools.gnu-tools-for-stm32.10.3-2021.10.linux64_1.0.0.202111181127/tools/bin/../lib/gcc/arm-none-eabi/10.3.1/thumb/v7e-m+fp/hard/crtend.o
LOAD /opt/st/stm32cubeide_1.10.1/plugins/com.st.stm32cube.ide.mcu.externaltools.gnu-tools-for-stm32.10.3-2021.10.linux64_1.0.0.202111181127/tools/bin/../lib/gcc/arm-none-eabi/10.3.1/thumb/v7e-m+fp/hard/crtn.o
                0x0000000020020000                _estack = (ORIGIN (RAM) + LENGTH (RAM))
                0x0000000000000200                _Min_Heap_Size = 0x200
                0x0000000000000400                _Min_Stack_Size = 0x400

.isr_vector     0x0000000008000000      0x198
                0x0000000008000000                . = ALIGN (0x4)
 *(.isr_vector)
 .isr_vector    0x0000000008000000      0x198 ./Core/Startup/startup_stm32f411ceux.o
                0x0000000008000000                g_pfnVectors
                0x0000000008000198                . = ALIGN (0x4)

.text           0x0000000008000198     0x408c
                0x0000000008000198                . = ALIGN (0x4)
 *(.text)
 .text          0x0000000008000198       0x40 /opt/st/stm32cubeide_1.10.1/plugins/com.st.stm32cube.ide.mcu.externaltools.gnu-tools-for-stm32.10.3-2021.10.linux64_1.0.0.202111181127/tools/bin/../lib/gcc/arm-none-eabi/10.3.1/thumb/v7e-m+fp/hard/crtbegin.o
 .text          0x00000000080001d8       0x30 /opt/st/stm32cubeide_1.10.1/plugins/com.st.stm32cube.ide.mcu.externaltools.gnu-tools-for-stm32.10.3-2021.10.linux64_1.0.0.202111181127/tools/bin/../lib/gcc/arm-none-eabi/10.3.1/thumb/v7e-m+fp/hard/libgcc.a(_aeabi_uldivmod.o)
                0x00000000080001d8                __aeabi_uldivmod
 .text          0x0000000008000208      0x2d0 /opt/st/stm32cubeide_1.10.1/plugins/com.st.stm32cube.ide.mcu.externaltools.gnu-tools-for-stm32.10.3-2021.10.linux64_1.0.0.202111181127/tools/bin/../lib/gcc/arm-none-eabi/10.3.1/thumb/v7e-m+fp/hard/libgcc.a(_udivmoddi4.o)
                0x0000000008000208                __udivmoddi4
 .text          0x00000000080004d8        0x4 /opt/st/stm32cubeide_1.10.1/plugins/com.st.stm32cube.ide.mcu.externaltools.gnu-tools-for-stm32.10.3-2021.10.linux64_1.0.0.202111181127/tools/bin/../lib/gcc/arm-none-eabi/10.3.1/thumb/v7e-m+fp/hard/libgcc.a(_dvmd_tls.o)
                0x00000000080004d8                __aeabi_ldiv0
                0x00000000080004d8                __aeabi_idiv0
 *(.text*)
 .text.MX_DMA_Init
                0x00000000080004dc       0x40 ./Core/Src/dma.o
                0x00000000080004dc                MX_DMA_Init
 .text.MX_GPIO_Init
                0x000000000800051c       0xd8 ./Core/Src/gpio.o
                0x000000000800051c                MX_GPIO_Init
 .text.main     0x00000000080005f4       0x88 ./Core/Src/main.o
                0x00000000080005f4                main
 .text.SystemClock_Config
                0x000000000800067c       0xd0 ./Core/Src/main.o
                0x000000000800067c                SystemClock_Config
 .text.Error_Handler
                0x000000000800074c        0xa ./Core/Src/main.o
                0x000000000800074c                Error_Handler
 *fill*         0x0000000008000756        0x2 
 .text.MX_SPI1_Init
                0x0000000008000758       0x70 ./Core/Src/spi.o
                0x0000000008000758                MX_SPI1_Init
 .text.MX_SPI3_Init
                0x00000000080007c8       0x6c ./Core/Src/spi.o
                0x00000000080007c8                MX_SPI3_Init
 .text.MX_SPI4_Init
                0x0000000008000834       0x6c ./Core/Src/spi.o
                0x0000000008000834                MX_SPI4_Init
 .text.HAL_SPI_MspInit
                0x00000000080008a0      0x248 ./Core/Src/spi.o
                0x00000000080008a0                HAL_SPI_MspInit
 .text.HAL_MspInit
                0x0000000008000ae8       0x50 ./Core/Src/stm32f4xx_hal_msp.o
                0x0000000008000ae8                HAL_MspInit
 .text.NMI_Handler
                0x0000000008000b38        0x6 ./Core/Src/stm32f4xx_it.o
                0x0000000008000b38                NMI_Handler
 .text.HardFault_Handler
                0x0000000008000b3e        0x6 ./Core/Src/stm32f4xx_it.o
                0x0000000008000b3e                HardFault_Handler
 .text.MemManage_Handler
                0x0000000008000b44        0x6 ./Core/Src/stm32f4xx_it.o
                0x0000000008000b44                MemManage_Handler
 .text.BusFault_Handler
                0x0000000008000b4a        0x6 ./Core/Src/stm32f4xx_it.o
                0x0000000008000b4a                BusFault_Handler
 .text.UsageFault_Handler
                0x0000000008000b50        0x6 ./Core/Src/stm32f4xx_it.o
                0x0000000008000b50                UsageFault_Handler
 .text.SVC_Handler
                0x0000000008000b56        0xe ./Core/Src/stm32f4xx_it.o
                0x0000000008000b56                SVC_Handler
 .text.DebugMon_Handler
                0x0000000008000b64        0xe ./Core/Src/stm32f4xx_it.o
                0x0000000008000b64                DebugMon_Handler
 .text.PendSV_Handler
                0x0000000008000b72        0xe ./Core/Src/stm32f4xx_it.o
                0x0000000008000b72                PendSV_Handler
 .text.SysTick_Handler
                0x0000000008000b80        0xc ./Core/Src/stm32f4xx_it.o
                0x0000000008000b80                SysTick_Handler
 .text.DMA2_Stream2_IRQHandler
                0x0000000008000b8c       0x14 ./Core/Src/stm32f4xx_it.o
                0x0000000008000b8c                DMA2_Stream2_IRQHandler
 .text.SystemInit
                0x0000000008000ba0       0x24 ./Core/Src/system_stm32f4xx.o
                0x0000000008000ba0                SystemInit
 .text.MX_TIM2_Init
                0x0000000008000bc4       0x9c ./Core/Src/tim.o
                0x0000000008000bc4                MX_TIM2_Init
 .text.HAL_TIM_Base_MspInit
                0x0000000008000c60       0x40 ./Core/Src/tim.o
                0x0000000008000c60                HAL_TIM_Base_MspInit
 .text.Reset_Handler
                0x0000000008000ca0       0x50 ./Core/Startup/startup_stm32f411ceux.o
                0x0000000008000ca0                Reset_Handler
 .text.Default_Handler
                0x0000000008000cf0        0x2 ./Core/Startup/startup_stm32f411ceux.o
                0x0000000008000cf0                RTC_Alarm_IRQHandler
                0x0000000008000cf0                EXTI2_IRQHandler
                0x0000000008000cf0                SPI4_IRQHandler
                0x0000000008000cf0                TIM1_CC_IRQHandler
                0x0000000008000cf0                DMA2_Stream5_IRQHandler
                0x0000000008000cf0                DMA1_Stream5_IRQHandler
                0x0000000008000cf0                PVD_IRQHandler
                0x0000000008000cf0                SDIO_IRQHandler
                0x0000000008000cf0                TAMP_STAMP_IRQHandler
                0x0000000008000cf0                EXTI3_IRQHandler
                0x0000000008000cf0                TIM1_UP_TIM10_IRQHandler
                0x0000000008000cf0                I2C3_ER_IRQHandler
                0x0000000008000cf0                EXTI0_IRQHandler
                0x0000000008000cf0                I2C2_EV_IRQHandler
                0x0000000008000cf0                DMA1_Stream2_IRQHandler
                0x0000000008000cf0                FPU_IRQHandler
                0x0000000008000cf0                SPI1_IRQHandler
                0x0000000008000cf0                TIM1_BRK_TIM9_IRQHandler
                0x0000000008000cf0                DMA2_Stream3_IRQHandler
                0x0000000008000cf0                USART6_IRQHandler
                0x0000000008000cf0                DMA2_Stream0_IRQHandler
                0x0000000008000cf0                TIM4_IRQHandler
                0x0000000008000cf0                I2C1_EV_IRQHandler
                0x0000000008000cf0                DMA1_Stream6_IRQHandler
                0x0000000008000cf0                DMA1_Stream1_IRQHandler
                0x0000000008000cf0                TIM3_IRQHandler
                0x0000000008000cf0                RCC_IRQHandler
                0x0000000008000cf0                Default_Handler
                0x0000000008000cf0                EXTI15_10_IRQHandler
                0x0000000008000cf0                ADC_IRQHandler
                0x0000000008000cf0                DMA1_Stream7_IRQHandler
                0x0000000008000cf0                SPI5_IRQHandler
                0x0000000008000cf0                TIM5_IRQHandler
                0x0000000008000cf0                DMA2_Stream7_IRQHandler
                0x0000000008000cf0                I2C3_EV_IRQHandler
                0x0000000008000cf0                EXTI9_5_IRQHandler
                0x0000000008000cf0                RTC_WKUP_IRQHandler
                0x0000000008000cf0                SPI2_IRQHandler
                0x0000000008000cf0                DMA1_Stream0_IRQHandler
                0x0000000008000cf0                EXTI4_IRQHandler
                0x0000000008000cf0                WWDG_IRQHandler
                0x0000000008000cf0                TIM2_IRQHandler
                0x0000000008000cf0                OTG_FS_WKUP_IRQHandler
                0x0000000008000cf0                TIM1_TRG_COM_TIM11_IRQHandler
                0x0000000008000cf0                EXTI1_IRQHandler
                0x0000000008000cf0                USART2_IRQHandler
                0x0000000008000cf0                I2C2_ER_IRQHandler
                0x0000000008000cf0                DMA2_Stream1_IRQHandler
                0x0000000008000cf0                FLASH_IRQHandler
                0x0000000008000cf0                DMA2_Stream4_IRQHandler
                0x0000000008000cf0                USART1_IRQHandler
                0x0000000008000cf0                OTG_FS_IRQHandler
                0x0000000008000cf0                SPI3_IRQHandler
                0x0000000008000cf0                DMA1_Stream4_IRQHandler
                0x0000000008000cf0                I2C1_ER_IRQHandler
                0x0000000008000cf0                DMA2_Stream6_IRQHandler
                0x0000000008000cf0                DMA1_Stream3_IRQHandler
 *fill*         0x0000000008000cf2        0x2 
 .text.HAL_Init
                0x0000000008000cf4       0x44 ./Drivers/STM32F4xx_HAL_Driver/Src/stm32f4xx_hal.o
                0x0000000008000cf4                HAL_Init
 .text.HAL_InitTick
                0x0000000008000d38       0x60 ./Drivers/STM32F4xx_HAL_Driver/Src/stm32f4xx_hal.o
                0x0000000008000d38                HAL_InitTick
 .text.HAL_IncTick
                0x0000000008000d98       0x28 ./Drivers/STM32F4xx_HAL_Driver/Src/stm32f4xx_hal.o
                0x0000000008000d98                HAL_IncTick
 .text.HAL_GetTick
                0x0000000008000dc0       0x18 ./Drivers/STM32F4xx_HAL_Driver/Src/stm32f4xx_hal.o
                0x0000000008000dc0                HAL_GetTick
 .text.HAL_Delay
                0x0000000008000dd8       0x48 ./Drivers/STM32F4xx_HAL_Driver/Src/stm32f4xx_hal.o
                0x0000000008000dd8                HAL_Delay
 .text.__NVIC_SetPriorityGrouping
                0x0000000008000e20       0x48 ./Drivers/STM32F4xx_HAL_Driver/Src/stm32f4xx_hal_cortex.o
 .text.__NVIC_GetPriorityGrouping
                0x0000000008000e68       0x1c ./Drivers/STM32F4xx_HAL_Driver/Src/stm32f4xx_hal_cortex.o
 .text.__NVIC_EnableIRQ
                0x0000000008000e84       0x3c ./Drivers/STM32F4xx_HAL_Driver/Src/stm32f4xx_hal_cortex.o
 .text.__NVIC_SetPriority
                0x0000000008000ec0       0x54 ./Drivers/STM32F4xx_HAL_Driver/Src/stm32f4xx_hal_cortex.o
 .text.NVIC_EncodePriority
                0x0000000008000f14       0x66 ./Drivers/STM32F4xx_HAL_Driver/Src/stm32f4xx_hal_cortex.o
 *fill*         0x0000000008000f7a        0x2 
 .text.SysTick_Config
                0x0000000008000f7c       0x44 ./Drivers/STM32F4xx_HAL_Driver/Src/stm32f4xx_hal_cortex.o
 .text.HAL_NVIC_SetPriorityGrouping
                0x0000000008000fc0       0x16 ./Drivers/STM32F4xx_HAL_Driver/Src/stm32f4xx_hal_cortex.o
                0x0000000008000fc0                HAL_NVIC_SetPriorityGrouping
 .text.HAL_NVIC_SetPriority
                0x0000000008000fd6       0x38 ./Drivers/STM32F4xx_HAL_Driver/Src/stm32f4xx_hal_cortex.o
                0x0000000008000fd6                HAL_NVIC_SetPriority
 .text.HAL_NVIC_EnableIRQ
                0x000000000800100e       0x1c ./Drivers/STM32F4xx_HAL_Driver/Src/stm32f4xx_hal_cortex.o
                0x000000000800100e                HAL_NVIC_EnableIRQ
 .text.HAL_SYSTICK_Config
                0x000000000800102a       0x18 ./Drivers/STM32F4xx_HAL_Driver/Src/stm32f4xx_hal_cortex.o
                0x000000000800102a                HAL_SYSTICK_Config
 *fill*         0x0000000008001042        0x2 
 .text.HAL_DMA_Init
                0x0000000008001044      0x15c ./Drivers/STM32F4xx_HAL_Driver/Src/stm32f4xx_hal_dma.o
                0x0000000008001044                HAL_DMA_Init
 .text.HAL_DMA_Start_IT
                0x00000000080011a0       0xb0 ./Drivers/STM32F4xx_HAL_Driver/Src/stm32f4xx_hal_dma.o
                0x00000000080011a0                HAL_DMA_Start_IT
 .text.HAL_DMA_IRQHandler
                0x0000000008001250      0x314 ./Drivers/STM32F4xx_HAL_Driver/Src/stm32f4xx_hal_dma.o
                0x0000000008001250                HAL_DMA_IRQHandler
 .text.DMA_SetConfig
                0x0000000008001564       0x5c ./Drivers/STM32F4xx_HAL_Driver/Src/stm32f4xx_hal_dma.o
 .text.DMA_CalcBaseAndBitshift
                0x00000000080015c0       0x6c ./Drivers/STM32F4xx_HAL_Driver/Src/stm32f4xx_hal_dma.o
 .text.DMA_CheckFifoParam
                0x000000000800162c       0xf8 ./Drivers/STM32F4xx_HAL_Driver/Src/stm32f4xx_hal_dma.o
 .text.HAL_GPIO_Init
                0x0000000008001724      0x308 ./Drivers/STM32F4xx_HAL_Driver/Src/stm32f4xx_hal_gpio.o
                0x0000000008001724                HAL_GPIO_Init
 .text.HAL_GPIO_ReadPin
                0x0000000008001a2c       0x30 ./Drivers/STM32F4xx_HAL_Driver/Src/stm32f4xx_hal_gpio.o
                0x0000000008001a2c                HAL_GPIO_ReadPin
 .text.HAL_GPIO_WritePin
                0x0000000008001a5c       0x32 ./Drivers/STM32F4xx_HAL_Driver/Src/stm32f4xx_hal_gpio.o
                0x0000000008001a5c                HAL_GPIO_WritePin
 *fill*         0x0000000008001a8e        0x2 
 .text.HAL_RCC_OscConfig
                0x0000000008001a90      0x4f0 ./Drivers/STM32F4xx_HAL_Driver/Src/stm32f4xx_hal_rcc.o
                0x0000000008001a90                HAL_RCC_OscConfig
 .text.HAL_RCC_ClockConfig
                0x0000000008001f80      0x1cc ./Drivers/STM32F4xx_HAL_Driver/Src/stm32f4xx_hal_rcc.o
                0x0000000008001f80                HAL_RCC_ClockConfig
 .text.HAL_RCC_GetSysClockFreq
                0x000000000800214c      0x18c ./Drivers/STM32F4xx_HAL_Driver/Src/stm32f4xx_hal_rcc.o
                0x000000000800214c                HAL_RCC_GetSysClockFreq
 .text.HAL_SPI_Init
                0x00000000080022d8      0x112 ./Drivers/STM32F4xx_HAL_Driver/Src/stm32f4xx_hal_spi.o
                0x00000000080022d8                HAL_SPI_Init
 .text.HAL_SPI_Transmit
                0x00000000080023ea      0x278 ./Drivers/STM32F4xx_HAL_Driver/Src/stm32f4xx_hal_spi.o
                0x00000000080023ea                HAL_SPI_Transmit
 .text.HAL_SPI_TransmitReceive
                0x0000000008002662      0x344 ./Drivers/STM32F4xx_HAL_Driver/Src/stm32f4xx_hal_spi.o
                0x0000000008002662                HAL_SPI_TransmitReceive
 *fill*         0x00000000080029a6        0x2 
 .text.HAL_SPI_Transmit_DMA
                0x00000000080029a8      0x16c ./Drivers/STM32F4xx_HAL_Driver/Src/stm32f4xx_hal_spi.o
                0x00000000080029a8                HAL_SPI_Transmit_DMA
 .text.HAL_SPI_TxCpltCallback
                0x0000000008002b14       0x14 ./Drivers/STM32F4xx_HAL_Driver/Src/stm32f4xx_hal_spi.o
                0x0000000008002b14                HAL_SPI_TxCpltCallback
 .text.HAL_SPI_TxHalfCpltCallback
                0x0000000008002b28       0x14 ./Drivers/STM32F4xx_HAL_Driver/Src/stm32f4xx_hal_spi.o
                0x0000000008002b28                HAL_SPI_TxHalfCpltCallback
 .text.HAL_SPI_ErrorCallback
                0x0000000008002b3c       0x14 ./Drivers/STM32F4xx_HAL_Driver/Src/stm32f4xx_hal_spi.o
                0x0000000008002b3c                HAL_SPI_ErrorCallback
 .text.SPI_DMATransmitCplt
                0x0000000008002b50       0xa8 ./Drivers/STM32F4xx_HAL_Driver/Src/stm32f4xx_hal_spi.o
 .text.SPI_DMAHalfTransmitCplt
                0x0000000008002bf8       0x1c ./Drivers/STM32F4xx_HAL_Driver/Src/stm32f4xx_hal_spi.o
 .text.SPI_DMAError
                0x0000000008002c14       0x40 ./Drivers/STM32F4xx_HAL_Driver/Src/stm32f4xx_hal_spi.o
 .text.SPI_WaitFlagStateUntilTimeout
                0x0000000008002c54      0x110 ./Drivers/STM32F4xx_HAL_Driver/Src/stm32f4xx_hal_spi.o
 .text.SPI_EndRxTxTransaction
                0x0000000008002d64       0x84 ./Drivers/STM32F4xx_HAL_Driver/Src/stm32f4xx_hal_spi.o
 .text.HAL_TIM_Base_Init
                0x0000000008002de8       0x9e ./Drivers/STM32F4xx_HAL_Driver/Src/stm32f4xx_hal_tim.o
                0x0000000008002de8                HAL_TIM_Base_Init
 *fill*         0x0000000008002e86        0x2 
 .text.HAL_TIM_Base_Start
                0x0000000008002e88       0xb4 ./Drivers/STM32F4xx_HAL_Driver/Src/stm32f4xx_hal_tim.o
                0x0000000008002e88                HAL_TIM_Base_Start
 .text.HAL_TIM_ConfigClockSource
                0x0000000008002f3c      0x18e ./Drivers/STM32F4xx_HAL_Driver/Src/stm32f4xx_hal_tim.o
                0x0000000008002f3c                HAL_TIM_ConfigClockSource
 *fill*         0x00000000080030ca        0x2 
 .text.TIM_Base_SetConfig
                0x00000000080030cc      0x100 ./Drivers/STM32F4xx_HAL_Driver/Src/stm32f4xx_hal_tim.o
                0x00000000080030cc                TIM_Base_SetConfig
 .text.TIM_TI1_ConfigInputStage
                0x00000000080031cc       0x5e ./Drivers/STM32F4xx_HAL_Driver/Src/stm32f4xx_hal_tim.o
 .text.TIM_TI2_ConfigInputStage
                0x000000000800322a       0x60 ./Drivers/STM32F4xx_HAL_Driver/Src/stm32f4xx_hal_tim.o
 .text.TIM_ITRx_SetConfig
                0x000000000800328a       0x36 ./Drivers/STM32F4xx_HAL_Driver/Src/stm32f4xx_hal_tim.o
 .text.TIM_ETR_SetConfig
                0x00000000080032c0       0x40 ./Drivers/STM32F4xx_HAL_Driver/Src/stm32f4xx_hal_tim.o
                0x00000000080032c0                TIM_ETR_SetConfig
 .text.HAL_TIMEx_MasterConfigSynchronization
                0x0000000008003300       0xdc ./Drivers/STM32F4xx_HAL_Driver/Src/stm32f4xx_hal_tim_ex.o
                0x0000000008003300                HAL_TIMEx_MasterConfigSynchronization
 .text.calcChunk
                0x00000000080033dc       0x98 ./GUI/Src/matrix.o
                0x00000000080033dc                calcChunk
 .text.boundaryConditions
                0x0000000008003474      0x3d4 ./GUI/Src/matrix.o
                0x0000000008003474                boundaryConditions
 .text.putDataToArray
                0x0000000008003848       0xe8 ./GUI/Src/matrix.o
                0x0000000008003848                putDataToArray
 .text.ColorPixel
                0x0000000008003930      0x10c ./GUI/Src/matrix.o
                0x0000000008003930                ColorPixel
 .text.refreshMenu
                0x0000000008003a3c       0x58 ./GUI/Src/menu.o
                0x0000000008003a3c                refreshMenu
 .text.updateScreen
                0x0000000008003a94       0xc0 ./GUI/Src/menu.o
                0x0000000008003a94                updateScreen
 .text.Init     0x0000000008003b54       0xac ./LCD/Src/ST7789V.o
                0x0000000008003b54                Init
 .text.Write_Command
                0x0000000008003c00       0x5c ./LCD/Src/ST7789V.o
                0x0000000008003c00                Write_Command
 .text.Write_Data_byte
                0x0000000008003c5c       0x5c ./LCD/Src/ST7789V.o
                0x0000000008003c5c                Write_Data_byte
 .text.Write_Data
                0x0000000008003cb8       0x88 ./LCD/Src/ST7789V.o
                0x0000000008003cb8                Write_Data
 .text.Set_Rotation
                0x0000000008003d40       0x30 ./LCD/Src/ST7789V.o
                0x0000000008003d40                Set_Rotation
 .text.Set_Adress
                0x0000000008003d70       0xb8 ./LCD/Src/ST7789V.o
                0x0000000008003d70                Set_Adress
 .text.Draw_Rect
                0x0000000008003e28      0x1cc ./LCD/Src/ST7789V_GFX.o
                0x0000000008003e28                Draw_Rect
 .text.XPT2046_TouchSelect
                0x0000000008003ff4       0x18 ./LCD/Src/XPT2046.o
 .text.XPT2046_TouchUnselect
                0x000000000800400c       0x18 ./LCD/Src/XPT2046.o
 .text.XPT2046_TouchPressed
                0x0000000008004024       0x24 ./LCD/Src/XPT2046.o
                0x0000000008004024                XPT2046_TouchPressed
 .text.XPT2046_TouchGetCoordinates
                0x0000000008004048      0x16c ./LCD/Src/XPT2046.o
                0x0000000008004048                XPT2046_TouchGetCoordinates
 .text.__libc_init_array
                0x00000000080041b4       0x48 /opt/st/stm32cubeide_1.10.1/plugins/com.st.stm32cube.ide.mcu.externaltools.gnu-tools-for-stm32.10.3-2021.10.linux64_1.0.0.202111181127/tools/bin/../lib/gcc/arm-none-eabi/10.3.1/../../../../arm-none-eabi/lib/thumb/v7e-m+fp/hard/libc_nano.a(lib_a-init.o)
                0x00000000080041b4                __libc_init_array
 .text.memset   0x00000000080041fc       0x10 /opt/st/stm32cubeide_1.10.1/plugins/com.st.stm32cube.ide.mcu.externaltools.gnu-tools-for-stm32.10.3-2021.10.linux64_1.0.0.202111181127/tools/bin/../lib/gcc/arm-none-eabi/10.3.1/../../../../arm-none-eabi/lib/thumb/v7e-m+fp/hard/libc_nano.a(lib_a-memset.o)
                0x00000000080041fc                memset
 *(.glue_7)
 .glue_7        0x000000000800420c        0x0 linker stubs
 *(.glue_7t)
 .glue_7t       0x000000000800420c        0x0 linker stubs
 *(.eh_frame)
 .eh_frame      0x000000000800420c        0x0 /opt/st/stm32cubeide_1.10.1/plugins/com.st.stm32cube.ide.mcu.externaltools.gnu-tools-for-stm32.10.3-2021.10.linux64_1.0.0.202111181127/tools/bin/../lib/gcc/arm-none-eabi/10.3.1/thumb/v7e-m+fp/hard/crtbegin.o
 *(.init)
 .init          0x000000000800420c        0x4 /opt/st/stm32cubeide_1.10.1/plugins/com.st.stm32cube.ide.mcu.externaltools.gnu-tools-for-stm32.10.3-2021.10.linux64_1.0.0.202111181127/tools/bin/../lib/gcc/arm-none-eabi/10.3.1/thumb/v7e-m+fp/hard/crti.o
                0x000000000800420c                _init
 .init          0x0000000008004210        0x8 /opt/st/stm32cubeide_1.10.1/plugins/com.st.stm32cube.ide.mcu.externaltools.gnu-tools-for-stm32.10.3-2021.10.linux64_1.0.0.202111181127/tools/bin/../lib/gcc/arm-none-eabi/10.3.1/thumb/v7e-m+fp/hard/crtn.o
 *(.fini)
 .fini          0x0000000008004218        0x4 /opt/st/stm32cubeide_1.10.1/plugins/com.st.stm32cube.ide.mcu.externaltools.gnu-tools-for-stm32.10.3-2021.10.linux64_1.0.0.202111181127/tools/bin/../lib/gcc/arm-none-eabi/10.3.1/thumb/v7e-m+fp/hard/crti.o
                0x0000000008004218                _fini
 .fini          0x000000000800421c        0x8 /opt/st/stm32cubeide_1.10.1/plugins/com.st.stm32cube.ide.mcu.externaltools.gnu-tools-for-stm32.10.3-2021.10.linux64_1.0.0.202111181127/tools/bin/../lib/gcc/arm-none-eabi/10.3.1/thumb/v7e-m+fp/hard/crtn.o
                0x0000000008004224                . = ALIGN (0x4)
                0x0000000008004224                _etext = .

.vfp11_veneer   0x0000000008004224        0x0
 .vfp11_veneer  0x0000000008004224        0x0 linker stubs

.v4_bx          0x0000000008004224        0x0
 .v4_bx         0x0000000008004224        0x0 linker stubs

.iplt           0x0000000008004224        0x0
 .iplt          0x0000000008004224        0x0 /opt/st/stm32cubeide_1.10.1/plugins/com.st.stm32cube.ide.mcu.externaltools.gnu-tools-for-stm32.10.3-2021.10.linux64_1.0.0.202111181127/tools/bin/../lib/gcc/arm-none-eabi/10.3.1/thumb/v7e-m+fp/hard/crtbegin.o

.rodata         0x0000000008004224       0x24
                0x0000000008004224                . = ALIGN (0x4)
 *(.rodata)
 *(.rodata*)
 .rodata.AHBPrescTable
                0x0000000008004224       0x10 ./Core/Src/system_stm32f4xx.o
                0x0000000008004224                AHBPrescTable
 .rodata.flagBitshiftOffset.0
                0x0000000008004234        0x8 ./Drivers/STM32F4xx_HAL_Driver/Src/stm32f4xx_hal_dma.o
 .rodata.cmd_read_y.2
                0x000000000800423c        0x1 ./LCD/Src/XPT2046.o
 *fill*         0x000000000800423d        0x3 
 .rodata.zeroes_tx.1
                0x0000000008004240        0x2 ./LCD/Src/XPT2046.o
 *fill*         0x0000000008004242        0x2 
 .rodata.cmd_read_x.0
                0x0000000008004244        0x1 ./LCD/Src/XPT2046.o
                0x0000000008004248                . = ALIGN (0x4)
 *fill*         0x0000000008004245        0x3 

.ARM.extab      0x0000000008004248        0x0
                0x0000000008004248                . = ALIGN (0x4)
 *(.ARM.extab* .gnu.linkonce.armextab.*)
                0x0000000008004248                . = ALIGN (0x4)

.ARM            0x0000000008004248        0x8
                0x0000000008004248                . = ALIGN (0x4)
                0x0000000008004248                __exidx_start = .
 *(.ARM.exidx*)
 .ARM.exidx     0x0000000008004248        0x8 /opt/st/stm32cubeide_1.10.1/plugins/com.st.stm32cube.ide.mcu.externaltools.gnu-tools-for-stm32.10.3-2021.10.linux64_1.0.0.202111181127/tools/bin/../lib/gcc/arm-none-eabi/10.3.1/thumb/v7e-m+fp/hard/libgcc.a(_udivmoddi4.o)
                0x0000000008004250                __exidx_end = .
                0x0000000008004250                . = ALIGN (0x4)

.rel.dyn        0x0000000008004250        0x0
 .rel.iplt      0x0000000008004250        0x0 /opt/st/stm32cubeide_1.10.1/plugins/com.st.stm32cube.ide.mcu.externaltools.gnu-tools-for-stm32.10.3-2021.10.linux64_1.0.0.202111181127/tools/bin/../lib/gcc/arm-none-eabi/10.3.1/thumb/v7e-m+fp/hard/crtbegin.o

.preinit_array  0x0000000008004250        0x0
                0x0000000008004250                . = ALIGN (0x4)
                0x0000000008004250                PROVIDE (__preinit_array_start = .)
 *(.preinit_array*)
                0x0000000008004250                PROVIDE (__preinit_array_end = .)
                0x0000000008004250                . = ALIGN (0x4)

.init_array     0x0000000008004250        0x4
                0x0000000008004250                . = ALIGN (0x4)
                0x0000000008004250                PROVIDE (__init_array_start = .)
 *(SORT_BY_NAME(.init_array.*))
 *(.init_array*)
 .init_array    0x0000000008004250        0x4 /opt/st/stm32cubeide_1.10.1/plugins/com.st.stm32cube.ide.mcu.externaltools.gnu-tools-for-stm32.10.3-2021.10.linux64_1.0.0.202111181127/tools/bin/../lib/gcc/arm-none-eabi/10.3.1/thumb/v7e-m+fp/hard/crtbegin.o
                0x0000000008004254                PROVIDE (__init_array_end = .)
                0x0000000008004254                . = ALIGN (0x4)

.fini_array     0x0000000008004254        0x4
                0x0000000008004254                . = ALIGN (0x4)
                [!provide]                        PROVIDE (__fini_array_start = .)
 *(SORT_BY_NAME(.fini_array.*))
 *(.fini_array*)
 .fini_array    0x0000000008004254        0x4 /opt/st/stm32cubeide_1.10.1/plugins/com.st.stm32cube.ide.mcu.externaltools.gnu-tools-for-stm32.10.3-2021.10.linux64_1.0.0.202111181127/tools/bin/../lib/gcc/arm-none-eabi/10.3.1/thumb/v7e-m+fp/hard/crtbegin.o
                [!provide]                        PROVIDE (__fini_array_end = .)
                0x0000000008004258                . = ALIGN (0x4)
                0x0000000008004258                _sidata = LOADADDR (.data)

.data           0x0000000020000000       0x10 load address 0x0000000008004258
                0x0000000020000000                . = ALIGN (0x4)
                0x0000000020000000                _sdata = .
 *(.data)
 *(.data*)
 .data.SystemCoreClock
                0x0000000020000000        0x4 ./Core/Src/system_stm32f4xx.o
                0x0000000020000000                SystemCoreClock
 .data.uwTickPrio
                0x0000000020000004        0x4 ./Drivers/STM32F4xx_HAL_Driver/Src/stm32f4xx_hal.o
                0x0000000020000004                uwTickPrio
 .data.uwTickFreq
                0x0000000020000008        0x1 ./Drivers/STM32F4xx_HAL_Driver/Src/stm32f4xx_hal.o
                0x0000000020000008                uwTickFreq
 .data.menuState.1
                0x0000000020000009        0x1 ./GUI/Src/menu.o
 .data.LCD_HEIGHT
                0x000000002000000a        0x2 ./LCD/Src/ST7789V.o
                0x000000002000000a                LCD_HEIGHT
 .data.LCD_WIDTH
                0x000000002000000c        0x2 ./LCD/Src/ST7789V.o
                0x000000002000000c                LCD_WIDTH
 *(.RamFunc)
 *(.RamFunc*)
                0x0000000020000010                . = ALIGN (0x4)
 *fill*         0x000000002000000e        0x2 
                0x0000000020000010                _edata = .

.igot.plt       0x0000000020000010        0x0 load address 0x0000000008004268
 .igot.plt      0x0000000020000010        0x0 /opt/st/stm32cubeide_1.10.1/plugins/com.st.stm32cube.ide.mcu.externaltools.gnu-tools-for-stm32.10.3-2021.10.linux64_1.0.0.202111181127/tools/bin/../lib/gcc/arm-none-eabi/10.3.1/thumb/v7e-m+fp/hard/crtbegin.o
                0x0000000020000010                . = ALIGN (0x4)

.bss            0x0000000020000010      0x4f0 load address 0x0000000008004268
                0x0000000020000010                _sbss = .
                0x0000000020000010                __bss_start__ = _sbss
 *(.bss)
 .bss           0x0000000020000010       0x1c /opt/st/stm32cubeide_1.10.1/plugins/com.st.stm32cube.ide.mcu.externaltools.gnu-tools-for-stm32.10.3-2021.10.linux64_1.0.0.202111181127/tools/bin/../lib/gcc/arm-none-eabi/10.3.1/thumb/v7e-m+fp/hard/crtbegin.o
 *(.bss*)
 .bss.PosX      0x000000002000002c        0x2 ./Core/Src/main.o
                0x000000002000002c                PosX
 .bss.PosY      0x000000002000002e        0x2 ./Core/Src/main.o
                0x000000002000002e                PosY
 .bss.costam    0x0000000020000030        0x4 ./Core/Src/main.o
                0x0000000020000030                costam
 .bss.hspi1     0x0000000020000034       0x58 ./Core/Src/spi.o
                0x0000000020000034                hspi1
 .bss.hspi3     0x000000002000008c       0x58 ./Core/Src/spi.o
                0x000000002000008c                hspi3
 .bss.hspi4     0x00000000200000e4       0x58 ./Core/Src/spi.o
                0x00000000200000e4                hspi4
 .bss.hdma_spi1_tx
                0x000000002000013c       0x60 ./Core/Src/spi.o
                0x000000002000013c                hdma_spi1_tx
 .bss.htim2     0x000000002000019c       0x48 ./Core/Src/tim.o
                0x000000002000019c                htim2
 .bss.uwTick    0x00000000200001e4        0x4 ./Drivers/STM32F4xx_HAL_Driver/Src/stm32f4xx_hal.o
                0x00000000200001e4                uwTick
 .bss.Screen    0x00000000200001e8      0x310 ./GUI/Src/matrix.o
                0x00000000200001e8                Screen
 .bss.prevRow.1
                0x00000000200004f8        0x1 ./GUI/Src/matrix.o
 .bss.prevCol.0
                0x00000000200004f9        0x1 ./GUI/Src/matrix.o
 *fill*         0x00000000200004fa        0x2 
 .bss.time1.0   0x00000000200004fc        0x4 ./GUI/Src/menu.o
 *(COMMON)
                0x0000000020000500                . = ALIGN (0x4)
                0x0000000020000500                _ebss = .
                0x0000000020000500                __bss_end__ = _ebss

._user_heap_stack
                0x0000000020000500      0x600 load address 0x0000000008004268
                0x0000000020000500                . = ALIGN (0x8)
                [!provide]                        PROVIDE (end = .)
                0x0000000020000500                PROVIDE (_end = .)
                0x0000000020000700                . = (. + _Min_Heap_Size)
 *fill*         0x0000000020000500      0x200 
                0x0000000020000b00                . = (. + _Min_Stack_Size)
 *fill*         0x0000000020000700      0x400 
                0x0000000020000b00                . = ALIGN (0x8)

/DISCARD/
 libc.a(*)
 libm.a(*)
 libgcc.a(*)

.ARM.attributes
                0x0000000000000000       0x30
 *(.ARM.attributes)
 .ARM.attributes
                0x0000000000000000       0x1e /opt/st/stm32cubeide_1.10.1/plugins/com.st.stm32cube.ide.mcu.externaltools.gnu-tools-for-stm32.10.3-2021.10.linux64_1.0.0.202111181127/tools/bin/../lib/gcc/arm-none-eabi/10.3.1/thumb/v7e-m+fp/hard/crti.o
 .ARM.attributes
                0x000000000000001e       0x34 /opt/st/stm32cubeide_1.10.1/plugins/com.st.stm32cube.ide.mcu.externaltools.gnu-tools-for-stm32.10.3-2021.10.linux64_1.0.0.202111181127/tools/bin/../lib/gcc/arm-none-eabi/10.3.1/thumb/v7e-m+fp/hard/crtbegin.o
 .ARM.attributes
                0x0000000000000052       0x34 ./Core/Src/dma.o
 .ARM.attributes
                0x0000000000000086       0x34 ./Core/Src/gpio.o
 .ARM.attributes
                0x00000000000000ba       0x34 ./Core/Src/main.o
 .ARM.attributes
                0x00000000000000ee       0x34 ./Core/Src/spi.o
 .ARM.attributes
                0x0000000000000122       0x34 ./Core/Src/stm32f4xx_hal_msp.o
 .ARM.attributes
                0x0000000000000156       0x34 ./Core/Src/stm32f4xx_it.o
 .ARM.attributes
                0x000000000000018a       0x34 ./Core/Src/system_stm32f4xx.o
 .ARM.attributes
                0x00000000000001be       0x34 ./Core/Src/tim.o
 .ARM.attributes
                0x00000000000001f2       0x21 ./Core/Startup/startup_stm32f411ceux.o
 .ARM.attributes
                0x0000000000000213       0x34 ./Drivers/STM32F4xx_HAL_Driver/Src/stm32f4xx_hal.o
 .ARM.attributes
                0x0000000000000247       0x34 ./Drivers/STM32F4xx_HAL_Driver/Src/stm32f4xx_hal_cortex.o
 .ARM.attributes
                0x000000000000027b       0x34 ./Drivers/STM32F4xx_HAL_Driver/Src/stm32f4xx_hal_dma.o
 .ARM.attributes
                0x00000000000002af       0x34 ./Drivers/STM32F4xx_HAL_Driver/Src/stm32f4xx_hal_gpio.o
 .ARM.attributes
                0x00000000000002e3       0x34 ./Drivers/STM32F4xx_HAL_Driver/Src/stm32f4xx_hal_rcc.o
 .ARM.attributes
                0x0000000000000317       0x34 ./Drivers/STM32F4xx_HAL_Driver/Src/stm32f4xx_hal_spi.o
 .ARM.attributes
                0x000000000000034b       0x34 ./Drivers/STM32F4xx_HAL_Driver/Src/stm32f4xx_hal_tim.o
 .ARM.attributes
                0x000000000000037f       0x34 ./Drivers/STM32F4xx_HAL_Driver/Src/stm32f4xx_hal_tim_ex.o
 .ARM.attributes
                0x00000000000003b3       0x34 ./GUI/Src/matrix.o
 .ARM.attributes
                0x00000000000003e7       0x34 ./GUI/Src/menu.o
 .ARM.attributes
                0x000000000000041b       0x34 ./LCD/Src/ST7789V.o
 .ARM.attributes
                0x000000000000044f       0x34 ./LCD/Src/ST7789V_GFX.o
 .ARM.attributes
                0x0000000000000483       0x34 ./LCD/Src/XPT2046.o
 .ARM.attributes
                0x00000000000004b7       0x34 /opt/st/stm32cubeide_1.10.1/plugins/com.st.stm32cube.ide.mcu.externaltools.gnu-tools-for-stm32.10.3-2021.10.linux64_1.0.0.202111181127/tools/bin/../lib/gcc/arm-none-eabi/10.3.1/../../../../arm-none-eabi/lib/thumb/v7e-m+fp/hard/libc_nano.a(lib_a-init.o)
 .ARM.attributes
                0x00000000000004eb       0x34 /opt/st/stm32cubeide_1.10.1/plugins/com.st.stm32cube.ide.mcu.externaltools.gnu-tools-for-stm32.10.3-2021.10.linux64_1.0.0.202111181127/tools/bin/../lib/gcc/arm-none-eabi/10.3.1/../../../../arm-none-eabi/lib/thumb/v7e-m+fp/hard/libc_nano.a(lib_a-memset.o)
 .ARM.attributes
                0x000000000000051f       0x1e /opt/st/stm32cubeide_1.10.1/plugins/com.st.stm32cube.ide.mcu.externaltools.gnu-tools-for-stm32.10.3-2021.10.linux64_1.0.0.202111181127/tools/bin/../lib/gcc/arm-none-eabi/10.3.1/thumb/v7e-m+fp/hard/libgcc.a(_aeabi_uldivmod.o)
 .ARM.attributes
                0x000000000000053d       0x34 /opt/st/stm32cubeide_1.10.1/plugins/com.st.stm32cube.ide.mcu.externaltools.gnu-tools-for-stm32.10.3-2021.10.linux64_1.0.0.202111181127/tools/bin/../lib/gcc/arm-none-eabi/10.3.1/thumb/v7e-m+fp/hard/libgcc.a(_udivmoddi4.o)
 .ARM.attributes
                0x0000000000000571       0x1e /opt/st/stm32cubeide_1.10.1/plugins/com.st.stm32cube.ide.mcu.externaltools.gnu-tools-for-stm32.10.3-2021.10.linux64_1.0.0.202111181127/tools/bin/../lib/gcc/arm-none-eabi/10.3.1/thumb/v7e-m+fp/hard/libgcc.a(_dvmd_tls.o)
 .ARM.attributes
                0x000000000000058f       0x1e /opt/st/stm32cubeide_1.10.1/plugins/com.st.stm32cube.ide.mcu.externaltools.gnu-tools-for-stm32.10.3-2021.10.linux64_1.0.0.202111181127/tools/bin/../lib/gcc/arm-none-eabi/10.3.1/thumb/v7e-m+fp/hard/crtn.o
OUTPUT(DIGIT_REC.elf elf32-littlearm)
LOAD linker stubs
LOAD /opt/st/stm32cubeide_1.10.1/plugins/com.st.stm32cube.ide.mcu.externaltools.gnu-tools-for-stm32.10.3-2021.10.linux64_1.0.0.202111181127/tools/bin/../lib/gcc/arm-none-eabi/10.3.1/../../../../arm-none-eabi/lib/thumb/v7e-m+fp/hard/libc.a
LOAD /opt/st/stm32cubeide_1.10.1/plugins/com.st.stm32cube.ide.mcu.externaltools.gnu-tools-for-stm32.10.3-2021.10.linux64_1.0.0.202111181127/tools/bin/../lib/gcc/arm-none-eabi/10.3.1/../../../../arm-none-eabi/lib/thumb/v7e-m+fp/hard/libm.a
LOAD /opt/st/stm32cubeide_1.10.1/plugins/com.st.stm32cube.ide.mcu.externaltools.gnu-tools-for-stm32.10.3-2021.10.linux64_1.0.0.202111181127/tools/bin/../lib/gcc/arm-none-eabi/10.3.1/thumb/v7e-m+fp/hard/libgcc.a

.debug_info     0x0000000000000000     0xdc30
 .debug_info    0x0000000000000000      0x488 ./Core/Src/dma.o
 .debug_info    0x0000000000000488      0x463 ./Core/Src/gpio.o
 .debug_info    0x00000000000008eb      0xc9e ./Core/Src/main.o
 .debug_info    0x0000000000001589      0xb38 ./Core/Src/spi.o
 .debug_info    0x00000000000020c1      0x2d4 ./Core/Src/stm32f4xx_hal_msp.o
 .debug_info    0x0000000000002395      0x3e4 ./Core/Src/stm32f4xx_it.o
 .debug_info    0x0000000000002779      0x54f ./Core/Src/system_stm32f4xx.o
 .debug_info    0x0000000000002cc8      0xa0a ./Core/Src/tim.o
 .debug_info    0x00000000000036d2       0x22 ./Core/Startup/startup_stm32f411ceux.o
 .debug_info    0x00000000000036f4      0x90d ./Drivers/STM32F4xx_HAL_Driver/Src/stm32f4xx_hal.o
 .debug_info    0x0000000000004001      0xd8b ./Drivers/STM32F4xx_HAL_Driver/Src/stm32f4xx_hal_cortex.o
 .debug_info    0x0000000000004d8c      0x947 ./Drivers/STM32F4xx_HAL_Driver/Src/stm32f4xx_hal_dma.o
 .debug_info    0x00000000000056d3      0x78e ./Drivers/STM32F4xx_HAL_Driver/Src/stm32f4xx_hal_gpio.o
 .debug_info    0x0000000000005e61      0x98d ./Drivers/STM32F4xx_HAL_Driver/Src/stm32f4xx_hal_rcc.o
 .debug_info    0x00000000000067ee     0x1750 ./Drivers/STM32F4xx_HAL_Driver/Src/stm32f4xx_hal_spi.o
 .debug_info    0x0000000000007f3e     0x2bb6 ./Drivers/STM32F4xx_HAL_Driver/Src/stm32f4xx_hal_tim.o
 .debug_info    0x000000000000aaf4     0x15d8 ./Drivers/STM32F4xx_HAL_Driver/Src/stm32f4xx_hal_tim_ex.o
 .debug_info    0x000000000000c0cc      0x278 ./GUI/Src/matrix.o
 .debug_info    0x000000000000c344      0x312 ./GUI/Src/menu.o
 .debug_info    0x000000000000c656      0x920 ./LCD/Src/ST7789V.o
 .debug_info    0x000000000000cf76      0x3d0 ./LCD/Src/ST7789V_GFX.o
 .debug_info    0x000000000000d346      0x8ea ./LCD/Src/XPT2046.o

.debug_abbrev   0x0000000000000000     0x262e
 .debug_abbrev  0x0000000000000000      0x10a ./Core/Src/dma.o
 .debug_abbrev  0x000000000000010a      0x146 ./Core/Src/gpio.o
 .debug_abbrev  0x0000000000000250      0x26c ./Core/Src/main.o
 .debug_abbrev  0x00000000000004bc      0x1f3 ./Core/Src/spi.o
 .debug_abbrev  0x00000000000006af       0xd4 ./Core/Src/stm32f4xx_hal_msp.o
 .debug_abbrev  0x0000000000000783      0x130 ./Core/Src/stm32f4xx_it.o
 .debug_abbrev  0x00000000000008b3      0x116 ./Core/Src/system_stm32f4xx.o
 .debug_abbrev  0x00000000000009c9      0x1d3 ./Core/Src/tim.o
 .debug_abbrev  0x0000000000000b9c       0x12 ./Core/Startup/startup_stm32f411ceux.o
 .debug_abbrev  0x0000000000000bae      0x23e ./Drivers/STM32F4xx_HAL_Driver/Src/stm32f4xx_hal.o
 .debug_abbrev  0x0000000000000dec      0x316 ./Drivers/STM32F4xx_HAL_Driver/Src/stm32f4xx_hal_cortex.o
 .debug_abbrev  0x0000000000001102      0x21b ./Drivers/STM32F4xx_HAL_Driver/Src/stm32f4xx_hal_dma.o
 .debug_abbrev  0x000000000000131d      0x1c4 ./Drivers/STM32F4xx_HAL_Driver/Src/stm32f4xx_hal_gpio.o
 .debug_abbrev  0x00000000000014e1      0x2aa ./Drivers/STM32F4xx_HAL_Driver/Src/stm32f4xx_hal_rcc.o
 .debug_abbrev  0x000000000000178b      0x26e ./Drivers/STM32F4xx_HAL_Driver/Src/stm32f4xx_hal_spi.o
 .debug_abbrev  0x00000000000019f9      0x26e ./Drivers/STM32F4xx_HAL_Driver/Src/stm32f4xx_hal_tim.o
 .debug_abbrev  0x0000000000001c67      0x276 ./Drivers/STM32F4xx_HAL_Driver/Src/stm32f4xx_hal_tim_ex.o
 .debug_abbrev  0x0000000000001edd      0x119 ./GUI/Src/matrix.o
 .debug_abbrev  0x0000000000001ff6      0x15c ./GUI/Src/menu.o
 .debug_abbrev  0x0000000000002152      0x1e2 ./LCD/Src/ST7789V.o
 .debug_abbrev  0x0000000000002334       0xf7 ./LCD/Src/ST7789V_GFX.o
 .debug_abbrev  0x000000000000242b      0x203 ./LCD/Src/XPT2046.o

.debug_aranges  0x0000000000000000      0xd48
 .debug_aranges
                0x0000000000000000       0x20 ./Core/Src/dma.o
 .debug_aranges
                0x0000000000000020       0x20 ./Core/Src/gpio.o
 .debug_aranges
                0x0000000000000040       0x30 ./Core/Src/main.o
 .debug_aranges
                0x0000000000000070       0x40 ./Core/Src/spi.o
 .debug_aranges
                0x00000000000000b0       0x20 ./Core/Src/stm32f4xx_hal_msp.o
 .debug_aranges
                0x00000000000000d0       0x68 ./Core/Src/stm32f4xx_it.o
 .debug_aranges
                0x0000000000000138       0x28 ./Core/Src/system_stm32f4xx.o
 .debug_aranges
                0x0000000000000160       0x30 ./Core/Src/tim.o
 .debug_aranges
                0x0000000000000190       0x28 ./Core/Startup/startup_stm32f411ceux.o
 .debug_aranges
                0x00000000000001b8       0xf0 ./Drivers/STM32F4xx_HAL_Driver/Src/stm32f4xx_hal.o
 .debug_aranges
                0x00000000000002a8      0x118 ./Drivers/STM32F4xx_HAL_Driver/Src/stm32f4xx_hal_cortex.o
 .debug_aranges
                0x00000000000003c0       0x90 ./Drivers/STM32F4xx_HAL_Driver/Src/stm32f4xx_hal_dma.o
 .debug_aranges
                0x0000000000000450       0x58 ./Drivers/STM32F4xx_HAL_Driver/Src/stm32f4xx_hal_gpio.o
 .debug_aranges
                0x00000000000004a8       0x88 ./Drivers/STM32F4xx_HAL_Driver/Src/stm32f4xx_hal_rcc.o
 .debug_aranges
                0x0000000000000530      0x1d0 ./Drivers/STM32F4xx_HAL_Driver/Src/stm32f4xx_hal_spi.o
 .debug_aranges
                0x0000000000000700      0x3d0 ./Drivers/STM32F4xx_HAL_Driver/Src/stm32f4xx_hal_tim.o
 .debug_aranges
                0x0000000000000ad0      0x168 ./Drivers/STM32F4xx_HAL_Driver/Src/stm32f4xx_hal_tim_ex.o
 .debug_aranges
                0x0000000000000c38       0x38 ./GUI/Src/matrix.o
 .debug_aranges
                0x0000000000000c70       0x28 ./GUI/Src/menu.o
 .debug_aranges
                0x0000000000000c98       0x48 ./LCD/Src/ST7789V.o
 .debug_aranges
                0x0000000000000ce0       0x30 ./LCD/Src/ST7789V_GFX.o
 .debug_aranges
                0x0000000000000d10       0x38 ./LCD/Src/XPT2046.o

.debug_ranges   0x0000000000000000      0xc08
 .debug_ranges  0x0000000000000000       0x10 ./Core/Src/dma.o
 .debug_ranges  0x0000000000000010       0x10 ./Core/Src/gpio.o
 .debug_ranges  0x0000000000000020       0x20 ./Core/Src/main.o
 .debug_ranges  0x0000000000000040       0x30 ./Core/Src/spi.o
 .debug_ranges  0x0000000000000070       0x10 ./Core/Src/stm32f4xx_hal_msp.o
 .debug_ranges  0x0000000000000080       0x58 ./Core/Src/stm32f4xx_it.o
 .debug_ranges  0x00000000000000d8       0x18 ./Core/Src/system_stm32f4xx.o
 .debug_ranges  0x00000000000000f0       0x20 ./Core/Src/tim.o
 .debug_ranges  0x0000000000000110       0x20 ./Core/Startup/startup_stm32f411ceux.o
 .debug_ranges  0x0000000000000130       0xe0 ./Drivers/STM32F4xx_HAL_Driver/Src/stm32f4xx_hal.o
 .debug_ranges  0x0000000000000210      0x108 ./Drivers/STM32F4xx_HAL_Driver/Src/stm32f4xx_hal_cortex.o
 .debug_ranges  0x0000000000000318       0x80 ./Drivers/STM32F4xx_HAL_Driver/Src/stm32f4xx_hal_dma.o
 .debug_ranges  0x0000000000000398       0x48 ./Drivers/STM32F4xx_HAL_Driver/Src/stm32f4xx_hal_gpio.o
 .debug_ranges  0x00000000000003e0       0x78 ./Drivers/STM32F4xx_HAL_Driver/Src/stm32f4xx_hal_rcc.o
 .debug_ranges  0x0000000000000458      0x1c0 ./Drivers/STM32F4xx_HAL_Driver/Src/stm32f4xx_hal_spi.o
 .debug_ranges  0x0000000000000618      0x3c0 ./Drivers/STM32F4xx_HAL_Driver/Src/stm32f4xx_hal_tim.o
 .debug_ranges  0x00000000000009d8      0x158 ./Drivers/STM32F4xx_HAL_Driver/Src/stm32f4xx_hal_tim_ex.o
 .debug_ranges  0x0000000000000b30       0x28 ./GUI/Src/matrix.o
 .debug_ranges  0x0000000000000b58       0x18 ./GUI/Src/menu.o
 .debug_ranges  0x0000000000000b70       0x38 ./LCD/Src/ST7789V.o
 .debug_ranges  0x0000000000000ba8       0x20 ./LCD/Src/ST7789V_GFX.o
 .debug_ranges  0x0000000000000bc8       0x40 ./LCD/Src/XPT2046.o

.debug_macro    0x0000000000000000    0x17acc
 .debug_macro   0x0000000000000000      0x1e7 ./Core/Src/dma.o
 .debug_macro   0x00000000000001e7      0xa78 ./Core/Src/dma.o
 .debug_macro   0x0000000000000c5f      0x29b ./Core/Src/dma.o
 .debug_macro   0x0000000000000efa       0x2e ./Core/Src/dma.o
 .debug_macro   0x0000000000000f28       0x28 ./Core/Src/dma.o
 .debug_macro   0x0000000000000f50       0x22 ./Core/Src/dma.o
 .debug_macro   0x0000000000000f72       0x8e ./Core/Src/dma.o
 .debug_macro   0x0000000000001000       0x51 ./Core/Src/dma.o
 .debug_macro   0x0000000000001051      0x103 ./Core/Src/dma.o
 .debug_macro   0x0000000000001154       0x6a ./Core/Src/dma.o
 .debug_macro   0x00000000000011be      0x1df ./Core/Src/dma.o
 .debug_macro   0x000000000000139d       0x1c ./Core/Src/dma.o
 .debug_macro   0x00000000000013b9       0x22 ./Core/Src/dma.o
 .debug_macro   0x00000000000013db       0xd9 ./Core/Src/dma.o
 .debug_macro   0x00000000000014b4     0x102d ./Core/Src/dma.o
 .debug_macro   0x00000000000024e1      0x11f ./Core/Src/dma.o
 .debug_macro   0x0000000000002600     0xb953 ./Core/Src/dma.o
 .debug_macro   0x000000000000df53       0x6d ./Core/Src/dma.o
 .debug_macro   0x000000000000dfc0     0x367e ./Core/Src/dma.o
 .debug_macro   0x000000000001163e      0x174 ./Core/Src/dma.o
 .debug_macro   0x00000000000117b2       0x5c ./Core/Src/dma.o
 .debug_macro   0x000000000001180e      0x447 ./Core/Src/dma.o
 .debug_macro   0x0000000000011c55      0x9fe ./Core/Src/dma.o
 .debug_macro   0x0000000000012653      0x115 ./Core/Src/dma.o
 .debug_macro   0x0000000000012768      0x11b ./Core/Src/dma.o
 .debug_macro   0x0000000000012883       0xa5 ./Core/Src/dma.o
 .debug_macro   0x0000000000012928      0x15f ./Core/Src/dma.o
 .debug_macro   0x0000000000012a87      0x287 ./Core/Src/dma.o
 .debug_macro   0x0000000000012d0e       0x5f ./Core/Src/dma.o
 .debug_macro   0x0000000000012d6d      0x236 ./Core/Src/dma.o
 .debug_macro   0x0000000000012fa3      0x132 ./Core/Src/dma.o
 .debug_macro   0x00000000000130d5      0x264 ./Core/Src/dma.o
 .debug_macro   0x0000000000013339       0x2e ./Core/Src/dma.o
 .debug_macro   0x0000000000013367      0x11a ./Core/Src/dma.o
 .debug_macro   0x0000000000013481       0x85 ./Core/Src/dma.o
 .debug_macro   0x0000000000013506       0x89 ./Core/Src/dma.o
 .debug_macro   0x000000000001358f      0x225 ./Core/Src/dma.o
 .debug_macro   0x00000000000137b4      0x8e6 ./Core/Src/dma.o
 .debug_macro   0x000000000001409a       0x47 ./Core/Src/dma.o
 .debug_macro   0x00000000000140e1      0x126 ./Core/Src/dma.o
 .debug_macro   0x0000000000014207       0x4c ./Core/Src/dma.o
 .debug_macro   0x0000000000014253      0x1e7 ./Core/Src/gpio.o
 .debug_macro   0x000000000001443a      0x313 ./Core/Src/main.o
 .debug_macro   0x000000000001474d       0x52 ./Core/Src/main.o
 .debug_macro   0x000000000001479f       0x1e ./Core/Src/main.o
 .debug_macro   0x00000000000147bd       0x3c ./Core/Src/main.o
 .debug_macro   0x00000000000147f9       0x34 ./Core/Src/main.o
 .debug_macro   0x000000000001482d       0x16 ./Core/Src/main.o
 .debug_macro   0x0000000000014843       0x43 ./Core/Src/main.o
 .debug_macro   0x0000000000014886       0x34 ./Core/Src/main.o
 .debug_macro   0x00000000000148ba       0x10 ./Core/Src/main.o
 .debug_macro   0x00000000000148ca       0x58 ./Core/Src/main.o
 .debug_macro   0x0000000000014922       0x71 ./Core/Src/main.o
 .debug_macro   0x0000000000014993       0x1c ./Core/Src/main.o
 .debug_macro   0x00000000000149af      0x12a ./Core/Src/main.o
 .debug_macro   0x0000000000014ad9      0x341 ./Core/Src/main.o
 .debug_macro   0x0000000000014e1a       0x10 ./Core/Src/main.o
 .debug_macro   0x0000000000014e2a       0x35 ./Core/Src/main.o
 .debug_macro   0x0000000000014e5f       0x20 ./Core/Src/main.o
 .debug_macro   0x0000000000014e7f      0x226 ./Core/Src/main.o
 .debug_macro   0x00000000000150a5       0x7c ./Core/Src/main.o
 .debug_macro   0x0000000000015121       0x22 ./Core/Src/main.o
 .debug_macro   0x0000000000015143       0x4c ./Core/Src/main.o
 .debug_macro   0x000000000001518f       0x46 ./Core/Src/main.o
 .debug_macro   0x00000000000151d5       0x34 ./Core/Src/main.o
 .debug_macro   0x0000000000015209      0x1e7 ./Core/Src/spi.o
 .debug_macro   0x00000000000153f0      0x1dd ./Core/Src/stm32f4xx_hal_msp.o
 .debug_macro   0x00000000000155cd      0x1e7 ./Core/Src/stm32f4xx_it.o
 .debug_macro   0x00000000000157b4      0x1ce ./Core/Src/system_stm32f4xx.o
 .debug_macro   0x0000000000015982      0x1e7 ./Core/Src/tim.o
 .debug_macro   0x0000000000015b69      0x22e ./Drivers/STM32F4xx_HAL_Driver/Src/stm32f4xx_hal.o
 .debug_macro   0x0000000000015d97      0x1ce ./Drivers/STM32F4xx_HAL_Driver/Src/stm32f4xx_hal_cortex.o
 .debug_macro   0x0000000000015f65      0x1d4 ./Drivers/STM32F4xx_HAL_Driver/Src/stm32f4xx_hal_dma.o
 .debug_macro   0x0000000000016139      0x1d4 ./Drivers/STM32F4xx_HAL_Driver/Src/stm32f4xx_hal_gpio.o
 .debug_macro   0x000000000001630d      0x1f2 ./Drivers/STM32F4xx_HAL_Driver/Src/stm32f4xx_hal_rcc.o
 .debug_macro   0x00000000000164ff      0x1dd ./Drivers/STM32F4xx_HAL_Driver/Src/stm32f4xx_hal_spi.o
 .debug_macro   0x00000000000166dc      0x1cf ./Drivers/STM32F4xx_HAL_Driver/Src/stm32f4xx_hal_tim.o
 .debug_macro   0x00000000000168ab      0x1ce ./Drivers/STM32F4xx_HAL_Driver/Src/stm32f4xx_hal_tim_ex.o
 .debug_macro   0x0000000000016a79       0x7b ./GUI/Src/matrix.o
 .debug_macro   0x0000000000016af4       0x40 ./GUI/Src/matrix.o
 .debug_macro   0x0000000000016b34      0x2d6 ./GUI/Src/menu.o
 .debug_macro   0x0000000000016e0a       0x2e ./GUI/Src/menu.o
 .debug_macro   0x0000000000016e38       0x56 ./GUI/Src/menu.o
 .debug_macro   0x0000000000016e8e      0x2dd ./LCD/Src/ST7789V.o
 .debug_macro   0x000000000001716b      0x220 ./LCD/Src/ST7789V.o
 .debug_macro   0x000000000001738b      0x209 ./LCD/Src/ST7789V_GFX.o
 .debug_macro   0x0000000000017594      0x38e ./LCD/Src/XPT2046.o
 .debug_macro   0x0000000000017922       0x16 ./LCD/Src/XPT2046.o
 .debug_macro   0x0000000000017938       0x97 ./LCD/Src/XPT2046.o
 .debug_macro   0x00000000000179cf       0xfd ./LCD/Src/XPT2046.o

.debug_line     0x0000000000000000    0x109b0
 .debug_line    0x0000000000000000      0x692 ./Core/Src/dma.o
 .debug_line    0x0000000000000692      0x6bd ./Core/Src/gpio.o
 .debug_line    0x0000000000000d4f      0x8fa ./Core/Src/main.o
 .debug_line    0x0000000000001649      0x84f ./Core/Src/spi.o
 .debug_line    0x0000000000001e98      0x696 ./Core/Src/stm32f4xx_hal_msp.o
 .debug_line    0x000000000000252e      0x771 ./Core/Src/stm32f4xx_it.o
 .debug_line    0x0000000000002c9f      0x718 ./Core/Src/system_stm32f4xx.o
 .debug_line    0x00000000000033b7      0x701 ./Core/Src/tim.o
 .debug_line    0x0000000000003ab8       0x88 ./Core/Startup/startup_stm32f411ceux.o
 .debug_line    0x0000000000003b40      0x97e ./Drivers/STM32F4xx_HAL_Driver/Src/stm32f4xx_hal.o
 .debug_line    0x00000000000044be      0xc2d ./Drivers/STM32F4xx_HAL_Driver/Src/stm32f4xx_hal_cortex.o
 .debug_line    0x00000000000050eb      0xee2 ./Drivers/STM32F4xx_HAL_Driver/Src/stm32f4xx_hal_dma.o
 .debug_line    0x0000000000005fcd      0xab6 ./Drivers/STM32F4xx_HAL_Driver/Src/stm32f4xx_hal_gpio.o
 .debug_line    0x0000000000006a83      0xcf8 ./Drivers/STM32F4xx_HAL_Driver/Src/stm32f4xx_hal_rcc.o
 .debug_line    0x000000000000777b     0x1c08 ./Drivers/STM32F4xx_HAL_Driver/Src/stm32f4xx_hal_spi.o
 .debug_line    0x0000000000009383     0x344c ./Drivers/STM32F4xx_HAL_Driver/Src/stm32f4xx_hal_tim.o
 .debug_line    0x000000000000c7cf     0x1916 ./Drivers/STM32F4xx_HAL_Driver/Src/stm32f4xx_hal_tim_ex.o
 .debug_line    0x000000000000e0e5      0x532 ./GUI/Src/matrix.o
 .debug_line    0x000000000000e617      0x89d ./GUI/Src/menu.o
 .debug_line    0x000000000000eeb4      0x931 ./LCD/Src/ST7789V.o
 .debug_line    0x000000000000f7e5      0x83c ./LCD/Src/ST7789V_GFX.o
 .debug_line    0x0000000000010021      0x98f ./LCD/Src/XPT2046.o

.debug_str      0x0000000000000000    0x8e3b6
 .debug_str     0x0000000000000000    0x863c4 ./Core/Src/dma.o
                                      0x86644 (size before relaxing)
 .debug_str     0x00000000000863c4       0xe9 ./Core/Src/gpio.o
                                      0x8634a (size before relaxing)
 .debug_str     0x00000000000864ad     0x3ecf ./Core/Src/main.o
                                      0x8a244 (size before relaxing)
 .debug_str     0x000000000008a37c      0x237 ./Core/Src/spi.o
                                      0x86825 (size before relaxing)
 .debug_str     0x000000000008a5b3       0x2c ./Core/Src/stm32f4xx_hal_msp.o
                                      0x8627f (size before relaxing)
 .debug_str     0x000000000008a5df       0xf4 ./Core/Src/stm32f4xx_it.o
                                      0x8648b (size before relaxing)
 .debug_str     0x000000000008a6d3       0xdb ./Core/Src/system_stm32f4xx.o
                                      0x8621a (size before relaxing)
 .debug_str     0x000000000008a7ae      0x13c ./Core/Src/tim.o
                                      0x86920 (size before relaxing)
 .debug_str     0x000000000008a8ea       0x36 ./Core/Startup/startup_stm32f411ceux.o
                                         0x91 (size before relaxing)
 .debug_str     0x000000000008a920      0x60d ./Drivers/STM32F4xx_HAL_Driver/Src/stm32f4xx_hal.o
                                      0x86c46 (size before relaxing)
 .debug_str     0x000000000008af2d      0x341 ./Drivers/STM32F4xx_HAL_Driver/Src/stm32f4xx_hal_cortex.o
                                      0x86967 (size before relaxing)
 .debug_str     0x000000000008b26e      0x2e6 ./Drivers/STM32F4xx_HAL_Driver/Src/stm32f4xx_hal_dma.o
                                      0x86622 (size before relaxing)
 .debug_str     0x000000000008b554      0x121 ./Drivers/STM32F4xx_HAL_Driver/Src/stm32f4xx_hal_gpio.o
                                      0x86395 (size before relaxing)
 .debug_str     0x000000000008b675      0x233 ./Drivers/STM32F4xx_HAL_Driver/Src/stm32f4xx_hal_rcc.o
                                      0x8664e (size before relaxing)
 .debug_str     0x000000000008b8a8      0x572 ./Drivers/STM32F4xx_HAL_Driver/Src/stm32f4xx_hal_spi.o
                                      0x86acc (size before relaxing)
 .debug_str     0x000000000008be1a      0xdd6 ./Drivers/STM32F4xx_HAL_Driver/Src/stm32f4xx_hal_tim.o
                                      0x87582 (size before relaxing)
 .debug_str     0x000000000008cbf0      0x493 ./Drivers/STM32F4xx_HAL_Driver/Src/stm32f4xx_hal_tim_ex.o
                                      0x86d9e (size before relaxing)
 .debug_str     0x000000000008d083       0x7a ./GUI/Src/matrix.o
                                       0x3e6d (size before relaxing)
 .debug_str     0x000000000008d0fd       0x22 ./GUI/Src/menu.o
                                      0x89263 (size before relaxing)
 .debug_str     0x000000000008d11f       0xa6 ./LCD/Src/ST7789V.o
                                      0x89c5e (size before relaxing)
 .debug_str     0x000000000008d1c5       0xb1 ./LCD/Src/ST7789V_GFX.o
                                      0x86958 (size before relaxing)
 .debug_str     0x000000000008d276     0x1140 ./LCD/Src/XPT2046.o
                                      0x8a730 (size before relaxing)

.comment        0x0000000000000000       0x50
 .comment       0x0000000000000000       0x50 ./Core/Src/dma.o
                                         0x51 (size before relaxing)
 .comment       0x0000000000000050       0x51 ./Core/Src/gpio.o
 .comment       0x0000000000000050       0x51 ./Core/Src/main.o
 .comment       0x0000000000000050       0x51 ./Core/Src/spi.o
 .comment       0x0000000000000050       0x51 ./Core/Src/stm32f4xx_hal_msp.o
 .comment       0x0000000000000050       0x51 ./Core/Src/stm32f4xx_it.o
 .comment       0x0000000000000050       0x51 ./Core/Src/system_stm32f4xx.o
 .comment       0x0000000000000050       0x51 ./Core/Src/tim.o
 .comment       0x0000000000000050       0x51 ./Drivers/STM32F4xx_HAL_Driver/Src/stm32f4xx_hal.o
 .comment       0x0000000000000050       0x51 ./Drivers/STM32F4xx_HAL_Driver/Src/stm32f4xx_hal_cortex.o
 .comment       0x0000000000000050       0x51 ./Drivers/STM32F4xx_HAL_Driver/Src/stm32f4xx_hal_dma.o
 .comment       0x0000000000000050       0x51 ./Drivers/STM32F4xx_HAL_Driver/Src/stm32f4xx_hal_gpio.o
 .comment       0x0000000000000050       0x51 ./Drivers/STM32F4xx_HAL_Driver/Src/stm32f4xx_hal_rcc.o
 .comment       0x0000000000000050       0x51 ./Drivers/STM32F4xx_HAL_Driver/Src/stm32f4xx_hal_spi.o
 .comment       0x0000000000000050       0x51 ./Drivers/STM32F4xx_HAL_Driver/Src/stm32f4xx_hal_tim.o
 .comment       0x0000000000000050       0x51 ./Drivers/STM32F4xx_HAL_Driver/Src/stm32f4xx_hal_tim_ex.o
 .comment       0x0000000000000050       0x51 ./GUI/Src/matrix.o
 .comment       0x0000000000000050       0x51 ./GUI/Src/menu.o
 .comment       0x0000000000000050       0x51 ./LCD/Src/ST7789V.o
 .comment       0x0000000000000050       0x51 ./LCD/Src/ST7789V_GFX.o
 .comment       0x0000000000000050       0x51 ./LCD/Src/XPT2046.o

.debug_frame    0x0000000000000000     0x3518
 .debug_frame   0x0000000000000000       0x34 ./Core/Src/dma.o
 .debug_frame   0x0000000000000034       0x34 ./Core/Src/gpio.o
 .debug_frame   0x0000000000000068       0x68 ./Core/Src/main.o
 .debug_frame   0x00000000000000d0       0xb0 ./Core/Src/spi.o
 .debug_frame   0x0000000000000180       0x38 ./Core/Src/stm32f4xx_hal_msp.o
 .debug_frame   0x00000000000001b8      0x120 ./Core/Src/stm32f4xx_it.o
 .debug_frame   0x00000000000002d8       0x58 ./Core/Src/system_stm32f4xx.o
 .debug_frame   0x0000000000000330       0x84 ./Core/Src/tim.o
 .debug_frame   0x00000000000003b4      0x374 ./Drivers/STM32F4xx_HAL_Driver/Src/stm32f4xx_hal.o
 .debug_frame   0x0000000000000728      0x498 ./Drivers/STM32F4xx_HAL_Driver/Src/stm32f4xx_hal_cortex.o
 .debug_frame   0x0000000000000bc0      0x250 ./Drivers/STM32F4xx_HAL_Driver/Src/stm32f4xx_hal_dma.o
 .debug_frame   0x0000000000000e10      0x14c ./Drivers/STM32F4xx_HAL_Driver/Src/stm32f4xx_hal_gpio.o
 .debug_frame   0x0000000000000f5c      0x1f4 ./Drivers/STM32F4xx_HAL_Driver/Src/stm32f4xx_hal_rcc.o
 .debug_frame   0x0000000000001150      0x824 ./Drivers/STM32F4xx_HAL_Driver/Src/stm32f4xx_hal_spi.o
 .debug_frame   0x0000000000001974     0x11bc ./Drivers/STM32F4xx_HAL_Driver/Src/stm32f4xx_hal_tim.o
 .debug_frame   0x0000000000002b30      0x638 ./Drivers/STM32F4xx_HAL_Driver/Src/stm32f4xx_hal_tim_ex.o
 .debug_frame   0x0000000000003168       0xa8 ./GUI/Src/matrix.o
 .debug_frame   0x0000000000003210       0x5c ./GUI/Src/menu.o
 .debug_frame   0x000000000000326c       0xe4 ./LCD/Src/ST7789V.o
 .debug_frame   0x0000000000003350       0x90 ./LCD/Src/ST7789V_GFX.o
 .debug_frame   0x00000000000033e0       0x8c ./LCD/Src/XPT2046.o
 .debug_frame   0x000000000000346c       0x2c /opt/st/stm32cubeide_1.10.1/plugins/com.st.stm32cube.ide.mcu.externaltools.gnu-tools-for-stm32.10.3-2021.10.linux64_1.0.0.202111181127/tools/bin/../lib/gcc/arm-none-eabi/10.3.1/../../../../arm-none-eabi/lib/thumb/v7e-m+fp/hard/libc_nano.a(lib_a-init.o)
 .debug_frame   0x0000000000003498       0x20 /opt/st/stm32cubeide_1.10.1/plugins/com.st.stm32cube.ide.mcu.externaltools.gnu-tools-for-stm32.10.3-2021.10.linux64_1.0.0.202111181127/tools/bin/../lib/gcc/arm-none-eabi/10.3.1/../../../../arm-none-eabi/lib/thumb/v7e-m+fp/hard/libc_nano.a(lib_a-memset.o)
 .debug_frame   0x00000000000034b8       0x2c /opt/st/stm32cubeide_1.10.1/plugins/com.st.stm32cube.ide.mcu.externaltools.gnu-tools-for-stm32.10.3-2021.10.linux64_1.0.0.202111181127/tools/bin/../lib/gcc/arm-none-eabi/10.3.1/thumb/v7e-m+fp/hard/libgcc.a(_aeabi_uldivmod.o)
 .debug_frame   0x00000000000034e4       0x34 /opt/st/stm32cubeide_1.10.1/plugins/com.st.stm32cube.ide.mcu.externaltools.gnu-tools-for-stm32.10.3-2021.10.linux64_1.0.0.202111181127/tools/bin/../lib/gcc/arm-none-eabi/10.3.1/thumb/v7e-m+fp/hard/libgcc.a(_udivmoddi4.o)
