13:10:13 **** Incremental Build of configuration Debug for project DIGIT_REC ****
make -j8 all 
arm-none-eabi-gcc "../Core/Src/main.c" -mcpu=cortex-m4 -std=gnu11 -g3 -DDEBUG -DUSE_HAL_DRIVER -DSTM32F411xE -c -I../Core/Inc -I../Drivers/STM32F4xx_HAL_Driver/Inc -I../Drivers/STM32F4xx_HAL_Driver/Inc/Legacy -I../Drivers/CMSIS/Device/ST/STM32F4xx/Include -I../Drivers/CMSIS/Include -I../GUI/Inc -I../LCD/Inc -O0 -ffunction-sections -fdata-sections -Wall -fstack-usage -MMD -MP -MF"Core/Src/main.d" -MT"Core/Src/main.o" --specs=nano.specs -mfpu=fpv4-sp-d16 -mfloat-abi=hard -mthumb -o "Core/Src/main.o"
arm-none-eabi-gcc -o "DIGIT_REC.elf" @"objects.list"   -mcpu=cortex-m4 -T"/home/dawid/Desktop/Programing and other/GITHUB/Digit-Recognition-on-STM32/DIGIT_REC/STM32F411CEUX_FLASH.ld" --specs=nosys.specs -Wl,-Map="DIGIT_REC.map" -Wl,--gc-sections -static --specs=nano.specs -mfpu=fpv4-sp-d16 -mfloat-abi=hard -mthumb -Wl,--start-group -lc -lm -Wl,--end-group
Finished building target: DIGIT_REC.elf
 
arm-none-eabi-size   DIGIT_REC.elf 
arm-none-eabi-objdump -h -S  DIGIT_REC.elf  > "DIGIT_REC.list"
   text	   data	    bss	    dec	    hex	filename
  16976	     24	   2800	  19800	   4d58	DIGIT_REC.elf
Finished building: default.size.stdout
 
Finished building: DIGIT_REC.list
 

13:10:14 Build Finished. 0 errors, 0 warnings. (took 424ms)

